
===========================================================================
report_checks -unconstrained
===========================================================================
======================= nom_ff_n40C_1v95 Corner ===================================

Startpoint: _4020_ (rising edge-triggered flip-flop clocked by clk)
Endpoint: _3685_ (recovery check against rising-edge clock clk)
Path Group: asynchronous
Path Type: max

Fanout         Cap        Slew       Delay        Time   Description
---------------------------------------------------------------------------------------------
                                  0.000000    0.000000   clock clk (rise edge)
                                  0.000000    0.000000   clock source latency
     2    0.186797    1.190000    0.000000    0.000000 ^ gpio_in[38] (in)
                                                         gpio_in[38] (net)
                      1.416321    0.118819    0.118819 ^ clkbuf_0_gpio_in[38]/A (sky130_fd_sc_hd__clkbuf_16)
     5    0.284069    0.234645    0.260541    0.379359 ^ clkbuf_0_gpio_in[38]/X (sky130_fd_sc_hd__clkbuf_16)
                                                         clknet_0_gpio_in[38] (net)
                      0.235214    0.010116    0.389475 ^ clkbuf_1_0_0_gpio_in[38]/A (sky130_fd_sc_hd__clkbuf_8)
     3    0.023458    0.046165    0.138820    0.528295 ^ clkbuf_1_0_0_gpio_in[38]/X (sky130_fd_sc_hd__clkbuf_8)
                                                         clknet_1_0_0_gpio_in[38] (net)
                      0.046392    0.002645    0.530940 ^ clkbuf_1_0_1_gpio_in[38]/A (sky130_fd_sc_hd__clkbuf_8)
     5    0.078433    0.109893    0.142195    0.673135 ^ clkbuf_1_0_1_gpio_in[38]/X (sky130_fd_sc_hd__clkbuf_8)
                                                         clknet_1_0_1_gpio_in[38] (net)
                      0.114806    0.019043    0.692177 ^ clkbuf_2_1_0_gpio_in[38]/A (sky130_fd_sc_hd__clkbuf_8)
     5    0.068462    0.097661    0.153614    0.845791 ^ clkbuf_2_1_0_gpio_in[38]/X (sky130_fd_sc_hd__clkbuf_8)
                                                         clknet_2_1_0_gpio_in[38] (net)
                      0.102145    0.017126    0.862917 ^ clkbuf_3_2_0_gpio_in[38]/A (sky130_fd_sc_hd__clkbuf_8)
    31    0.369274    0.458662    0.320740    1.183657 ^ clkbuf_3_2_0_gpio_in[38]/X (sky130_fd_sc_hd__clkbuf_8)
                                                         clknet_3_2_0_gpio_in[38] (net)
                      0.461637    0.036125    1.219782 ^ clkbuf_leaf_61_gpio_in[38]/A (sky130_fd_sc_hd__clkbuf_8)
     7    0.057436    0.089057    0.187004    1.406786 ^ clkbuf_leaf_61_gpio_in[38]/X (sky130_fd_sc_hd__clkbuf_8)
                                                         clknet_leaf_61_gpio_in[38] (net)
                      0.089077    0.001384    1.408170 ^ _4020_/CLK (sky130_fd_sc_hd__dfrtp_4)
     3    0.023260    0.067989    0.308824    1.716993 ^ _4020_/Q (sky130_fd_sc_hd__dfrtp_4)
                                                         u_chip_core.fabric_spi_controller.rst_ni (net)
                      0.068083    0.002354    1.719347 ^ hold1389/A (sky130_fd_sc_hd__dlygate4sd3_1)
     3    0.023641    0.184423    0.511202    2.230549 ^ hold1389/X (sky130_fd_sc_hd__dlygate4sd3_1)
                                                         net2844 (net)
                      0.184449    0.002387    2.232936 ^ hold1331/A (sky130_fd_sc_hd__clkbuf_4)
     3    0.052149    0.123614    0.194435    2.427371 ^ hold1331/X (sky130_fd_sc_hd__clkbuf_4)
                                                         net2786 (net)
                      0.125092    0.011330    2.438702 ^ wire1315/A (sky130_fd_sc_hd__buf_12)
     5    0.082403    0.078117    0.113112    2.551814 ^ wire1315/X (sky130_fd_sc_hd__buf_12)
                                                         net1315 (net)
                      0.087702    0.021981    2.573795 ^ wire1314/A (sky130_fd_sc_hd__clkbuf_16)
     5    0.344848    0.170658    0.152988    2.726783 ^ wire1314/X (sky130_fd_sc_hd__clkbuf_16)
                                                         net1314 (net)
                      0.632440    0.320834    3.047618 ^ _1490_/C_N (sky130_fd_sc_hd__nor3b_1)
     1    0.003057    0.116327    0.126611    3.174228 ^ _1490_/Y (sky130_fd_sc_hd__nor3b_1)
                                                         u_chip_core.fabric_config_large.rst_ni (net)
                      0.116327    0.000098    3.174327 ^ hold1168/A (sky130_fd_sc_hd__dlygate4sd3_1)
     1    0.004721    0.050243    0.416650    3.590977 ^ hold1168/X (sky130_fd_sc_hd__dlygate4sd3_1)
                                                         net2623 (net)
                      0.050243    0.000180    3.591156 ^ hold1155/A (sky130_fd_sc_hd__dlygate4sd3_1)
     1    0.004115    0.046329    0.402037    3.993194 ^ hold1155/X (sky130_fd_sc_hd__dlygate4sd3_1)
                                                         net2610 (net)
                      0.046329    0.000147    3.993341 ^ wire1286/A (sky130_fd_sc_hd__dlymetal6s2s_1)
     1    0.005367    0.062062    0.085608    4.078950 ^ wire1286/X (sky130_fd_sc_hd__dlymetal6s2s_1)
                                                         net1286 (net)
                      0.062062    0.000235    4.079185 ^ hold1156/A (sky130_fd_sc_hd__dlygate4sd3_1)
     1    0.004381    0.048058    0.405687    4.484873 ^ hold1156/X (sky130_fd_sc_hd__dlygate4sd3_1)
                                                         net2611 (net)
                      0.048058    0.000167    4.485039 ^ wire1285/A (sky130_fd_sc_hd__clkbuf_2)
     2    0.016734    0.074318    0.108104    4.593143 ^ wire1285/X (sky130_fd_sc_hd__clkbuf_2)
                                                         net1285 (net)
                      0.074354    0.000708    4.593852 ^ fanout1261/A (sky130_fd_sc_hd__buf_12)
    11    0.172943    0.152561    0.160064    4.753915 ^ fanout1261/X (sky130_fd_sc_hd__buf_12)
                                                         net1261 (net)
                      0.161741    0.030720    4.784635 ^ fanout1258/A (sky130_fd_sc_hd__buf_12)
    11    0.406175    0.243177    0.151587    4.936222 ^ fanout1258/X (sky130_fd_sc_hd__buf_12)
                                                         net1258 (net)
                      0.731680    0.366449    5.302671 ^ fanout1257/A (sky130_fd_sc_hd__buf_8)
    11    0.109864    0.141367    0.135229    5.437900 ^ fanout1257/X (sky130_fd_sc_hd__buf_8)
                                                         net1257 (net)
                      0.148400    0.025623    5.463523 ^ fanout1256/A (sky130_fd_sc_hd__buf_8)
    20    0.184790    0.223778    0.191470    5.654993 ^ fanout1256/X (sky130_fd_sc_hd__buf_8)
                                                         net1256 (net)
                      0.223800    0.002164    5.657156 ^ fanout1254/A (sky130_fd_sc_hd__clkbuf_2)
     5    0.032115    0.137232    0.179698    5.836855 ^ fanout1254/X (sky130_fd_sc_hd__clkbuf_2)
                                                         net1254 (net)
                      0.137236    0.000662    5.837517 ^ fanout1252/A (sky130_fd_sc_hd__clkbuf_4)
    10    0.058947    0.137120    0.200663    6.038180 ^ fanout1252/X (sky130_fd_sc_hd__clkbuf_4)
                                                         net1252 (net)
                      0.137243    0.002767    6.040947 ^ _3685_/RESET_B (sky130_fd_sc_hd__dfrtp_4)
                                              6.040947   data arrival time

                                 40.000000   40.000000   clock clk (rise edge)
                                  0.000000   40.000000   clock source latency
     2    0.186797    1.000000    0.000000   40.000000 ^ gpio_in[38] (in)
                                                         gpio_in[38] (net)
                      1.226321    0.107502   40.107502 ^ clkbuf_0_gpio_in[38]/A (sky130_fd_sc_hd__clkbuf_16)
     5    0.284069    0.233000    0.239417   40.346920 ^ clkbuf_0_gpio_in[38]/X (sky130_fd_sc_hd__clkbuf_16)
                                                         clknet_0_gpio_in[38] (net)
                      0.233561    0.009152   40.356071 ^ clkbuf_1_0_0_gpio_in[38]/A (sky130_fd_sc_hd__clkbuf_8)
     3    0.023458    0.046116    0.125372   40.481441 ^ clkbuf_1_0_0_gpio_in[38]/X (sky130_fd_sc_hd__clkbuf_8)
                                                         clknet_1_0_0_gpio_in[38] (net)
                      0.046343    0.002395   40.483837 ^ clkbuf_1_0_1_gpio_in[38]/A (sky130_fd_sc_hd__clkbuf_8)
     5    0.078433    0.109892    0.128637   40.612476 ^ clkbuf_1_0_1_gpio_in[38]/X (sky130_fd_sc_hd__clkbuf_8)
                                                         clknet_1_0_1_gpio_in[38] (net)
                      0.114726    0.017096   40.629570 ^ clkbuf_2_0_0_gpio_in[38]/A (sky130_fd_sc_hd__clkbuf_8)
     5    0.099918    0.135226    0.169969   40.799538 ^ clkbuf_2_0_0_gpio_in[38]/X (sky130_fd_sc_hd__clkbuf_8)
                                                         clknet_2_0_0_gpio_in[38] (net)
                      0.136239    0.008932   40.808472 ^ clkbuf_3_0_0_gpio_in[38]/A (sky130_fd_sc_hd__clkbuf_8)
    19    0.189346    0.248489    0.240405   41.048874 ^ clkbuf_3_0_0_gpio_in[38]/X (sky130_fd_sc_hd__clkbuf_8)
                                                         clknet_3_0_0_gpio_in[38] (net)
                      0.249496    0.012424   41.061298 ^ clkbuf_leaf_65_gpio_in[38]/A (sky130_fd_sc_hd__clkbuf_8)
    11    0.060854    0.089106    0.160018   41.221317 ^ clkbuf_leaf_65_gpio_in[38]/X (sky130_fd_sc_hd__clkbuf_8)
                                                         clknet_leaf_65_gpio_in[38] (net)
                      0.089113    0.000838   41.222157 ^ _3685_/CLK (sky130_fd_sc_hd__dfrtp_4)
                                 -0.100000   41.122158   clock uncertainty
                                  0.060660   41.182816   clock reconvergence pessimism
                                  0.106790   41.289608   library recovery time
                                             41.289608   data required time
---------------------------------------------------------------------------------------------
                                             41.289608   data required time
                                             -6.040947   data arrival time
---------------------------------------------------------------------------------------------
                                             35.248661   slack (MET)


Startpoint: _4020_ (rising edge-triggered flip-flop clocked by clk)
Endpoint: _3650_ (rising edge-triggered flip-flop clocked by clk)
Path Group: clk
Path Type: max

Fanout         Cap        Slew       Delay        Time   Description
---------------------------------------------------------------------------------------------
                                  0.000000    0.000000   clock clk (rise edge)
                                  0.000000    0.000000   clock source latency
     2    0.186797    1.190000    0.000000    0.000000 ^ gpio_in[38] (in)
                                                         gpio_in[38] (net)
                      1.416321    0.118819    0.118819 ^ clkbuf_0_gpio_in[38]/A (sky130_fd_sc_hd__clkbuf_16)
     5    0.284069    0.234645    0.260541    0.379359 ^ clkbuf_0_gpio_in[38]/X (sky130_fd_sc_hd__clkbuf_16)
                                                         clknet_0_gpio_in[38] (net)
                      0.235214    0.010116    0.389475 ^ clkbuf_1_0_0_gpio_in[38]/A (sky130_fd_sc_hd__clkbuf_8)
     3    0.023458    0.046165    0.138820    0.528295 ^ clkbuf_1_0_0_gpio_in[38]/X (sky130_fd_sc_hd__clkbuf_8)
                                                         clknet_1_0_0_gpio_in[38] (net)
                      0.046392    0.002645    0.530940 ^ clkbuf_1_0_1_gpio_in[38]/A (sky130_fd_sc_hd__clkbuf_8)
     5    0.078433    0.109893    0.142195    0.673135 ^ clkbuf_1_0_1_gpio_in[38]/X (sky130_fd_sc_hd__clkbuf_8)
                                                         clknet_1_0_1_gpio_in[38] (net)
                      0.114806    0.019043    0.692177 ^ clkbuf_2_1_0_gpio_in[38]/A (sky130_fd_sc_hd__clkbuf_8)
     5    0.068462    0.097661    0.153614    0.845791 ^ clkbuf_2_1_0_gpio_in[38]/X (sky130_fd_sc_hd__clkbuf_8)
                                                         clknet_2_1_0_gpio_in[38] (net)
                      0.102145    0.017126    0.862917 ^ clkbuf_3_2_0_gpio_in[38]/A (sky130_fd_sc_hd__clkbuf_8)
    31    0.369274    0.458662    0.320740    1.183657 ^ clkbuf_3_2_0_gpio_in[38]/X (sky130_fd_sc_hd__clkbuf_8)
                                                         clknet_3_2_0_gpio_in[38] (net)
                      0.461637    0.036125    1.219782 ^ clkbuf_leaf_61_gpio_in[38]/A (sky130_fd_sc_hd__clkbuf_8)
     7    0.057436    0.089057    0.187004    1.406786 ^ clkbuf_leaf_61_gpio_in[38]/X (sky130_fd_sc_hd__clkbuf_8)
                                                         clknet_leaf_61_gpio_in[38] (net)
                      0.089077    0.001384    1.408170 ^ _4020_/CLK (sky130_fd_sc_hd__dfrtp_4)
     3    0.023260    0.067989    0.308824    1.716993 ^ _4020_/Q (sky130_fd_sc_hd__dfrtp_4)
                                                         u_chip_core.fabric_spi_controller.rst_ni (net)
                      0.068083    0.002354    1.719347 ^ hold1389/A (sky130_fd_sc_hd__dlygate4sd3_1)
     3    0.023641    0.184423    0.511202    2.230549 ^ hold1389/X (sky130_fd_sc_hd__dlygate4sd3_1)
                                                         net2844 (net)
                      0.184449    0.002387    2.232936 ^ hold1331/A (sky130_fd_sc_hd__clkbuf_4)
     3    0.052149    0.123614    0.194435    2.427371 ^ hold1331/X (sky130_fd_sc_hd__clkbuf_4)
                                                         net2786 (net)
                      0.125092    0.011330    2.438702 ^ wire1315/A (sky130_fd_sc_hd__buf_12)
     5    0.082403    0.078117    0.113112    2.551814 ^ wire1315/X (sky130_fd_sc_hd__buf_12)
                                                         net1315 (net)
                      0.079122    0.007381    2.559195 ^ hold1332/A (sky130_fd_sc_hd__dlygate4sd3_1)
     1    0.013578    0.111687    0.459472    3.018667 ^ hold1332/X (sky130_fd_sc_hd__dlygate4sd3_1)
                                                         net2787 (net)
                      0.111694    0.001078    3.019745 ^ fanout1313/A (sky130_fd_sc_hd__clkbuf_8)
    11    0.103360    0.139549    0.176267    3.196012 ^ fanout1313/X (sky130_fd_sc_hd__clkbuf_8)
                                                         net1313 (net)
                      0.139604    0.002650    3.198663 ^ hold1333/A (sky130_fd_sc_hd__clkbuf_4)
     7    0.062277    0.145257    0.201202    3.399865 ^ hold1333/X (sky130_fd_sc_hd__clkbuf_4)
                                                         net2788 (net)
                      0.145261    0.000637    3.400502 ^ fanout1311/A (sky130_fd_sc_hd__buf_2)
     7    0.026951    0.102348    0.151073    3.551575 ^ fanout1311/X (sky130_fd_sc_hd__buf_2)
                                                         net1311 (net)
                      0.102351    0.000473    3.552048 ^ fanout1307/A (sky130_fd_sc_hd__buf_4)
    21    0.085878    0.179634    0.200959    3.753008 ^ fanout1307/X (sky130_fd_sc_hd__buf_4)
                                                         net1307 (net)
                      0.179643    0.001076    3.754083 ^ _1597_/A (sky130_fd_sc_hd__nand2_8)
    11    0.159930    0.164243    0.148633    3.902716 v _1597_/Y (sky130_fd_sc_hd__nand2_8)
                                                         _0873_ (net)
                      0.166899    0.017240    3.919956 v _1599_/A (sky130_fd_sc_hd__or2_4)
    11    0.303843    0.245512    0.325140    4.245096 v _1599_/X (sky130_fd_sc_hd__or2_4)
                                                         _0875_ (net)
                      0.452815    0.200932    4.446029 v _1604_/A (sky130_fd_sc_hd__nor2_8)
     3    0.169822    0.465591    0.493805    4.939834 ^ _1604_/Y (sky130_fd_sc_hd__nor2_8)
                                                         _0000_ (net)
                      0.475543    0.057002    4.996836 ^ hold1624/A (sky130_fd_sc_hd__buf_4)
     3    0.075945    0.161608    0.199095    5.195931 ^ hold1624/X (sky130_fd_sc_hd__buf_4)
                                                         net3079 (net)
                      0.164586    0.018356    5.214287 ^ fanout752/A (sky130_fd_sc_hd__buf_12)
    11    0.667161    0.189157    0.176201    5.390488 ^ fanout752/X (sky130_fd_sc_hd__buf_12)
                                                         net752 (net)
                      1.878717    0.985669    6.376157 ^ fanout751/A (sky130_fd_sc_hd__clkbuf_4)
     7    0.040962    0.128274    0.217766    6.593923 ^ fanout751/X (sky130_fd_sc_hd__clkbuf_4)
                                                         net751 (net)
                      0.128283    0.001258    6.595181 ^ fanout750/A (sky130_fd_sc_hd__clkbuf_4)
    10    0.056772    0.132398    0.195432    6.790613 ^ fanout750/X (sky130_fd_sc_hd__clkbuf_4)
                                                         net750 (net)
                      0.132508    0.002446    6.793059 ^ _2494_/S (sky130_fd_sc_hd__mux2_1)
     1    0.009332    0.093887    0.232812    7.025870 v _2494_/X (sky130_fd_sc_hd__mux2_1)
                                                         _0448_ (net)
                      0.093887    0.000628    7.026499 v hold1540/A (sky130_fd_sc_hd__dlygate4sd3_1)
     1    0.007606    0.054741    0.427704    7.454203 v hold1540/X (sky130_fd_sc_hd__dlygate4sd3_1)
                                                         net2995 (net)
                      0.054741    0.000338    7.454540 v _3650_/D (sky130_fd_sc_hd__dfxtp_1)
                                              7.454540   data arrival time

                                 40.000000   40.000000   clock clk (rise edge)
                                  0.000000   40.000000   clock source latency
     2    0.186797    1.000000    0.000000   40.000000 ^ gpio_in[38] (in)
                                                         gpio_in[38] (net)
                      1.226321    0.107502   40.107502 ^ clkbuf_0_gpio_in[38]/A (sky130_fd_sc_hd__clkbuf_16)
     5    0.284069    0.233000    0.239417   40.346920 ^ clkbuf_0_gpio_in[38]/X (sky130_fd_sc_hd__clkbuf_16)
                                                         clknet_0_gpio_in[38] (net)
                      0.265029    0.063395   40.410313 ^ clkbuf_1_1_0_gpio_in[38]/A (sky130_fd_sc_hd__clkbuf_8)
     3    0.084865    0.119997    0.172690   40.583004 ^ clkbuf_1_1_0_gpio_in[38]/X (sky130_fd_sc_hd__clkbuf_8)
                                                         clknet_1_1_0_gpio_in[38] (net)
                      0.126639    0.020890   40.603893 ^ clkbuf_1_1_1_gpio_in[38]/A (sky130_fd_sc_hd__clkbuf_8)
     5    0.093495    0.128008    0.157929   40.761822 ^ clkbuf_1_1_1_gpio_in[38]/X (sky130_fd_sc_hd__clkbuf_8)
                                                         clknet_1_1_1_gpio_in[38] (net)
                      0.135634    0.023043   40.784866 ^ clkbuf_2_2_0_gpio_in[38]/A (sky130_fd_sc_hd__clkbuf_8)
     5    0.068577    0.098237    0.143469   40.928337 ^ clkbuf_2_2_0_gpio_in[38]/X (sky130_fd_sc_hd__clkbuf_8)
                                                         clknet_2_2_0_gpio_in[38] (net)
                      0.102254    0.014762   40.943096 ^ clkbuf_3_5_0_gpio_in[38]/A (sky130_fd_sc_hd__clkbuf_8)
    21    0.283231    0.344205    0.195957   41.139053 ^ clkbuf_3_5_0_gpio_in[38]/X (sky130_fd_sc_hd__clkbuf_8)
                                                         clknet_3_5_0_gpio_in[38] (net)
                      0.525706    0.198195   41.337250 ^ clkbuf_leaf_31_gpio_in[38]/A (sky130_fd_sc_hd__clkbuf_8)
    41    0.093765    0.130003    0.203254   41.540504 ^ clkbuf_leaf_31_gpio_in[38]/X (sky130_fd_sc_hd__clkbuf_8)
                                                         clknet_leaf_31_gpio_in[38] (net)
                      0.130143    0.002611   41.543114 ^ _3650_/CLK (sky130_fd_sc_hd__dfxtp_1)
                                 -0.100000   41.443115   clock uncertainty
                                  0.032440   41.475555   clock reconvergence pessimism
                                 -0.068646   41.406910   library setup time
                                             41.406910   data required time
---------------------------------------------------------------------------------------------
                                             41.406910   data required time
                                             -7.454540   data arrival time
---------------------------------------------------------------------------------------------
                                             33.952370   slack (MET)




===========================================================================
report_checks --slack_max -0.01
============================================================================
======================= nom_ff_n40C_1v95 Corner ===================================

No paths found.


===========================================================================
 report_check_types -max_slew -max_cap -max_fanout -violators
============================================================================
======================= nom_ff_n40C_1v95 Corner ===================================

max slew

Pin                                        Limit        Slew       Slack
------------------------------------------------------------------------
wire938/A                               1.500000   12.200953  -10.700953 (VIOLATED)
ANTENNA_322/DIODE                       1.500000   12.200909  -10.700908 (VIOLATED)
ANTENNA_wire938_A/DIODE                 1.500000   12.200907  -10.700906 (VIOLATED)
ANTENNA_321/DIODE                       1.500000   12.200850  -10.700850 (VIOLATED)
wire929/A                               1.500000   11.373264   -9.873264 (VIOLATED)
ANTENNA_wire929_A/DIODE                 1.500000   11.373223   -9.873223 (VIOLATED)
wire1037/A                              1.500000    7.668071   -6.168071 (VIOLATED)
ANTENNA_wire1037_A/DIODE                1.500000    7.667977   -6.167976 (VIOLATED)
wire1408/A                              1.500000    5.326059   -3.826060 (VIOLATED)
ANTENNA_wire1408_A/DIODE                1.500000    5.325749   -3.825750 (VIOLATED)
_1504_/A                                1.500000    5.008476   -3.508476 (VIOLATED)
ANTENNA__1504__A/DIODE                  1.500000    5.008435   -3.508435 (VIOLATED)
wire1035/A                              1.500000    4.808558   -3.308558 (VIOLATED)
ANTENNA_wire1035_A/DIODE                1.500000    4.808453   -3.308453 (VIOLATED)
wire1038/A                              1.500000    4.548178   -3.048178 (VIOLATED)
ANTENNA_4/DIODE                         1.500000    4.548049   -3.048050 (VIOLATED)
ANTENNA_5/DIODE                         1.500000    4.548052   -3.048052 (VIOLATED)
ANTENNA_wire1038_A/DIODE                1.500000    4.548051   -3.048051 (VIOLATED)
ANTENNA_2/DIODE                         1.500000    4.547791   -3.047791 (VIOLATED)
ANTENNA_3/DIODE                         1.500000    4.547771   -3.047772 (VIOLATED)
load_slew1433/A                         1.500000    4.482244   -2.982244 (VIOLATED)
ANTENNA_load_slew1433_A/DIODE           1.500000    4.482201   -2.982201 (VIOLATED)
_1485_/A                                1.500000    4.303928   -2.803929 (VIOLATED)
ANTENNA__1485__A/DIODE                  1.500000    4.303914   -2.803914 (VIOLATED)
_1509_/A                                1.500000    4.176401   -2.676401 (VIOLATED)
ANTENNA__1509__A/DIODE                  1.500000    4.175963   -2.675963 (VIOLATED)
_1510_/A                                1.500000    3.785992   -2.285992 (VIOLATED)
ANTENNA__1510__A/DIODE                  1.500000    3.785973   -2.285973 (VIOLATED)
_1503_/A                                1.500000    2.889472   -1.389472 (VIOLATED)
ANTENNA__1503__A/DIODE                  1.500000    2.889436   -1.389436 (VIOLATED)
_1506_/A                                1.500000    2.733003   -1.233003 (VIOLATED)
ANTENNA__1506__A/DIODE                  1.500000    2.732987   -1.232987 (VIOLATED)
wire1430/A                              1.500000    2.695556   -1.195556 (VIOLATED)
ANTENNA_wire1430_A/DIODE                1.500000    2.695486   -1.195486 (VIOLATED)
_1505_/A                                1.500000    2.637111   -1.137111 (VIOLATED)
ANTENNA__1505__A/DIODE                  1.500000    2.637077   -1.137077 (VIOLATED)
ANTENNA__2503__A1/DIODE                 1.500000    2.444200   -0.944200 (VIOLATED)
_2503_/A1                               1.500000    2.444181   -0.944181 (VIOLATED)
_2502_/A1                               1.500000    2.407334   -0.907334 (VIOLATED)
ANTENNA__2502__A1/DIODE                 1.500000    2.407282   -0.907282 (VIOLATED)
wire947/A                               1.500000    2.390603   -0.890603 (VIOLATED)
ANTENNA_197/DIODE                       1.500000    2.390591   -0.890591 (VIOLATED)
ANTENNA_wire947_A/DIODE                 1.500000    2.390583   -0.890583 (VIOLATED)
ANTENNA_198/DIODE                       1.500000    2.390579   -0.890579 (VIOLATED)
ANTENNA_199/DIODE                       1.500000    2.390574   -0.890574 (VIOLATED)
ANTENNA_200/DIODE                       1.500000    2.390568   -0.890568 (VIOLATED)
ANTENNA_201/DIODE                       1.500000    2.390562   -0.890562 (VIOLATED)
ANTENNA_202/DIODE                       1.500000    2.390554   -0.890554 (VIOLATED)
wire1028/A                              1.500000    2.294341   -0.794341 (VIOLATED)
ANTENNA_wire1028_A/DIODE                1.500000    2.294201   -0.794201 (VIOLATED)
_2482_/A1                               1.500000    2.080522   -0.580522 (VIOLATED)
ANTENNA__2482__A1/DIODE                 1.500000    2.080516   -0.580516 (VIOLATED)
ANTENNA_wire948_X/DIODE                 1.500000    2.057694   -0.557694 (VIOLATED)
wire948/X                               1.500000    2.057680   -0.557680 (VIOLATED)
ANTENNA__2476__A1/DIODE                 1.500000    2.012382   -0.512382 (VIOLATED)
_2476_/A1                               1.500000    2.012368   -0.512368 (VIOLATED)
ANTENNA__2504__A1/DIODE                 1.500000    1.969636   -0.469636 (VIOLATED)
_2504_/A1                               1.500000    1.969632   -0.469632 (VIOLATED)
_2479_/A1                               1.500000    1.938323   -0.438324 (VIOLATED)
ANTENNA__2479__A1/DIODE                 1.500000    1.938272   -0.438272 (VIOLATED)
ANTENNA__1535__X/DIODE                  1.500000    1.890540   -0.390540 (VIOLATED)
_1535_/X                                1.500000    1.890404   -0.390404 (VIOLATED)
_2487_/A1                               1.500000    1.889276   -0.389276 (VIOLATED)
ANTENNA__2487__A1/DIODE                 1.500000    1.889265   -0.389265 (VIOLATED)
_2480_/A1                               1.500000    1.888854   -0.388854 (VIOLATED)
ANTENNA__2480__A1/DIODE                 1.500000    1.888820   -0.388820 (VIOLATED)
ANTENNA_fanout1129_A/DIODE              1.500000    1.881073   -0.381073 (VIOLATED)
fanout751/A                             1.500000    1.878717   -0.378717 (VIOLATED)
ANTENNA_fanout751_A/DIODE               1.500000    1.878691   -0.378691 (VIOLATED)
_2488_/S                                1.500000    1.878312   -0.378312 (VIOLATED)
ANTENNA__2488__S/DIODE                  1.500000    1.878041   -0.378041 (VIOLATED)
ANTENNA__2487__S/DIODE                  1.500000    1.877663   -0.377663 (VIOLATED)
_2487_/S                                1.500000    1.877324   -0.377324 (VIOLATED)
fanout749/A                             1.500000    1.876609   -0.376609 (VIOLATED)
ANTENNA_fanout749_A/DIODE               1.500000    1.876537   -0.376537 (VIOLATED)
fanout1129/A                            1.500000    1.867233   -0.367233 (VIOLATED)
ANTENNA__2505__A1/DIODE                 1.500000    1.863386   -0.363386 (VIOLATED)
_2505_/A1                               1.500000    1.863379   -0.363379 (VIOLATED)
wire1062/A                              1.500000    1.862064   -0.362064 (VIOLATED)
ANTENNA_wire1062_A/DIODE                1.500000    1.861776   -0.361776 (VIOLATED)
ANTENNA__2492__A1/DIODE                 1.500000    1.855486   -0.355486 (VIOLATED)
_2492_/A1                               1.500000    1.855432   -0.355432 (VIOLATED)
_2485_/A1                               1.500000    1.813538   -0.313538 (VIOLATED)
ANTENNA__2485__A1/DIODE                 1.500000    1.813529   -0.313529 (VIOLATED)
_2481_/A1                               1.500000    1.806464   -0.306464 (VIOLATED)
ANTENNA__2481__A1/DIODE                 1.500000    1.806411   -0.306411 (VIOLATED)
ANTENNA_fanout1123_A/DIODE              1.500000    1.763931   -0.263931 (VIOLATED)
fanout1123/A                            1.500000    1.760822   -0.260822 (VIOLATED)
wire1421/A                              1.500000    1.749325   -0.249325 (VIOLATED)
ANTENNA_146/DIODE                       1.500000    1.749242   -0.249242 (VIOLATED)
ANTENNA_wire1421_A/DIODE                1.500000    1.749240   -0.249240 (VIOLATED)
ANTENNA_147/DIODE                       1.500000    1.749239   -0.249239 (VIOLATED)
ANTENNA_145/DIODE                       1.500000    1.749207   -0.249207 (VIOLATED)
ANTENNA_144/DIODE                       1.500000    1.749204   -0.249204 (VIOLATED)
_2478_/A1                               1.500000    1.744912   -0.244912 (VIOLATED)
ANTENNA__2478__A1/DIODE                 1.500000    1.744895   -0.244895 (VIOLATED)
ANTENNA__2477__A1/DIODE                 1.500000    1.743457   -0.243457 (VIOLATED)
_2477_/A1                               1.500000    1.743448   -0.243449 (VIOLATED)
fanout1231/A                            1.500000    1.735169   -0.235169 (VIOLATED)
ANTENNA_fanout1231_A/DIODE              1.500000    1.734817   -0.234817 (VIOLATED)
_2483_/A1                               1.500000    1.711205   -0.211205 (VIOLATED)
ANTENNA__2483__A1/DIODE                 1.500000    1.711159   -0.211159 (VIOLATED)
fanout1126/A                            1.500000    1.695796   -0.195796 (VIOLATED)
ANTENNA_fanout1126_A/DIODE              1.500000    1.695207   -0.195207 (VIOLATED)
_2494_/A1                               1.500000    1.686182   -0.186182 (VIOLATED)
ANTENNA__2494__A1/DIODE                 1.500000    1.686123   -0.186123 (VIOLATED)
_2495_/A1                               1.500000    1.666204   -0.166204 (VIOLATED)
ANTENNA__2495__A1/DIODE                 1.500000    1.666148   -0.166148 (VIOLATED)
wire828/A                               1.500000    1.576226   -0.076226 (VIOLATED)
ANTENNA_wire828_A/DIODE                 1.500000    1.576135   -0.076135 (VIOLATED)
fanout1122/A                            1.500000    1.560920   -0.060920 (VIOLATED)
ANTENNA_fanout1122_A/DIODE              1.500000    1.560609   -0.060609 (VIOLATED)
_1501_/A                                1.500000    1.547011   -0.047012 (VIOLATED)
ANTENNA__1501__A/DIODE                  1.500000    1.547002   -0.047002 (VIOLATED)
fanout1207/A                            1.500000    1.543978   -0.043978 (VIOLATED)
ANTENNA_fanout1207_A/DIODE              1.500000    1.543878   -0.043878 (VIOLATED)
wire928/A                               1.500000    1.526558   -0.026558 (VIOLATED)
ANTENNA_wire928_A/DIODE                 1.500000    1.526343   -0.026343 (VIOLATED)

max fanout

Pin                                   Limit Fanout  Slack
---------------------------------------------------------
clkbuf_leaf_10_gpio_in[38]/X             20     49    -29 (VIOLATED)
clkbuf_leaf_11_gpio_in[38]/X             20     49    -29 (VIOLATED)
clkbuf_leaf_17_gpio_in[38]/X             20     47    -27 (VIOLATED)
clkbuf_leaf_22_gpio_in[38]/X             20     47    -27 (VIOLATED)
clkbuf_leaf_35_gpio_in[38]/X             20     47    -27 (VIOLATED)
clkbuf_leaf_3_gpio_in[38]/X              20     45    -25 (VIOLATED)
clkbuf_leaf_15_gpio_in[38]/X             20     43    -23 (VIOLATED)
clkbuf_leaf_25_gpio_in[38]/X             20     43    -23 (VIOLATED)
clkbuf_leaf_27_gpio_in[38]/X             20     43    -23 (VIOLATED)
clkbuf_leaf_2_gpio_in[38]/X              20     43    -23 (VIOLATED)
clkbuf_leaf_32_gpio_in[38]/X             20     43    -23 (VIOLATED)
clkbuf_leaf_16_gpio_in[38]/X             20     41    -21 (VIOLATED)
clkbuf_leaf_21_gpio_in[38]/X             20     41    -21 (VIOLATED)
clkbuf_leaf_31_gpio_in[38]/X             20     41    -21 (VIOLATED)
clkbuf_leaf_41_gpio_in[38]/X             20     41    -21 (VIOLATED)
clkbuf_leaf_53_gpio_in[38]/X             20     41    -21 (VIOLATED)
clkbuf_leaf_1_gpio_in[38]/X              20     39    -19 (VIOLATED)
clkbuf_leaf_12_gpio_in[38]/X             20     37    -17 (VIOLATED)
clkbuf_leaf_49_gpio_in[38]/X             20     37    -17 (VIOLATED)
clkbuf_leaf_52_gpio_in[38]/X             20     37    -17 (VIOLATED)
clkbuf_leaf_9_gpio_in[38]/X              20     37    -17 (VIOLATED)
clkbuf_leaf_13_gpio_in[38]/X             20     35    -15 (VIOLATED)
clkbuf_leaf_57_gpio_in[38]/X             20     35    -15 (VIOLATED)
clkbuf_leaf_50_gpio_in[38]/X             20     33    -13 (VIOLATED)
clkbuf_leaf_59_gpio_in[38]/X             20     33    -13 (VIOLATED)
fanout1194/X                             20     32    -12 (VIOLATED)
clkbuf_3_2_0_gpio_in[38]/X               20     31    -11 (VIOLATED)
clkbuf_leaf_19_gpio_in[38]/X             20     31    -11 (VIOLATED)
clkbuf_leaf_23_gpio_in[38]/X             20     31    -11 (VIOLATED)
max_cap807/X                             20     31    -11 (VIOLATED)
clkbuf_leaf_34_gpio_in[38]/X             20     29     -9 (VIOLATED)
clkbuf_leaf_58_gpio_in[38]/X             20     29     -9 (VIOLATED)
clkbuf_leaf_0_gpio_in[38]/X              20     27     -7 (VIOLATED)
clkbuf_leaf_36_gpio_in[38]/X             20     27     -7 (VIOLATED)
clkbuf_3_3_0_gpio_in[38]/X               20     25     -5 (VIOLATED)
clkbuf_leaf_33_gpio_in[38]/X             20     25     -5 (VIOLATED)
clkbuf_leaf_60_gpio_in[38]/X             20     25     -5 (VIOLATED)
clkbuf_leaf_6_gpio_in[38]/X              20     25     -5 (VIOLATED)
fanout1251/X                             20     24     -4 (VIOLATED)
clkbuf_leaf_28_gpio_in[38]/X             20     23     -3 (VIOLATED)
fanout1186/X                             20     23     -3 (VIOLATED)
fanout1189/X                             20     23     -3 (VIOLATED)
fanout1204/X                             20     23     -3 (VIOLATED)
fanout1234/X                             20     23     -3 (VIOLATED)
gpio_loopback_zero[25]                   20     22     -2 (VIOLATED)
gpio_loopback_zero[26]                   20     22     -2 (VIOLATED)
gpio_loopback_zero[30]                   20     22     -2 (VIOLATED)
gpio_loopback_zero[32]                   20     22     -2 (VIOLATED)
gpio_loopback_zero[38]                   20     22     -2 (VIOLATED)
fanout1185/X                             20     22     -2 (VIOLATED)
fanout1198/X                             20     22     -2 (VIOLATED)
fanout1216/X                             20     22     -2 (VIOLATED)
fanout1344/X                             20     22     -2 (VIOLATED)
clkbuf_3_1_0_gpio_in[38]/X               20     21        (VIOLATED)
clkbuf_3_5_0_gpio_in[38]/X               20     21        (VIOLATED)
fanout1112/X                             20     21        (VIOLATED)
fanout1114/X                             20     21        (VIOLATED)
fanout1116/X                             20     21        (VIOLATED)
fanout1122/X                             20     21        (VIOLATED)
fanout1123/X                             20     21        (VIOLATED)
fanout1125/X                             20     21        (VIOLATED)
fanout1126/X                             20     21        (VIOLATED)
fanout1128/X                             20     21        (VIOLATED)
fanout1129/X                             20     21        (VIOLATED)
fanout1131/X                             20     21        (VIOLATED)
fanout1132/X                             20     21        (VIOLATED)
fanout1137/X                             20     21        (VIOLATED)
fanout1138/X                             20     21        (VIOLATED)
fanout1143/X                             20     21        (VIOLATED)
fanout1144/X                             20     21        (VIOLATED)
fanout1149/X                             20     21        (VIOLATED)
fanout1150/X                             20     21        (VIOLATED)
fanout1155/X                             20     21        (VIOLATED)
fanout1156/X                             20     21        (VIOLATED)
fanout1161/X                             20     21        (VIOLATED)
fanout1162/X                             20     21        (VIOLATED)
fanout1167/X                             20     21        (VIOLATED)
fanout1168/X                             20     21        (VIOLATED)
fanout1170/X                             20     21        (VIOLATED)
fanout1171/X                             20     21        (VIOLATED)
fanout1173/X                             20     21        (VIOLATED)
fanout1174/X                             20     21        (VIOLATED)
fanout1176/X                             20     21        (VIOLATED)
fanout1177/X                             20     21        (VIOLATED)
fanout1179/X                             20     21        (VIOLATED)
fanout1180/X                             20     21        (VIOLATED)
fanout1182/X                             20     21        (VIOLATED)
fanout1183/X                             20     21        (VIOLATED)
fanout1188/X                             20     21        (VIOLATED)
fanout1191/X                             20     21        (VIOLATED)
fanout1192/X                             20     21        (VIOLATED)
fanout1195/X                             20     21        (VIOLATED)
fanout1197/X                             20     21        (VIOLATED)
fanout1200/X                             20     21        (VIOLATED)
fanout1201/X                             20     21        (VIOLATED)
fanout1203/X                             20     21        (VIOLATED)
fanout1206/X                             20     21        (VIOLATED)
fanout1207/X                             20     21        (VIOLATED)
fanout1209/X                             20     21        (VIOLATED)
fanout1210/X                             20     21        (VIOLATED)
fanout1212/X                             20     21        (VIOLATED)
fanout1213/X                             20     21        (VIOLATED)
fanout1215/X                             20     21        (VIOLATED)
fanout1218/X                             20     21        (VIOLATED)
fanout1219/X                             20     21        (VIOLATED)
fanout1221/X                             20     21        (VIOLATED)
fanout1222/X                             20     21        (VIOLATED)
fanout1224/X                             20     21        (VIOLATED)
fanout1225/X                             20     21        (VIOLATED)
fanout1227/X                             20     21        (VIOLATED)
fanout1228/X                             20     21        (VIOLATED)
fanout1230/X                             20     21        (VIOLATED)
fanout1231/X                             20     21        (VIOLATED)
fanout1233/X                             20     21        (VIOLATED)
fanout1244/X                             20     21        (VIOLATED)
fanout1246/X                             20     21        (VIOLATED)
fanout1248/X                             20     21        (VIOLATED)
fanout1249/X                             20     21        (VIOLATED)
fanout1255/X                             20     21        (VIOLATED)
fanout1259/X                             20     21        (VIOLATED)
fanout1260/X                             20     21        (VIOLATED)
fanout1262/X                             20     21        (VIOLATED)
fanout1263/X                             20     21        (VIOLATED)
fanout1266/X                             20     21        (VIOLATED)
fanout1287/X                             20     21        (VIOLATED)
fanout1288/X                             20     21        (VIOLATED)
fanout1291/X                             20     21        (VIOLATED)
fanout1292/X                             20     21        (VIOLATED)
fanout1294/X                             20     21        (VIOLATED)
fanout1295/X                             20     21        (VIOLATED)
fanout1296/X                             20     21        (VIOLATED)
fanout1297/X                             20     21        (VIOLATED)
fanout1307/X                             20     21        (VIOLATED)
fanout1326/X                             20     21        (VIOLATED)
fanout1329/X                             20     21        (VIOLATED)
fanout1332/X                             20     21        (VIOLATED)
fanout1335/X                             20     21        (VIOLATED)
fanout1338/X                             20     21        (VIOLATED)
fanout1341/X                             20     21        (VIOLATED)
fanout1347/X                             20     21        (VIOLATED)
fanout1350/X                             20     21        (VIOLATED)
fanout1353/X                             20     21        (VIOLATED)
fanout1356/X                             20     21        (VIOLATED)
fanout1359/X                             20     21        (VIOLATED)
fanout1362/X                             20     21        (VIOLATED)
fanout1365/X                             20     21        (VIOLATED)
fanout1368/X                             20     21        (VIOLATED)
fanout1371/X                             20     21        (VIOLATED)
fanout1374/X                             20     21        (VIOLATED)
fanout1377/X                             20     21        (VIOLATED)
fanout1380/X                             20     21        (VIOLATED)
fanout1383/X                             20     21        (VIOLATED)
fanout1399/X                             20     21        (VIOLATED)
fanout636/X                              20     21        (VIOLATED)
fanout655/X                              20     21        (VIOLATED)
fanout673/X                              20     21        (VIOLATED)
fanout760/X                              20     21        (VIOLATED)
fanout764/X                              20     21        (VIOLATED)
fanout772/X                              20     21        (VIOLATED)
fanout785/X                              20     21        (VIOLATED)
fanout787/X                              20     21        (VIOLATED)
fanout788/X                              20     21        (VIOLATED)
fanout790/X                              20     21        (VIOLATED)
fanout810/X                              20     21        (VIOLATED)
fanout811/X                              20     21        (VIOLATED)
hold1557/X                               20     21        (VIOLATED)

max capacitance

Pin                                        Limit         Cap       Slack
------------------------------------------------------------------------
wire939/X                               0.741587    1.581603   -0.840016 (VIOLATED)
wire930/X                               0.741587    1.551167   -0.809580 (VIOLATED)
_1536_/X                                0.729685    1.214537   -0.484852 (VIOLATED)
_1535_/X                                0.729685    1.155900   -0.426215 (VIOLATED)
wire948/X                               0.363474    0.512755   -0.149281 (VIOLATED)



===========================================================================
report_parasitic_annotation -report_unannotated
============================================================================
Found 217 unannotated drivers.
 analog_io[0]
 analog_io[10]
 analog_io[11]
 analog_io[12]
 analog_io[13]
 analog_io[14]
 analog_io[15]
 analog_io[16]
 analog_io[17]
 analog_io[18]
 analog_io[19]
 analog_io[1]
 analog_io[20]
 analog_io[21]
 analog_io[22]
 analog_io[23]
 analog_io[24]
 analog_io[25]
 analog_io[26]
 analog_io[27]
 analog_io[28]
 analog_io[29]
 analog_io[2]
 analog_io[30]
 analog_io[31]
 analog_io[32]
 analog_io[33]
 analog_io[34]
 analog_io[35]
 analog_io[36]
 analog_io[37]
 analog_io[38]
 analog_io[39]
 analog_io[3]
 analog_io[40]
 analog_io[41]
 analog_io[42]
 analog_io[43]
 analog_io[4]
 analog_io[5]
 analog_io[6]
 analog_io[7]
 analog_io[8]
 analog_io[9]
 analog_noesd_io[0]
 analog_noesd_io[10]
 analog_noesd_io[11]
 analog_noesd_io[12]
 analog_noesd_io[13]
 analog_noesd_io[14]
 analog_noesd_io[15]
 analog_noesd_io[16]
 analog_noesd_io[17]
 analog_noesd_io[18]
 analog_noesd_io[19]
 analog_noesd_io[1]
 analog_noesd_io[20]
 analog_noesd_io[21]
 analog_noesd_io[22]
 analog_noesd_io[23]
 analog_noesd_io[24]
 analog_noesd_io[25]
 analog_noesd_io[26]
 analog_noesd_io[27]
 analog_noesd_io[28]
 analog_noesd_io[29]
 analog_noesd_io[2]
 analog_noesd_io[30]
 analog_noesd_io[31]
 analog_noesd_io[32]
 analog_noesd_io[33]
 analog_noesd_io[34]
 analog_noesd_io[35]
 analog_noesd_io[36]
 analog_noesd_io[37]
 analog_noesd_io[38]
 analog_noesd_io[39]
 analog_noesd_io[3]
 analog_noesd_io[40]
 analog_noesd_io[41]
 analog_noesd_io[42]
 analog_noesd_io[43]
 analog_noesd_io[4]
 analog_noesd_io[5]
 analog_noesd_io[6]
 analog_noesd_io[7]
 analog_noesd_io[8]
 analog_noesd_io[9]
 gpio_in[14]
 gpio_in[29]
 gpio_in_h[0]
 gpio_in_h[10]
 gpio_in_h[11]
 gpio_in_h[12]
 gpio_in_h[13]
 gpio_in_h[14]
 gpio_in_h[15]
 gpio_in_h[16]
 gpio_in_h[17]
 gpio_in_h[18]
 gpio_in_h[19]
 gpio_in_h[1]
 gpio_in_h[20]
 gpio_in_h[21]
 gpio_in_h[22]
 gpio_in_h[23]
 gpio_in_h[24]
 gpio_in_h[25]
 gpio_in_h[26]
 gpio_in_h[27]
 gpio_in_h[28]
 gpio_in_h[29]
 gpio_in_h[2]
 gpio_in_h[30]
 gpio_in_h[31]
 gpio_in_h[32]
 gpio_in_h[33]
 gpio_in_h[34]
 gpio_in_h[35]
 gpio_in_h[36]
 gpio_in_h[37]
 gpio_in_h[38]
 gpio_in_h[39]
 gpio_in_h[3]
 gpio_in_h[40]
 gpio_in_h[41]
 gpio_in_h[42]
 gpio_in_h[43]
 gpio_in_h[4]
 gpio_in_h[5]
 gpio_in_h[6]
 gpio_in_h[7]
 gpio_in_h[8]
 gpio_in_h[9]
 gpio_loopback_one[0]
 gpio_loopback_zero[0]
 por_l
 porb_h
 porb_l
 resetb_h
 _4019__1454/LO
 clkload0/Y
 clkload1/Y
 clkload10/Y
 clkload11/Y
 clkload12/Y
 clkload13/Y
 clkload14/Y
 clkload15/Y
 clkload16/Y
 clkload17/Y
 clkload18/Y
 clkload19/Y
 clkload2/Y
 clkload20/Y
 clkload21/Y
 clkload22/Y
 clkload23/Y
 clkload24/Y
 clkload25/Y
 clkload26/Y
 clkload27/Y
 clkload28/Y
 clkload29/Y
 clkload3/Y
 clkload30/Y
 clkload31/Y
 clkload32/Y
 clkload33/Y
 clkload34/Y
 clkload35/Y
 clkload36/Y
 clkload37/Y
 clkload38/Y
 clkload39/Y
 clkload4/Y
 clkload40/Y
 clkload41/Y
 clkload42/X
 clkload43/Y
 clkload44/Y
 clkload45/Y
 clkload46/Y
 clkload47/Y
 clkload48/X
 clkload49/Y
 clkload5/Y
 clkload50/Y
 clkload51/Y
 clkload52/X
 clkload53/X
 clkload54/Y
 clkload55/Y
 clkload56/X
 clkload57/Y
 clkload58/Y
 clkload59/X
 clkload6/Y
 clkload60/Y
 clkload61/Y
 clkload62/Y
 clkload7/Y
 clkload8/Y
 clkload9/Y
 openframe_project_wrapper_1442/HI
 openframe_project_wrapper_1443/HI
 openframe_project_wrapper_1444/HI
 openframe_project_wrapper_1445/HI
 openframe_project_wrapper_1446/HI
 openframe_project_wrapper_1447/HI
 openframe_project_wrapper_1448/HI
 openframe_project_wrapper_1449/HI
 openframe_project_wrapper_1450/HI
 openframe_project_wrapper_1451/HI
 openframe_project_wrapper_1452/HI
 openframe_project_wrapper_1453/HI
 openframe_project_wrapper_1455/LO
Found 0 partially unannotated drivers.

===========================================================================
max slew violation count 118
max fanout violation count 166
max cap violation count 5
============================================================================

===========================================================================
check_setup -verbose -unconstrained_endpoints -multiple_clock -no_clock -no_input_delay -loops -generated_clocks
===========================================================================
Warning: There are 300 input ports missing set_input_delay.
  analog_io[0]
  analog_io[10]
  analog_io[11]
  analog_io[12]
  analog_io[13]
  analog_io[14]
  analog_io[15]
  analog_io[16]
  analog_io[17]
  analog_io[18]
  analog_io[19]
  analog_io[1]
  analog_io[20]
  analog_io[21]
  analog_io[22]
  analog_io[23]
  analog_io[24]
  analog_io[25]
  analog_io[26]
  analog_io[27]
  analog_io[28]
  analog_io[29]
  analog_io[2]
  analog_io[30]
  analog_io[31]
  analog_io[32]
  analog_io[33]
  analog_io[34]
  analog_io[35]
  analog_io[36]
  analog_io[37]
  analog_io[38]
  analog_io[39]
  analog_io[3]
  analog_io[40]
  analog_io[41]
  analog_io[42]
  analog_io[43]
  analog_io[4]
  analog_io[5]
  analog_io[6]
  analog_io[7]
  analog_io[8]
  analog_io[9]
  analog_noesd_io[0]
  analog_noesd_io[10]
  analog_noesd_io[11]
  analog_noesd_io[12]
  analog_noesd_io[13]
  analog_noesd_io[14]
  analog_noesd_io[15]
  analog_noesd_io[16]
  analog_noesd_io[17]
  analog_noesd_io[18]
  analog_noesd_io[19]
  analog_noesd_io[1]
  analog_noesd_io[20]
  analog_noesd_io[21]
  analog_noesd_io[22]
  analog_noesd_io[23]
  analog_noesd_io[24]
  analog_noesd_io[25]
  analog_noesd_io[26]
  analog_noesd_io[27]
  analog_noesd_io[28]
  analog_noesd_io[29]
  analog_noesd_io[2]
  analog_noesd_io[30]
  analog_noesd_io[31]
  analog_noesd_io[32]
  analog_noesd_io[33]
  analog_noesd_io[34]
  analog_noesd_io[35]
  analog_noesd_io[36]
  analog_noesd_io[37]
  analog_noesd_io[38]
  analog_noesd_io[39]
  analog_noesd_io[3]
  analog_noesd_io[40]
  analog_noesd_io[41]
  analog_noesd_io[42]
  analog_noesd_io[43]
  analog_noesd_io[4]
  analog_noesd_io[5]
  analog_noesd_io[6]
  analog_noesd_io[7]
  analog_noesd_io[8]
  analog_noesd_io[9]
  gpio_in[0]
  gpio_in[10]
  gpio_in[11]
  gpio_in[12]
  gpio_in[13]
  gpio_in[14]
  gpio_in[15]
  gpio_in[16]
  gpio_in[17]
  gpio_in[18]
  gpio_in[19]
  gpio_in[1]
  gpio_in[20]
  gpio_in[21]
  gpio_in[22]
  gpio_in[23]
  gpio_in[24]
  gpio_in[25]
  gpio_in[26]
  gpio_in[27]
  gpio_in[28]
  gpio_in[29]
  gpio_in[2]
  gpio_in[30]
  gpio_in[31]
  gpio_in[32]
  gpio_in[33]
  gpio_in[34]
  gpio_in[35]
  gpio_in[36]
  gpio_in[37]
  gpio_in[39]
  gpio_in[3]
  gpio_in[40]
  gpio_in[41]
  gpio_in[42]
  gpio_in[43]
  gpio_in[4]
  gpio_in[5]
  gpio_in[6]
  gpio_in[7]
  gpio_in[8]
  gpio_in[9]
  gpio_in_h[0]
  gpio_in_h[10]
  gpio_in_h[11]
  gpio_in_h[12]
  gpio_in_h[13]
  gpio_in_h[14]
  gpio_in_h[15]
  gpio_in_h[16]
  gpio_in_h[17]
  gpio_in_h[18]
  gpio_in_h[19]
  gpio_in_h[1]
  gpio_in_h[20]
  gpio_in_h[21]
  gpio_in_h[22]
  gpio_in_h[23]
  gpio_in_h[24]
  gpio_in_h[25]
  gpio_in_h[26]
  gpio_in_h[27]
  gpio_in_h[28]
  gpio_in_h[29]
  gpio_in_h[2]
  gpio_in_h[30]
  gpio_in_h[31]
  gpio_in_h[32]
  gpio_in_h[33]
  gpio_in_h[34]
  gpio_in_h[35]
  gpio_in_h[36]
  gpio_in_h[37]
  gpio_in_h[38]
  gpio_in_h[39]
  gpio_in_h[3]
  gpio_in_h[40]
  gpio_in_h[41]
  gpio_in_h[42]
  gpio_in_h[43]
  gpio_in_h[4]
  gpio_in_h[5]
  gpio_in_h[6]
  gpio_in_h[7]
  gpio_in_h[8]
  gpio_in_h[9]
  gpio_loopback_one[0]
  gpio_loopback_one[10]
  gpio_loopback_one[11]
  gpio_loopback_one[12]
  gpio_loopback_one[13]
  gpio_loopback_one[14]
  gpio_loopback_one[15]
  gpio_loopback_one[16]
  gpio_loopback_one[17]
  gpio_loopback_one[18]
  gpio_loopback_one[19]
  gpio_loopback_one[1]
  gpio_loopback_one[20]
  gpio_loopback_one[21]
  gpio_loopback_one[22]
  gpio_loopback_one[23]
  gpio_loopback_one[24]
  gpio_loopback_one[25]
  gpio_loopback_one[26]
  gpio_loopback_one[27]
  gpio_loopback_one[28]
  gpio_loopback_one[29]
  gpio_loopback_one[2]
  gpio_loopback_one[30]
  gpio_loopback_one[31]
  gpio_loopback_one[32]
  gpio_loopback_one[33]
  gpio_loopback_one[34]
  gpio_loopback_one[35]
  gpio_loopback_one[36]
  gpio_loopback_one[37]
  gpio_loopback_one[38]
  gpio_loopback_one[39]
  gpio_loopback_one[3]
  gpio_loopback_one[40]
  gpio_loopback_one[41]
  gpio_loopback_one[42]
  gpio_loopback_one[43]
  gpio_loopback_one[4]
  gpio_loopback_one[5]
  gpio_loopback_one[6]
  gpio_loopback_one[7]
  gpio_loopback_one[8]
  gpio_loopback_one[9]
  gpio_loopback_zero[0]
  gpio_loopback_zero[10]
  gpio_loopback_zero[11]
  gpio_loopback_zero[12]
  gpio_loopback_zero[13]
  gpio_loopback_zero[14]
  gpio_loopback_zero[15]
  gpio_loopback_zero[16]
  gpio_loopback_zero[17]
  gpio_loopback_zero[18]
  gpio_loopback_zero[19]
  gpio_loopback_zero[1]
  gpio_loopback_zero[20]
  gpio_loopback_zero[21]
  gpio_loopback_zero[22]
  gpio_loopback_zero[23]
  gpio_loopback_zero[24]
  gpio_loopback_zero[25]
  gpio_loopback_zero[26]
  gpio_loopback_zero[27]
  gpio_loopback_zero[28]
  gpio_loopback_zero[29]
  gpio_loopback_zero[2]
  gpio_loopback_zero[30]
  gpio_loopback_zero[31]
  gpio_loopback_zero[32]
  gpio_loopback_zero[33]
  gpio_loopback_zero[34]
  gpio_loopback_zero[35]
  gpio_loopback_zero[36]
  gpio_loopback_zero[37]
  gpio_loopback_zero[38]
  gpio_loopback_zero[39]
  gpio_loopback_zero[3]
  gpio_loopback_zero[40]
  gpio_loopback_zero[41]
  gpio_loopback_zero[42]
  gpio_loopback_zero[43]
  gpio_loopback_zero[4]
  gpio_loopback_zero[5]
  gpio_loopback_zero[6]
  gpio_loopback_zero[7]
  gpio_loopback_zero[8]
  gpio_loopback_zero[9]
  mask_rev[0]
  mask_rev[10]
  mask_rev[11]
  mask_rev[12]
  mask_rev[13]
  mask_rev[14]
  mask_rev[15]
  mask_rev[16]
  mask_rev[17]
  mask_rev[18]
  mask_rev[19]
  mask_rev[1]
  mask_rev[20]
  mask_rev[21]
  mask_rev[22]
  mask_rev[23]
  mask_rev[24]
  mask_rev[25]
  mask_rev[26]
  mask_rev[27]
  mask_rev[28]
  mask_rev[29]
  mask_rev[2]
  mask_rev[30]
  mask_rev[31]
  mask_rev[3]
  mask_rev[4]
  mask_rev[5]
  mask_rev[6]
  mask_rev[7]
  mask_rev[8]
  mask_rev[9]
  por_l
  porb_h
  porb_l
  resetb_h
  resetb_l
Warning: There are 51 unclocked register/latch pins.
  _3207_/CLK
  _3208_/CLK
  _3209_/CLK
  _3210_/CLK
  _3211_/CLK
  _3212_/CLK
  _3213_/CLK
  _4025_/CLK
  _4026_/CLK
  _4027_/CLK
  _4028_/CLK
  _4029_/CLK
  _4030_/CLK
  _4031_/CLK
  _4032_/CLK
  _4033_/CLK
  _4034_/CLK
  _4035_/CLK
  _4036_/CLK
  _4037_/CLK
  _4038_/CLK
  _4039_/CLK
  _4040_/CLK
  _4041_/CLK
  _4042_/CLK
  _4043_/CLK
  _4044_/CLK
  _4045_/CLK
  _4046_/CLK
  _4047_/CLK
  _4048_/CLK
  _4049_/CLK
  _4050_/CLK
  _4051_/CLK
  _4052_/CLK
  _4053_/CLK
  _4054_/CLK
  _4055_/CLK
  _4056_/CLK
  _4057_/CLK
  _4058_/CLK
  _4059_/CLK
  _4060_/CLK
  _4061_/CLK
  _4062_/CLK
  _4063_/CLK
  _4064_/CLK
  _4065_/CLK
  _4066_/CLK
  _4067_/CLK
  _4068_/CLK
Warning: There are 717 unconstrained endpoints.
  analog_io[0]
  analog_io[10]
  analog_io[11]
  analog_io[12]
  analog_io[13]
  analog_io[14]
  analog_io[15]
  analog_io[16]
  analog_io[17]
  analog_io[18]
  analog_io[19]
  analog_io[1]
  analog_io[20]
  analog_io[21]
  analog_io[22]
  analog_io[23]
  analog_io[24]
  analog_io[25]
  analog_io[26]
  analog_io[27]
  analog_io[28]
  analog_io[29]
  analog_io[2]
  analog_io[30]
  analog_io[31]
  analog_io[32]
  analog_io[33]
  analog_io[34]
  analog_io[35]
  analog_io[36]
  analog_io[37]
  analog_io[38]
  analog_io[39]
  analog_io[3]
  analog_io[40]
  analog_io[41]
  analog_io[42]
  analog_io[43]
  analog_io[4]
  analog_io[5]
  analog_io[6]
  analog_io[7]
  analog_io[8]
  analog_io[9]
  analog_noesd_io[0]
  analog_noesd_io[10]
  analog_noesd_io[11]
  analog_noesd_io[12]
  analog_noesd_io[13]
  analog_noesd_io[14]
  analog_noesd_io[15]
  analog_noesd_io[16]
  analog_noesd_io[17]
  analog_noesd_io[18]
  analog_noesd_io[19]
  analog_noesd_io[1]
  analog_noesd_io[20]
  analog_noesd_io[21]
  analog_noesd_io[22]
  analog_noesd_io[23]
  analog_noesd_io[24]
  analog_noesd_io[25]
  analog_noesd_io[26]
  analog_noesd_io[27]
  analog_noesd_io[28]
  analog_noesd_io[29]
  analog_noesd_io[2]
  analog_noesd_io[30]
  analog_noesd_io[31]
  analog_noesd_io[32]
  analog_noesd_io[33]
  analog_noesd_io[34]
  analog_noesd_io[35]
  analog_noesd_io[36]
  analog_noesd_io[37]
  analog_noesd_io[38]
  analog_noesd_io[39]
  analog_noesd_io[3]
  analog_noesd_io[40]
  analog_noesd_io[41]
  analog_noesd_io[42]
  analog_noesd_io[43]
  analog_noesd_io[4]
  analog_noesd_io[5]
  analog_noesd_io[6]
  analog_noesd_io[7]
  analog_noesd_io[8]
  analog_noesd_io[9]
  gpio_analog_en[0]
  gpio_analog_en[10]
  gpio_analog_en[11]
  gpio_analog_en[12]
  gpio_analog_en[13]
  gpio_analog_en[14]
  gpio_analog_en[15]
  gpio_analog_en[16]
  gpio_analog_en[17]
  gpio_analog_en[18]
  gpio_analog_en[19]
  gpio_analog_en[1]
  gpio_analog_en[20]
  gpio_analog_en[21]
  gpio_analog_en[22]
  gpio_analog_en[23]
  gpio_analog_en[24]
  gpio_analog_en[25]
  gpio_analog_en[26]
  gpio_analog_en[27]
  gpio_analog_en[28]
  gpio_analog_en[29]
  gpio_analog_en[2]
  gpio_analog_en[30]
  gpio_analog_en[31]
  gpio_analog_en[32]
  gpio_analog_en[33]
  gpio_analog_en[34]
  gpio_analog_en[35]
  gpio_analog_en[36]
  gpio_analog_en[37]
  gpio_analog_en[38]
  gpio_analog_en[39]
  gpio_analog_en[3]
  gpio_analog_en[40]
  gpio_analog_en[41]
  gpio_analog_en[42]
  gpio_analog_en[43]
  gpio_analog_en[4]
  gpio_analog_en[5]
  gpio_analog_en[6]
  gpio_analog_en[7]
  gpio_analog_en[8]
  gpio_analog_en[9]
  gpio_analog_pol[0]
  gpio_analog_pol[10]
  gpio_analog_pol[11]
  gpio_analog_pol[12]
  gpio_analog_pol[13]
  gpio_analog_pol[14]
  gpio_analog_pol[15]
  gpio_analog_pol[16]
  gpio_analog_pol[17]
  gpio_analog_pol[18]
  gpio_analog_pol[19]
  gpio_analog_pol[1]
  gpio_analog_pol[20]
  gpio_analog_pol[21]
  gpio_analog_pol[22]
  gpio_analog_pol[23]
  gpio_analog_pol[24]
  gpio_analog_pol[25]
  gpio_analog_pol[26]
  gpio_analog_pol[27]
  gpio_analog_pol[28]
  gpio_analog_pol[29]
  gpio_analog_pol[2]
  gpio_analog_pol[30]
  gpio_analog_pol[31]
  gpio_analog_pol[32]
  gpio_analog_pol[33]
  gpio_analog_pol[34]
  gpio_analog_pol[35]
  gpio_analog_pol[36]
  gpio_analog_pol[37]
  gpio_analog_pol[38]
  gpio_analog_pol[39]
  gpio_analog_pol[3]
  gpio_analog_pol[40]
  gpio_analog_pol[41]
  gpio_analog_pol[42]
  gpio_analog_pol[43]
  gpio_analog_pol[4]
  gpio_analog_pol[5]
  gpio_analog_pol[6]
  gpio_analog_pol[7]
  gpio_analog_pol[8]
  gpio_analog_pol[9]
  gpio_analog_sel[0]
  gpio_analog_sel[10]
  gpio_analog_sel[11]
  gpio_analog_sel[12]
  gpio_analog_sel[13]
  gpio_analog_sel[14]
  gpio_analog_sel[15]
  gpio_analog_sel[16]
  gpio_analog_sel[17]
  gpio_analog_sel[18]
  gpio_analog_sel[19]
  gpio_analog_sel[1]
  gpio_analog_sel[20]
  gpio_analog_sel[21]
  gpio_analog_sel[22]
  gpio_analog_sel[23]
  gpio_analog_sel[24]
  gpio_analog_sel[25]
  gpio_analog_sel[26]
  gpio_analog_sel[27]
  gpio_analog_sel[28]
  gpio_analog_sel[29]
  gpio_analog_sel[2]
  gpio_analog_sel[30]
  gpio_analog_sel[31]
  gpio_analog_sel[32]
  gpio_analog_sel[33]
  gpio_analog_sel[34]
  gpio_analog_sel[35]
  gpio_analog_sel[36]
  gpio_analog_sel[37]
  gpio_analog_sel[38]
  gpio_analog_sel[39]
  gpio_analog_sel[3]
  gpio_analog_sel[40]
  gpio_analog_sel[41]
  gpio_analog_sel[42]
  gpio_analog_sel[43]
  gpio_analog_sel[4]
  gpio_analog_sel[5]
  gpio_analog_sel[6]
  gpio_analog_sel[7]
  gpio_analog_sel[8]
  gpio_analog_sel[9]
  gpio_dm0[0]
  gpio_dm0[10]
  gpio_dm0[11]
  gpio_dm0[12]
  gpio_dm0[13]
  gpio_dm0[14]
  gpio_dm0[15]
  gpio_dm0[16]
  gpio_dm0[17]
  gpio_dm0[18]
  gpio_dm0[19]
  gpio_dm0[1]
  gpio_dm0[20]
  gpio_dm0[21]
  gpio_dm0[22]
  gpio_dm0[23]
  gpio_dm0[24]
  gpio_dm0[25]
  gpio_dm0[26]
  gpio_dm0[27]
  gpio_dm0[28]
  gpio_dm0[29]
  gpio_dm0[2]
  gpio_dm0[30]
  gpio_dm0[31]
  gpio_dm0[32]
  gpio_dm0[33]
  gpio_dm0[34]
  gpio_dm0[35]
  gpio_dm0[36]
  gpio_dm0[37]
  gpio_dm0[38]
  gpio_dm0[39]
  gpio_dm0[3]
  gpio_dm0[40]
  gpio_dm0[41]
  gpio_dm0[42]
  gpio_dm0[43]
  gpio_dm0[4]
  gpio_dm0[5]
  gpio_dm0[6]
  gpio_dm0[7]
  gpio_dm0[8]
  gpio_dm0[9]
  gpio_dm1[0]
  gpio_dm1[10]
  gpio_dm1[11]
  gpio_dm1[12]
  gpio_dm1[13]
  gpio_dm1[14]
  gpio_dm1[15]
  gpio_dm1[16]
  gpio_dm1[17]
  gpio_dm1[18]
  gpio_dm1[19]
  gpio_dm1[1]
  gpio_dm1[20]
  gpio_dm1[21]
  gpio_dm1[22]
  gpio_dm1[23]
  gpio_dm1[24]
  gpio_dm1[25]
  gpio_dm1[26]
  gpio_dm1[27]
  gpio_dm1[28]
  gpio_dm1[29]
  gpio_dm1[2]
  gpio_dm1[30]
  gpio_dm1[31]
  gpio_dm1[32]
  gpio_dm1[33]
  gpio_dm1[34]
  gpio_dm1[35]
  gpio_dm1[36]
  gpio_dm1[37]
  gpio_dm1[38]
  gpio_dm1[39]
  gpio_dm1[3]
  gpio_dm1[40]
  gpio_dm1[41]
  gpio_dm1[42]
  gpio_dm1[43]
  gpio_dm1[4]
  gpio_dm1[5]
  gpio_dm1[6]
  gpio_dm1[7]
  gpio_dm1[8]
  gpio_dm1[9]
  gpio_dm2[0]
  gpio_dm2[10]
  gpio_dm2[11]
  gpio_dm2[12]
  gpio_dm2[13]
  gpio_dm2[14]
  gpio_dm2[15]
  gpio_dm2[16]
  gpio_dm2[17]
  gpio_dm2[18]
  gpio_dm2[19]
  gpio_dm2[1]
  gpio_dm2[20]
  gpio_dm2[21]
  gpio_dm2[22]
  gpio_dm2[23]
  gpio_dm2[24]
  gpio_dm2[25]
  gpio_dm2[26]
  gpio_dm2[27]
  gpio_dm2[28]
  gpio_dm2[29]
  gpio_dm2[2]
  gpio_dm2[30]
  gpio_dm2[31]
  gpio_dm2[32]
  gpio_dm2[33]
  gpio_dm2[34]
  gpio_dm2[35]
  gpio_dm2[36]
  gpio_dm2[37]
  gpio_dm2[38]
  gpio_dm2[39]
  gpio_dm2[3]
  gpio_dm2[40]
  gpio_dm2[41]
  gpio_dm2[42]
  gpio_dm2[43]
  gpio_dm2[4]
  gpio_dm2[5]
  gpio_dm2[6]
  gpio_dm2[7]
  gpio_dm2[8]
  gpio_dm2[9]
  gpio_holdover[0]
  gpio_holdover[10]
  gpio_holdover[11]
  gpio_holdover[12]
  gpio_holdover[13]
  gpio_holdover[14]
  gpio_holdover[15]
  gpio_holdover[16]
  gpio_holdover[17]
  gpio_holdover[18]
  gpio_holdover[19]
  gpio_holdover[1]
  gpio_holdover[20]
  gpio_holdover[21]
  gpio_holdover[22]
  gpio_holdover[23]
  gpio_holdover[24]
  gpio_holdover[25]
  gpio_holdover[26]
  gpio_holdover[27]
  gpio_holdover[28]
  gpio_holdover[29]
  gpio_holdover[2]
  gpio_holdover[30]
  gpio_holdover[31]
  gpio_holdover[32]
  gpio_holdover[33]
  gpio_holdover[34]
  gpio_holdover[35]
  gpio_holdover[36]
  gpio_holdover[37]
  gpio_holdover[38]
  gpio_holdover[39]
  gpio_holdover[3]
  gpio_holdover[40]
  gpio_holdover[41]
  gpio_holdover[42]
  gpio_holdover[43]
  gpio_holdover[4]
  gpio_holdover[5]
  gpio_holdover[6]
  gpio_holdover[7]
  gpio_holdover[8]
  gpio_holdover[9]
  gpio_ib_mode_sel[0]
  gpio_ib_mode_sel[10]
  gpio_ib_mode_sel[11]
  gpio_ib_mode_sel[12]
  gpio_ib_mode_sel[13]
  gpio_ib_mode_sel[14]
  gpio_ib_mode_sel[15]
  gpio_ib_mode_sel[16]
  gpio_ib_mode_sel[17]
  gpio_ib_mode_sel[18]
  gpio_ib_mode_sel[19]
  gpio_ib_mode_sel[1]
  gpio_ib_mode_sel[20]
  gpio_ib_mode_sel[21]
  gpio_ib_mode_sel[22]
  gpio_ib_mode_sel[23]
  gpio_ib_mode_sel[24]
  gpio_ib_mode_sel[25]
  gpio_ib_mode_sel[26]
  gpio_ib_mode_sel[27]
  gpio_ib_mode_sel[28]
  gpio_ib_mode_sel[29]
  gpio_ib_mode_sel[2]
  gpio_ib_mode_sel[30]
  gpio_ib_mode_sel[31]
  gpio_ib_mode_sel[32]
  gpio_ib_mode_sel[33]
  gpio_ib_mode_sel[34]
  gpio_ib_mode_sel[35]
  gpio_ib_mode_sel[36]
  gpio_ib_mode_sel[37]
  gpio_ib_mode_sel[38]
  gpio_ib_mode_sel[39]
  gpio_ib_mode_sel[3]
  gpio_ib_mode_sel[40]
  gpio_ib_mode_sel[41]
  gpio_ib_mode_sel[42]
  gpio_ib_mode_sel[43]
  gpio_ib_mode_sel[4]
  gpio_ib_mode_sel[5]
  gpio_ib_mode_sel[6]
  gpio_ib_mode_sel[7]
  gpio_ib_mode_sel[8]
  gpio_ib_mode_sel[9]
  gpio_inp_dis[0]
  gpio_inp_dis[10]
  gpio_inp_dis[11]
  gpio_inp_dis[12]
  gpio_inp_dis[13]
  gpio_inp_dis[14]
  gpio_inp_dis[15]
  gpio_inp_dis[16]
  gpio_inp_dis[17]
  gpio_inp_dis[18]
  gpio_inp_dis[19]
  gpio_inp_dis[1]
  gpio_inp_dis[20]
  gpio_inp_dis[21]
  gpio_inp_dis[22]
  gpio_inp_dis[23]
  gpio_inp_dis[24]
  gpio_inp_dis[25]
  gpio_inp_dis[26]
  gpio_inp_dis[27]
  gpio_inp_dis[28]
  gpio_inp_dis[29]
  gpio_inp_dis[2]
  gpio_inp_dis[30]
  gpio_inp_dis[31]
  gpio_inp_dis[32]
  gpio_inp_dis[33]
  gpio_inp_dis[34]
  gpio_inp_dis[35]
  gpio_inp_dis[36]
  gpio_inp_dis[37]
  gpio_inp_dis[38]
  gpio_inp_dis[39]
  gpio_inp_dis[3]
  gpio_inp_dis[40]
  gpio_inp_dis[41]
  gpio_inp_dis[42]
  gpio_inp_dis[43]
  gpio_inp_dis[4]
  gpio_inp_dis[5]
  gpio_inp_dis[6]
  gpio_inp_dis[7]
  gpio_inp_dis[8]
  gpio_inp_dis[9]
  gpio_oeb[0]
  gpio_oeb[10]
  gpio_oeb[11]
  gpio_oeb[12]
  gpio_oeb[13]
  gpio_oeb[14]
  gpio_oeb[15]
  gpio_oeb[16]
  gpio_oeb[17]
  gpio_oeb[18]
  gpio_oeb[19]
  gpio_oeb[1]
  gpio_oeb[20]
  gpio_oeb[21]
  gpio_oeb[22]
  gpio_oeb[23]
  gpio_oeb[24]
  gpio_oeb[25]
  gpio_oeb[26]
  gpio_oeb[27]
  gpio_oeb[28]
  gpio_oeb[29]
  gpio_oeb[2]
  gpio_oeb[30]
  gpio_oeb[31]
  gpio_oeb[32]
  gpio_oeb[33]
  gpio_oeb[34]
  gpio_oeb[35]
  gpio_oeb[36]
  gpio_oeb[37]
  gpio_oeb[38]
  gpio_oeb[39]
  gpio_oeb[3]
  gpio_oeb[40]
  gpio_oeb[41]
  gpio_oeb[42]
  gpio_oeb[43]
  gpio_oeb[4]
  gpio_oeb[5]
  gpio_oeb[6]
  gpio_oeb[7]
  gpio_oeb[8]
  gpio_oeb[9]
  gpio_out[0]
  gpio_out[10]
  gpio_out[11]
  gpio_out[12]
  gpio_out[13]
  gpio_out[14]
  gpio_out[15]
  gpio_out[16]
  gpio_out[17]
  gpio_out[18]
  gpio_out[19]
  gpio_out[1]
  gpio_out[20]
  gpio_out[21]
  gpio_out[22]
  gpio_out[23]
  gpio_out[24]
  gpio_out[25]
  gpio_out[26]
  gpio_out[27]
  gpio_out[28]
  gpio_out[29]
  gpio_out[2]
  gpio_out[30]
  gpio_out[31]
  gpio_out[32]
  gpio_out[33]
  gpio_out[34]
  gpio_out[35]
  gpio_out[36]
  gpio_out[37]
  gpio_out[38]
  gpio_out[39]
  gpio_out[3]
  gpio_out[40]
  gpio_out[41]
  gpio_out[42]
  gpio_out[43]
  gpio_out[4]
  gpio_out[5]
  gpio_out[6]
  gpio_out[7]
  gpio_out[8]
  gpio_out[9]
  gpio_slow_sel[0]
  gpio_slow_sel[10]
  gpio_slow_sel[11]
  gpio_slow_sel[12]
  gpio_slow_sel[13]
  gpio_slow_sel[14]
  gpio_slow_sel[15]
  gpio_slow_sel[16]
  gpio_slow_sel[17]
  gpio_slow_sel[18]
  gpio_slow_sel[19]
  gpio_slow_sel[1]
  gpio_slow_sel[20]
  gpio_slow_sel[21]
  gpio_slow_sel[22]
  gpio_slow_sel[23]
  gpio_slow_sel[24]
  gpio_slow_sel[25]
  gpio_slow_sel[26]
  gpio_slow_sel[27]
  gpio_slow_sel[28]
  gpio_slow_sel[29]
  gpio_slow_sel[2]
  gpio_slow_sel[30]
  gpio_slow_sel[31]
  gpio_slow_sel[32]
  gpio_slow_sel[33]
  gpio_slow_sel[34]
  gpio_slow_sel[35]
  gpio_slow_sel[36]
  gpio_slow_sel[37]
  gpio_slow_sel[38]
  gpio_slow_sel[39]
  gpio_slow_sel[3]
  gpio_slow_sel[40]
  gpio_slow_sel[41]
  gpio_slow_sel[42]
  gpio_slow_sel[43]
  gpio_slow_sel[4]
  gpio_slow_sel[5]
  gpio_slow_sel[6]
  gpio_slow_sel[7]
  gpio_slow_sel[8]
  gpio_slow_sel[9]
  gpio_vtrip_sel[0]
  gpio_vtrip_sel[10]
  gpio_vtrip_sel[11]
  gpio_vtrip_sel[12]
  gpio_vtrip_sel[13]
  gpio_vtrip_sel[14]
  gpio_vtrip_sel[15]
  gpio_vtrip_sel[16]
  gpio_vtrip_sel[17]
  gpio_vtrip_sel[18]
  gpio_vtrip_sel[19]
  gpio_vtrip_sel[1]
  gpio_vtrip_sel[20]
  gpio_vtrip_sel[21]
  gpio_vtrip_sel[22]
  gpio_vtrip_sel[23]
  gpio_vtrip_sel[24]
  gpio_vtrip_sel[25]
  gpio_vtrip_sel[26]
  gpio_vtrip_sel[27]
  gpio_vtrip_sel[28]
  gpio_vtrip_sel[29]
  gpio_vtrip_sel[2]
  gpio_vtrip_sel[30]
  gpio_vtrip_sel[31]
  gpio_vtrip_sel[32]
  gpio_vtrip_sel[33]
  gpio_vtrip_sel[34]
  gpio_vtrip_sel[35]
  gpio_vtrip_sel[36]
  gpio_vtrip_sel[37]
  gpio_vtrip_sel[38]
  gpio_vtrip_sel[39]
  gpio_vtrip_sel[3]
  gpio_vtrip_sel[40]
  gpio_vtrip_sel[41]
  gpio_vtrip_sel[42]
  gpio_vtrip_sel[43]
  gpio_vtrip_sel[4]
  gpio_vtrip_sel[5]
  gpio_vtrip_sel[6]
  gpio_vtrip_sel[7]
  gpio_vtrip_sel[8]
  gpio_vtrip_sel[9]
  _3207_/D
  _3208_/D
  _3209_/D
  _3210_/D
  _3211_/D
  _3212_/D
  _3213_/D
  _4013_/D
  _4014_/D
  _4015_/D
  _4019_/D
  _4021_/D
  _4022_/D
  _4025_/D
  _4026_/D
  _4027_/D
  _4028_/D
  _4029_/D
  _4030_/D
  _4031_/D
  _4032_/D
  _4033_/D
  _4034_/D
  _4035_/D
  _4036_/D
  _4037_/D
  _4038_/D
  _4039_/D
  _4040_/D
  _4041_/D
  _4042_/D
  _4043_/D
  _4044_/D
  _4045_/D
  _4046_/D
  _4047_/D
  _4048_/D
  _4049_/D
  _4050_/D
  _4051_/D
  _4052_/D
  _4053_/D
  _4054_/D
  _4055_/D
  _4056_/D
  _4057_/D
  _4058_/D
  _4059_/D
  _4060_/D
  _4061_/D
  _4062_/D
  _4063_/D
  _4064_/D
  _4065_/D
  _4066_/D
  _4067_/D
  _4068_/D
Warning: There is 1 combinational loop in the design.
  fanout1111/A
  fanout1111/X
  u_owire.u_ip.osc_i0/A
  u_owire.u_ip.osc_i0/Y
  u_owire.u_ip.osc_i1/A
  u_owire.u_ip.osc_i1/Y
  u_owire.u_ip.osc_i2/A
  u_owire.u_ip.osc_i2/Y
  fanout1116/A
  fanout1116/X
  fanout1115/A
  fanout1115/X
  | loop cut point
  fanout1111/A
  --------------------------------
