
===========================================================================
 report_power
============================================================================
======================= max_tt_025C_1v80 Corner ===================================

Group                    Internal    Switching      Leakage        Total
                            Power        Power        Power        Power (Watts)
------------------------------------------------------------------------
Sequential           8.178027e-04 1.444560e-06 7.710567e-09 8.192550e-04  46.2%
Combinational        1.880626e-06 2.541776e-06 3.868458e-08 4.461087e-06   0.3%
Clock                2.739385e-04 6.742561e-04 2.243380e-08 9.482171e-04  53.5%
Macro                0.000000e+00 0.000000e+00 0.000000e+00 0.000000e+00   0.0%
Pad                  0.000000e+00 0.000000e+00 0.000000e+00 0.000000e+00   0.0%
------------------------------------------------------------------------
Total                1.093621e-03 6.782425e-04 6.882743e-08 1.771933e-03 100.0%
                            61.7%        38.3%         0.0%

