
===========================================================================
report_checks -unconstrained
===========================================================================
======================= max_ff_n40C_1v95 Corner ===================================

Startpoint: _4020_ (rising edge-triggered flip-flop clocked by clk)
Endpoint: _3685_ (recovery check against rising-edge clock clk)
Path Group: asynchronous
Path Type: max

Fanout         Cap        Slew       Delay        Time   Description
---------------------------------------------------------------------------------------------
                                  0.000000    0.000000   clock clk (rise edge)
                                  0.000000    0.000000   clock source latency
     2    0.202022    1.190000    0.000000    0.000000 ^ gpio_in[38] (in)
                                                         gpio_in[38] (net)
                      1.478700    0.151568    0.151568 ^ clkbuf_0_gpio_in[38]/A (sky130_fd_sc_hd__clkbuf_16)
     5    0.302833    0.245242    0.255076    0.406644 ^ clkbuf_0_gpio_in[38]/X (sky130_fd_sc_hd__clkbuf_16)
                                                         clknet_0_gpio_in[38] (net)
                      0.247772    0.020727    0.427371 ^ clkbuf_1_0_0_gpio_in[38]/A (sky130_fd_sc_hd__clkbuf_8)
     3    0.025624    0.048228    0.142799    0.570170 ^ clkbuf_1_0_0_gpio_in[38]/X (sky130_fd_sc_hd__clkbuf_8)
                                                         clknet_1_0_0_gpio_in[38] (net)
                      0.048732    0.003968    0.574138 ^ clkbuf_1_0_1_gpio_in[38]/A (sky130_fd_sc_hd__clkbuf_8)
     5    0.082572    0.115349    0.142864    0.717002 ^ clkbuf_1_0_1_gpio_in[38]/X (sky130_fd_sc_hd__clkbuf_8)
                                                         clknet_1_0_1_gpio_in[38] (net)
                      0.123792    0.025256    0.742258 ^ clkbuf_2_1_0_gpio_in[38]/A (sky130_fd_sc_hd__clkbuf_8)
     5    0.074287    0.105225    0.157545    0.899803 ^ clkbuf_2_1_0_gpio_in[38]/X (sky130_fd_sc_hd__clkbuf_8)
                                                         clknet_2_1_0_gpio_in[38] (net)
                      0.113017    0.023166    0.922969 ^ clkbuf_3_2_0_gpio_in[38]/A (sky130_fd_sc_hd__clkbuf_8)
    31    0.394970    0.466296    0.299636    1.222606 ^ clkbuf_3_2_0_gpio_in[38]/X (sky130_fd_sc_hd__clkbuf_8)
                                                         clknet_3_2_0_gpio_in[38] (net)
                      0.475657    0.058216    1.280822 ^ clkbuf_leaf_61_gpio_in[38]/A (sky130_fd_sc_hd__clkbuf_8)
     7    0.058739    0.091279    0.187498    1.468320 ^ clkbuf_leaf_61_gpio_in[38]/X (sky130_fd_sc_hd__clkbuf_8)
                                                         clknet_leaf_61_gpio_in[38] (net)
                      0.091478    0.003032    1.471351 ^ _4020_/CLK (sky130_fd_sc_hd__dfrtp_4)
     3    0.024729    0.070880    0.311425    1.782776 ^ _4020_/Q (sky130_fd_sc_hd__dfrtp_4)
                                                         u_chip_core.fabric_spi_controller.rst_ni (net)
                      0.071088    0.003492    1.786268 ^ hold1389/A (sky130_fd_sc_hd__dlygate4sd3_1)
     3    0.025187    0.195716    0.519405    2.305674 ^ hold1389/X (sky130_fd_sc_hd__dlygate4sd3_1)
                                                         net2844 (net)
                      0.195779    0.003551    2.309225 ^ hold1331/A (sky130_fd_sc_hd__clkbuf_4)
     3    0.055219    0.131171    0.198659    2.507884 ^ hold1331/X (sky130_fd_sc_hd__clkbuf_4)
                                                         net2786 (net)
                      0.134041    0.016155    2.524038 ^ wire1315/A (sky130_fd_sc_hd__buf_12)
     5    0.086766    0.080336    0.111292    2.635330 ^ wire1315/X (sky130_fd_sc_hd__buf_12)
                                                         net1315 (net)
                      0.098441    0.030350    2.665680 ^ wire1314/A (sky130_fd_sc_hd__clkbuf_16)
     5    0.379884    0.126029    0.152604    2.818285 ^ wire1314/X (sky130_fd_sc_hd__clkbuf_16)
                                                         net1314 (net)
                      0.857270    0.446103    3.264387 ^ _1490_/C_N (sky130_fd_sc_hd__nor3b_1)
     1    0.003227    0.120501    0.114810    3.379197 ^ _1490_/Y (sky130_fd_sc_hd__nor3b_1)
                                                         u_chip_core.fabric_config_large.rst_ni (net)
                      0.120501    0.000210    3.379408 ^ hold1168/A (sky130_fd_sc_hd__dlygate4sd3_1)
     1    0.005035    0.052319    0.419086    3.798494 ^ hold1168/X (sky130_fd_sc_hd__dlygate4sd3_1)
                                                         net2623 (net)
                      0.052319    0.000352    3.798846 ^ hold1155/A (sky130_fd_sc_hd__dlygate4sd3_1)
     1    0.004337    0.047761    0.403710    4.202556 ^ hold1155/X (sky130_fd_sc_hd__dlygate4sd3_1)
                                                         net2610 (net)
                      0.047761    0.000330    4.202886 ^ wire1286/A (sky130_fd_sc_hd__dlymetal6s2s_1)
     1    0.005853    0.065466    0.088515    4.291400 ^ wire1286/X (sky130_fd_sc_hd__dlymetal6s2s_1)
                                                         net1286 (net)
                      0.065467    0.000465    4.291865 ^ hold1156/A (sky130_fd_sc_hd__dlygate4sd3_1)
     1    0.004674    0.049968    0.407851    4.699716 ^ hold1156/X (sky130_fd_sc_hd__dlygate4sd3_1)
                                                         net2611 (net)
                      0.049968    0.000367    4.700083 ^ wire1285/A (sky130_fd_sc_hd__clkbuf_2)
     2    0.017252    0.076446    0.109730    4.809813 ^ wire1285/X (sky130_fd_sc_hd__clkbuf_2)
                                                         net1285 (net)
                      0.076487    0.001512    4.811326 ^ fanout1261/A (sky130_fd_sc_hd__buf_12)
    11    0.187823    0.163648    0.157352    4.968678 ^ fanout1261/X (sky130_fd_sc_hd__buf_12)
                                                         net1261 (net)
                      0.192976    0.055964    5.024642 ^ fanout1258/A (sky130_fd_sc_hd__buf_12)
    11    0.433369    0.172328    0.139884    5.164526 ^ fanout1258/X (sky130_fd_sc_hd__buf_12)
                                                         net1258 (net)
                      0.987759    0.511933    5.676459 ^ fanout1257/A (sky130_fd_sc_hd__buf_8)
    11    0.112802    0.146969    0.108908    5.785367 ^ fanout1257/X (sky130_fd_sc_hd__buf_8)
                                                         net1257 (net)
                      0.161044    0.036473    5.821840 ^ fanout1256/A (sky130_fd_sc_hd__buf_8)
    20    0.195228    0.233899    0.187723    6.009562 ^ fanout1256/X (sky130_fd_sc_hd__buf_8)
                                                         net1256 (net)
                      0.234015    0.005387    6.014949 ^ fanout1254/A (sky130_fd_sc_hd__clkbuf_2)
     5    0.033965    0.144686    0.185146    6.200095 ^ fanout1254/X (sky130_fd_sc_hd__clkbuf_2)
                                                         net1254 (net)
                      0.144708    0.001584    6.201679 ^ fanout1252/A (sky130_fd_sc_hd__clkbuf_4)
    10    0.061546    0.143174    0.204454    6.406133 ^ fanout1252/X (sky130_fd_sc_hd__clkbuf_4)
                                                         net1252 (net)
                      0.143519    0.006008    6.412141 ^ _3685_/RESET_B (sky130_fd_sc_hd__dfrtp_4)
                                              6.412141   data arrival time

                                 40.000000   40.000000   clock clk (rise edge)
                                  0.000000   40.000000   clock source latency
     2    0.202022    1.000000    0.000000   40.000000 ^ gpio_in[38] (in)
                                                         gpio_in[38] (net)
                      1.288700    0.137131   40.137131 ^ clkbuf_0_gpio_in[38]/A (sky130_fd_sc_hd__clkbuf_16)
     5    0.302833    0.243627    0.234284   40.371414 ^ clkbuf_0_gpio_in[38]/X (sky130_fd_sc_hd__clkbuf_16)
                                                         clknet_0_gpio_in[38] (net)
                      0.246114    0.018748   40.390163 ^ clkbuf_1_0_0_gpio_in[38]/A (sky130_fd_sc_hd__clkbuf_8)
     3    0.025624    0.048180    0.128971   40.519135 ^ clkbuf_1_0_0_gpio_in[38]/X (sky130_fd_sc_hd__clkbuf_8)
                                                         clknet_1_0_0_gpio_in[38] (net)
                      0.048685    0.003588   40.522724 ^ clkbuf_1_0_1_gpio_in[38]/A (sky130_fd_sc_hd__clkbuf_8)
     5    0.082572    0.115349    0.129244   40.651966 ^ clkbuf_1_0_1_gpio_in[38]/X (sky130_fd_sc_hd__clkbuf_8)
                                                         clknet_1_0_1_gpio_in[38] (net)
                      0.123545    0.022521   40.674488 ^ clkbuf_2_0_0_gpio_in[38]/A (sky130_fd_sc_hd__clkbuf_8)
     5    0.105845    0.142926    0.174857   40.849346 ^ clkbuf_2_0_0_gpio_in[38]/X (sky130_fd_sc_hd__clkbuf_8)
                                                         clknet_2_0_0_gpio_in[38] (net)
                      0.144809    0.012456   40.861801 ^ clkbuf_3_0_0_gpio_in[38]/A (sky130_fd_sc_hd__clkbuf_8)
    19    0.199601    0.261508    0.244917   41.106716 ^ clkbuf_3_0_0_gpio_in[38]/X (sky130_fd_sc_hd__clkbuf_8)
                                                         clknet_3_0_0_gpio_in[38] (net)
                      0.263853    0.019210   41.125927 ^ clkbuf_leaf_65_gpio_in[38]/A (sky130_fd_sc_hd__clkbuf_8)
    11    0.062463    0.091683    0.162178   41.288105 ^ clkbuf_leaf_65_gpio_in[38]/X (sky130_fd_sc_hd__clkbuf_8)
                                                         clknet_leaf_65_gpio_in[38] (net)
                      0.091834    0.002348   41.290455 ^ _3685_/CLK (sky130_fd_sc_hd__dfrtp_4)
                                 -0.100000   41.190456   clock uncertainty
                                  0.065035   41.255489   clock reconvergence pessimism
                                  0.105254   41.360748   library recovery time
                                             41.360748   data required time
---------------------------------------------------------------------------------------------
                                             41.360748   data required time
                                             -6.412141   data arrival time
---------------------------------------------------------------------------------------------
                                             34.948608   slack (MET)


Startpoint: _4020_ (rising edge-triggered flip-flop clocked by clk)
Endpoint: _3650_ (rising edge-triggered flip-flop clocked by clk)
Path Group: clk
Path Type: max

Fanout         Cap        Slew       Delay        Time   Description
---------------------------------------------------------------------------------------------
                                  0.000000    0.000000   clock clk (rise edge)
                                  0.000000    0.000000   clock source latency
     2    0.202022    1.190000    0.000000    0.000000 ^ gpio_in[38] (in)
                                                         gpio_in[38] (net)
                      1.478700    0.151568    0.151568 ^ clkbuf_0_gpio_in[38]/A (sky130_fd_sc_hd__clkbuf_16)
     5    0.302833    0.245242    0.255076    0.406644 ^ clkbuf_0_gpio_in[38]/X (sky130_fd_sc_hd__clkbuf_16)
                                                         clknet_0_gpio_in[38] (net)
                      0.247772    0.020727    0.427371 ^ clkbuf_1_0_0_gpio_in[38]/A (sky130_fd_sc_hd__clkbuf_8)
     3    0.025624    0.048228    0.142799    0.570170 ^ clkbuf_1_0_0_gpio_in[38]/X (sky130_fd_sc_hd__clkbuf_8)
                                                         clknet_1_0_0_gpio_in[38] (net)
                      0.048732    0.003968    0.574138 ^ clkbuf_1_0_1_gpio_in[38]/A (sky130_fd_sc_hd__clkbuf_8)
     5    0.082572    0.115349    0.142864    0.717002 ^ clkbuf_1_0_1_gpio_in[38]/X (sky130_fd_sc_hd__clkbuf_8)
                                                         clknet_1_0_1_gpio_in[38] (net)
                      0.123792    0.025256    0.742258 ^ clkbuf_2_1_0_gpio_in[38]/A (sky130_fd_sc_hd__clkbuf_8)
     5    0.074287    0.105225    0.157545    0.899803 ^ clkbuf_2_1_0_gpio_in[38]/X (sky130_fd_sc_hd__clkbuf_8)
                                                         clknet_2_1_0_gpio_in[38] (net)
                      0.113017    0.023166    0.922969 ^ clkbuf_3_2_0_gpio_in[38]/A (sky130_fd_sc_hd__clkbuf_8)
    31    0.394970    0.466296    0.299636    1.222606 ^ clkbuf_3_2_0_gpio_in[38]/X (sky130_fd_sc_hd__clkbuf_8)
                                                         clknet_3_2_0_gpio_in[38] (net)
                      0.475657    0.058216    1.280822 ^ clkbuf_leaf_61_gpio_in[38]/A (sky130_fd_sc_hd__clkbuf_8)
     7    0.058739    0.091279    0.187498    1.468320 ^ clkbuf_leaf_61_gpio_in[38]/X (sky130_fd_sc_hd__clkbuf_8)
                                                         clknet_leaf_61_gpio_in[38] (net)
                      0.091478    0.003032    1.471351 ^ _4020_/CLK (sky130_fd_sc_hd__dfrtp_4)
     3    0.024729    0.070880    0.311425    1.782776 ^ _4020_/Q (sky130_fd_sc_hd__dfrtp_4)
                                                         u_chip_core.fabric_spi_controller.rst_ni (net)
                      0.071088    0.003492    1.786268 ^ hold1389/A (sky130_fd_sc_hd__dlygate4sd3_1)
     3    0.025187    0.195716    0.519405    2.305674 ^ hold1389/X (sky130_fd_sc_hd__dlygate4sd3_1)
                                                         net2844 (net)
                      0.195779    0.003551    2.309225 ^ hold1331/A (sky130_fd_sc_hd__clkbuf_4)
     3    0.055219    0.131171    0.198659    2.507884 ^ hold1331/X (sky130_fd_sc_hd__clkbuf_4)
                                                         net2786 (net)
                      0.134041    0.016155    2.524038 ^ wire1315/A (sky130_fd_sc_hd__buf_12)
     5    0.086766    0.080336    0.111292    2.635330 ^ wire1315/X (sky130_fd_sc_hd__buf_12)
                                                         net1315 (net)
                      0.082988    0.011656    2.646987 ^ hold1332/A (sky130_fd_sc_hd__dlygate4sd3_1)
     1    0.014400    0.117346    0.464179    3.111166 ^ hold1332/X (sky130_fd_sc_hd__dlygate4sd3_1)
                                                         net2787 (net)
                      0.117375    0.001885    3.113051 ^ fanout1313/A (sky130_fd_sc_hd__clkbuf_8)
    11    0.110189    0.145645    0.174477    3.287528 ^ fanout1313/X (sky130_fd_sc_hd__clkbuf_8)
                                                         net1313 (net)
                      0.145970    0.006901    3.294429 ^ hold1333/A (sky130_fd_sc_hd__clkbuf_4)
     7    0.066159    0.154108    0.204864    3.499293 ^ hold1333/X (sky130_fd_sc_hd__clkbuf_4)
                                                         net2788 (net)
                      0.154129    0.001654    3.500947 ^ fanout1311/A (sky130_fd_sc_hd__buf_2)
     7    0.028694    0.108933    0.155554    3.656501 ^ fanout1311/X (sky130_fd_sc_hd__buf_2)
                                                         net1311 (net)
                      0.108954    0.001319    3.657819 ^ fanout1307/A (sky130_fd_sc_hd__buf_4)
    21    0.088643    0.185607    0.202006    3.859825 ^ fanout1307/X (sky130_fd_sc_hd__buf_4)
                                                         net1307 (net)
                      0.185653    0.002640    3.862465 ^ _1597_/A (sky130_fd_sc_hd__nand2_8)
    11    0.171476    0.175657    0.151305    4.013770 v _1597_/Y (sky130_fd_sc_hd__nand2_8)
                                                         _0873_ (net)
                      0.181886    0.026971    4.040741 v _1599_/A (sky130_fd_sc_hd__or2_4)
    11    0.329416    0.220070    0.314269    4.355010 v _1599_/X (sky130_fd_sc_hd__or2_4)
                                                         _0875_ (net)
                      0.605412    0.292008    4.647017 v _1604_/A (sky130_fd_sc_hd__nor2_8)
     3    0.182047    0.498849    0.550593    5.197610 ^ _1604_/Y (sky130_fd_sc_hd__nor2_8)
                                                         _0000_ (net)
                      0.523387    0.090695    5.288306 ^ hold1624/A (sky130_fd_sc_hd__buf_4)
     3    0.079440    0.168923    0.199732    5.488038 ^ hold1624/X (sky130_fd_sc_hd__buf_4)
                                                         net3079 (net)
                      0.174496    0.025421    5.513459 ^ fanout752/A (sky130_fd_sc_hd__buf_12)
    11    0.726770    0.165351    0.171636    5.685095 ^ fanout752/X (sky130_fd_sc_hd__buf_12)
                                                         net752 (net)
                      2.535652    1.339690    7.024785 ^ fanout751/A (sky130_fd_sc_hd__clkbuf_4)
     7    0.043206    0.143486    0.219303    7.244088 ^ fanout751/X (sky130_fd_sc_hd__clkbuf_4)
                                                         net751 (net)
                      0.143582    0.003121    7.247209 ^ fanout750/A (sky130_fd_sc_hd__clkbuf_4)
    10    0.059264    0.138561    0.199953    7.447162 ^ fanout750/X (sky130_fd_sc_hd__clkbuf_4)
                                                         net750 (net)
                      0.138910    0.005965    7.453127 ^ _2494_/S (sky130_fd_sc_hd__mux2_1)
     1    0.010357    0.113001    0.237258    7.690385 v _2494_/X (sky130_fd_sc_hd__mux2_1)
                                                         _0448_ (net)
                      0.113001    0.001288    7.691673 v hold1540/A (sky130_fd_sc_hd__dlygate4sd3_1)
     1    0.008257    0.057284    0.438735    8.130408 v hold1540/X (sky130_fd_sc_hd__dlygate4sd3_1)
                                                         net2995 (net)
                      0.057284    0.000659    8.131067 v _3650_/D (sky130_fd_sc_hd__dfxtp_1)
                                              8.131067   data arrival time

                                 40.000000   40.000000   clock clk (rise edge)
                                  0.000000   40.000000   clock source latency
     2    0.202022    1.000000    0.000000   40.000000 ^ gpio_in[38] (in)
                                                         gpio_in[38] (net)
                      1.288700    0.137131   40.137131 ^ clkbuf_0_gpio_in[38]/A (sky130_fd_sc_hd__clkbuf_16)
     5    0.302833    0.243627    0.234284   40.371414 ^ clkbuf_0_gpio_in[38]/X (sky130_fd_sc_hd__clkbuf_16)
                                                         clknet_0_gpio_in[38] (net)
                      0.307327    0.091468   40.462883 ^ clkbuf_1_1_0_gpio_in[38]/A (sky130_fd_sc_hd__clkbuf_8)
     3    0.093321    0.129404    0.177291   40.640175 ^ clkbuf_1_1_0_gpio_in[38]/X (sky130_fd_sc_hd__clkbuf_8)
                                                         clknet_1_1_0_gpio_in[38] (net)
                      0.143724    0.031317   40.671494 ^ clkbuf_1_1_1_gpio_in[38]/A (sky130_fd_sc_hd__clkbuf_8)
     5    0.101113    0.136883    0.160142   40.831635 ^ clkbuf_1_1_1_gpio_in[38]/X (sky130_fd_sc_hd__clkbuf_8)
                                                         clknet_1_1_1_gpio_in[38] (net)
                      0.151099    0.031978   40.863613 ^ clkbuf_2_2_0_gpio_in[38]/A (sky130_fd_sc_hd__clkbuf_8)
     5    0.074054    0.105417    0.146830   41.010441 ^ clkbuf_2_2_0_gpio_in[38]/X (sky130_fd_sc_hd__clkbuf_8)
                                                         clknet_2_2_0_gpio_in[38] (net)
                      0.112814    0.020513   41.030956 ^ clkbuf_3_5_0_gpio_in[38]/A (sky130_fd_sc_hd__clkbuf_8)
    21    0.308369    0.356568    0.185782   41.216740 ^ clkbuf_3_5_0_gpio_in[38]/X (sky130_fd_sc_hd__clkbuf_8)
                                                         clknet_3_5_0_gpio_in[38] (net)
                      0.645662    0.267370   41.484108 ^ clkbuf_leaf_31_gpio_in[38]/A (sky130_fd_sc_hd__clkbuf_8)
    41    0.098178    0.137093    0.210552   41.694660 ^ clkbuf_leaf_31_gpio_in[38]/X (sky130_fd_sc_hd__clkbuf_8)
                                                         clknet_leaf_31_gpio_in[38] (net)
                      0.137529    0.005901   41.700562 ^ _3650_/CLK (sky130_fd_sc_hd__dfxtp_1)
                                 -0.100000   41.600563   clock uncertainty
                                  0.035229   41.635792   clock reconvergence pessimism
                                 -0.068837   41.566956   library setup time
                                             41.566956   data required time
---------------------------------------------------------------------------------------------
                                             41.566956   data required time
                                             -8.131067   data arrival time
---------------------------------------------------------------------------------------------
                                             33.435886   slack (MET)




===========================================================================
report_checks --slack_max -0.01
============================================================================
======================= max_ff_n40C_1v95 Corner ===================================

No paths found.


===========================================================================
 report_check_types -max_slew -max_cap -max_fanout -violators
============================================================================
======================= max_ff_n40C_1v95 Corner ===================================

max slew

Pin                                        Limit        Slew       Slack
------------------------------------------------------------------------
wire938/A                               1.500000   16.025566  -14.525565 (VIOLATED)
ANTENNA_322/DIODE                       1.500000   16.025461  -14.525460 (VIOLATED)
ANTENNA_wire938_A/DIODE                 1.500000   16.025454  -14.525454 (VIOLATED)
ANTENNA_321/DIODE                       1.500000   16.025389  -14.525390 (VIOLATED)
wire929/A                               1.500000   14.817853  -13.317853 (VIOLATED)
ANTENNA_wire929_A/DIODE                 1.500000   14.817749  -13.317749 (VIOLATED)
wire1037/A                              1.500000   10.307112   -8.807112 (VIOLATED)
ANTENNA_wire1037_A/DIODE                1.500000   10.306878   -8.806878 (VIOLATED)
wire1408/A                              1.500000    6.587428   -5.087428 (VIOLATED)
ANTENNA_wire1408_A/DIODE                1.500000    6.586646   -5.086646 (VIOLATED)
wire1038/A                              1.500000    6.304310   -4.804310 (VIOLATED)
ANTENNA_5/DIODE                         1.500000    6.303936   -4.803936 (VIOLATED)
ANTENNA_4/DIODE                         1.500000    6.303931   -4.803931 (VIOLATED)
ANTENNA_wire1038_A/DIODE                1.500000    6.303934   -4.803934 (VIOLATED)
ANTENNA_2/DIODE                         1.500000    6.303383   -4.803383 (VIOLATED)
ANTENNA_3/DIODE                         1.500000    6.303359   -4.803359 (VIOLATED)
_1504_/A                                1.500000    6.215567   -4.715567 (VIOLATED)
ANTENNA__1504__A/DIODE                  1.500000    6.215466   -4.715466 (VIOLATED)
load_slew1433/A                         1.500000    6.203500   -4.703500 (VIOLATED)
ANTENNA_load_slew1433_A/DIODE           1.500000    6.203231   -4.703232 (VIOLATED)
wire1035/A                              1.500000    6.173730   -4.673730 (VIOLATED)
ANTENNA_wire1035_A/DIODE                1.500000    6.173482   -4.673482 (VIOLATED)
_1485_/A                                1.500000    5.999509   -4.499509 (VIOLATED)
ANTENNA__1485__A/DIODE                  1.500000    5.999477   -4.499477 (VIOLATED)
_1509_/A                                1.500000    5.747330   -4.247330 (VIOLATED)
ANTENNA__1509__A/DIODE                  1.500000    5.746779   -4.246780 (VIOLATED)
_1510_/A                                1.500000    5.270209   -3.770209 (VIOLATED)
ANTENNA__1510__A/DIODE                  1.500000    5.270160   -3.770160 (VIOLATED)
wire1430/A                              1.500000    3.843779   -2.343779 (VIOLATED)
ANTENNA_wire1430_A/DIODE                1.500000    3.843584   -2.343584 (VIOLATED)
_1503_/A                                1.500000    3.744998   -2.244998 (VIOLATED)
ANTENNA__1503__A/DIODE                  1.500000    3.744929   -2.244929 (VIOLATED)
_2502_/A1                               1.500000    3.474487   -1.974487 (VIOLATED)
ANTENNA__2502__A1/DIODE                 1.500000    3.474388   -1.974388 (VIOLATED)
_1505_/A                                1.500000    3.458833   -1.958833 (VIOLATED)
ANTENNA__1505__A/DIODE                  1.500000    3.458753   -1.958753 (VIOLATED)
_1506_/A                                1.500000    3.410362   -1.910362 (VIOLATED)
ANTENNA__1506__A/DIODE                  1.500000    3.410327   -1.910327 (VIOLATED)
ANTENNA__2503__A1/DIODE                 1.500000    3.362183   -1.862183 (VIOLATED)
_2503_/A1                               1.500000    3.362149   -1.862149 (VIOLATED)
ANTENNA__2476__A1/DIODE                 1.500000    2.910400   -1.410400 (VIOLATED)
_2476_/A1                               1.500000    2.910375   -1.410375 (VIOLATED)
_2482_/A1                               1.500000    2.884421   -1.384421 (VIOLATED)
ANTENNA__2482__A1/DIODE                 1.500000    2.884400   -1.384400 (VIOLATED)
wire1028/A                              1.500000    2.785743   -1.285743 (VIOLATED)
ANTENNA_wire1028_A/DIODE                1.500000    2.785431   -1.285431 (VIOLATED)
_2479_/A1                               1.500000    2.766569   -1.266569 (VIOLATED)
ANTENNA__2479__A1/DIODE                 1.500000    2.766430   -1.266430 (VIOLATED)
ANTENNA_fanout1129_A/DIODE              1.500000    2.734023   -1.234023 (VIOLATED)
wire947/A                               1.500000    2.719491   -1.219491 (VIOLATED)
ANTENNA_197/DIODE                       1.500000    2.719455   -1.219455 (VIOLATED)
ANTENNA_wire947_A/DIODE                 1.500000    2.719440   -1.219441 (VIOLATED)
ANTENNA_198/DIODE                       1.500000    2.719435   -1.219435 (VIOLATED)
ANTENNA_199/DIODE                       1.500000    2.719428   -1.219428 (VIOLATED)
ANTENNA_200/DIODE                       1.500000    2.719420   -1.219421 (VIOLATED)
ANTENNA_201/DIODE                       1.500000    2.719412   -1.219412 (VIOLATED)
ANTENNA_202/DIODE                       1.500000    2.719402   -1.219402 (VIOLATED)
fanout1129/A                            1.500000    2.694981   -1.194981 (VIOLATED)
_2487_/A1                               1.500000    2.608265   -1.108265 (VIOLATED)
ANTENNA__2487__A1/DIODE                 1.500000    2.608236   -1.108236 (VIOLATED)
_2483_/A1                               1.500000    2.564184   -1.064185 (VIOLATED)
ANTENNA__2483__A1/DIODE                 1.500000    2.564074   -1.064074 (VIOLATED)
fanout751/A                             1.500000    2.535652   -1.035652 (VIOLATED)
ANTENNA_fanout751_A/DIODE               1.500000    2.535596   -1.035596 (VIOLATED)
_2488_/S                                1.500000    2.534966   -1.034966 (VIOLATED)
ANTENNA__2488__S/DIODE                  1.500000    2.534282   -1.034282 (VIOLATED)
ANTENNA__2487__S/DIODE                  1.500000    2.533544   -1.033544 (VIOLATED)
_2487_/S                                1.500000    2.532828   -1.032828 (VIOLATED)
ANTENNA__2504__A1/DIODE                 1.500000    2.532799   -1.032799 (VIOLATED)
_2504_/A1                               1.500000    2.532789   -1.032789 (VIOLATED)
ANTENNA__2505__A1/DIODE                 1.500000    2.532628   -1.032628 (VIOLATED)
_2505_/A1                               1.500000    2.532625   -1.032625 (VIOLATED)
fanout749/A                             1.500000    2.531117   -1.031117 (VIOLATED)
ANTENNA_fanout749_A/DIODE               1.500000    2.531012   -1.031012 (VIOLATED)
ANTENNA__2492__A1/DIODE                 1.500000    2.451182   -0.951182 (VIOLATED)
_2492_/A1                               1.500000    2.451092   -0.951092 (VIOLATED)
_2480_/A1                               1.500000    2.442975   -0.942975 (VIOLATED)
ANTENNA__2480__A1/DIODE                 1.500000    2.442886   -0.942886 (VIOLATED)
_2485_/A1                               1.500000    2.439004   -0.939004 (VIOLATED)
ANTENNA__2485__A1/DIODE                 1.500000    2.438977   -0.938978 (VIOLATED)
_2494_/A1                               1.500000    2.412453   -0.912453 (VIOLATED)
ANTENNA__2494__A1/DIODE                 1.500000    2.412340   -0.912340 (VIOLATED)
ANTENNA__2477__A1/DIODE                 1.500000    2.408218   -0.908218 (VIOLATED)
_2477_/A1                               1.500000    2.408211   -0.908211 (VIOLATED)
_2481_/A1                               1.500000    2.394478   -0.894478 (VIOLATED)
ANTENNA__2481__A1/DIODE                 1.500000    2.394378   -0.894378 (VIOLATED)
_2478_/A1                               1.500000    2.387311   -0.887312 (VIOLATED)
ANTENNA__2478__A1/DIODE                 1.500000    2.387270   -0.887270 (VIOLATED)
fanout1231/A                            1.500000    2.366891   -0.866891 (VIOLATED)
ANTENNA_fanout1231_A/DIODE              1.500000    2.366052   -0.866052 (VIOLATED)
fanout1126/A                            1.500000    2.322085   -0.822085 (VIOLATED)
ANTENNA_fanout1126_A/DIODE              1.500000    2.320664   -0.820664 (VIOLATED)
wire1421/A                              1.500000    2.284948   -0.784948 (VIOLATED)
ANTENNA_146/DIODE                       1.500000    2.284804   -0.784804 (VIOLATED)
ANTENNA_wire1421_A/DIODE                1.500000    2.284799   -0.784799 (VIOLATED)
ANTENNA_147/DIODE                       1.500000    2.284798   -0.784798 (VIOLATED)
ANTENNA_145/DIODE                       1.500000    2.284687   -0.784687 (VIOLATED)
ANTENNA_144/DIODE                       1.500000    2.284682   -0.784682 (VIOLATED)
wire1062/A                              1.500000    2.251620   -0.751620 (VIOLATED)
ANTENNA_wire1062_A/DIODE                1.500000    2.250873   -0.750873 (VIOLATED)
ANTENNA_fanout1123_A/DIODE              1.500000    2.242156   -0.742156 (VIOLATED)
fanout1123/A                            1.500000    2.233204   -0.733204 (VIOLATED)
_2495_/A1                               1.500000    2.197657   -0.697657 (VIOLATED)
ANTENNA__2495__A1/DIODE                 1.500000    2.197526   -0.697526 (VIOLATED)
ANTENNA_wire948_X/DIODE                 1.500000    2.141739   -0.641739 (VIOLATED)
wire948/X                               1.500000    2.141661   -0.641661 (VIOLATED)
fanout1207/A                            1.500000    2.127465   -0.627465 (VIOLATED)
ANTENNA_fanout1207_A/DIODE              1.500000    2.127224   -0.627224 (VIOLATED)
_1501_/A                                1.500000    2.101216   -0.601216 (VIOLATED)
ANTENNA__1501__A/DIODE                  1.500000    2.101193   -0.601193 (VIOLATED)
_2493_/A1                               1.500000    2.076288   -0.576289 (VIOLATED)
ANTENNA__2493__A1/DIODE                 1.500000    2.076215   -0.576215 (VIOLATED)
fanout1225/A                            1.500000    2.043478   -0.543478 (VIOLATED)
ANTENNA_fanout1225_A/DIODE              1.500000    2.042970   -0.542970 (VIOLATED)
fanout1298/A                            1.500000    2.010080   -0.510080 (VIOLATED)
ANTENNA_fanout1298_A/DIODE              1.500000    2.009439   -0.509439 (VIOLATED)
_1498_/A                                1.500000    1.976681   -0.476681 (VIOLATED)
ANTENNA__1498__A/DIODE                  1.500000    1.976607   -0.476607 (VIOLATED)
_2475_/A1                               1.500000    1.975632   -0.475632 (VIOLATED)
ANTENNA__2475__A1/DIODE                 1.500000    1.975600   -0.475600 (VIOLATED)
fanout1293/A                            1.500000    1.969089   -0.469089 (VIOLATED)
ANTENNA_fanout1293_A/DIODE              1.500000    1.968775   -0.468775 (VIOLATED)
wire828/A                               1.500000    1.959895   -0.459895 (VIOLATED)
ANTENNA_wire828_A/DIODE                 1.500000    1.959669   -0.459669 (VIOLATED)
_2491_/A1                               1.500000    1.944322   -0.444322 (VIOLATED)
ANTENNA__2491__A1/DIODE                 1.500000    1.944261   -0.444261 (VIOLATED)
fanout1122/A                            1.500000    1.932760   -0.432760 (VIOLATED)
ANTENNA_fanout1122_A/DIODE              1.500000    1.931965   -0.431965 (VIOLATED)
wire1026/A                              1.500000    1.902596   -0.402596 (VIOLATED)
ANTENNA_wire1026_A/DIODE                1.500000    1.902261   -0.402261 (VIOLATED)
fanout1216/A                            1.500000    1.894721   -0.394721 (VIOLATED)
ANTENNA_fanout1216_A/DIODE              1.500000    1.894316   -0.394316 (VIOLATED)
fanout1192/A                            1.500000    1.865502   -0.365503 (VIOLATED)
ANTENNA_fanout1192_A/DIODE              1.500000    1.864655   -0.364655 (VIOLATED)
fanout1177/A                            1.500000    1.864623   -0.364623 (VIOLATED)
ANTENNA_fanout1177_A/DIODE              1.500000    1.863968   -0.363968 (VIOLATED)
wire928/A                               1.500000    1.850740   -0.350740 (VIOLATED)
ANTENNA_wire928_A/DIODE                 1.500000    1.850180   -0.350180 (VIOLATED)
_2489_/A1                               1.500000    1.835664   -0.335664 (VIOLATED)
ANTENNA__2489__A1/DIODE                 1.500000    1.835576   -0.335576 (VIOLATED)
wire1057/A                              1.500000    1.812389   -0.312389 (VIOLATED)
ANTENNA_wire1057_A/DIODE                1.500000    1.812301   -0.312301 (VIOLATED)
fanout1204/A                            1.500000    1.798685   -0.298685 (VIOLATED)
fanout1198/A                            1.500000    1.779070   -0.279070 (VIOLATED)
ANTENNA_fanout1198_A/DIODE              1.500000    1.777982   -0.277982 (VIOLATED)
ANTENNA_fanout1204_A/DIODE              1.500000    1.776174   -0.276174 (VIOLATED)
_1499_/A                                1.500000    1.774040   -0.274040 (VIOLATED)
ANTENNA__1499__A/DIODE                  1.500000    1.774030   -0.274030 (VIOLATED)
fanout1290/A                            1.500000    1.771379   -0.271379 (VIOLATED)
ANTENNA_fanout1290_A/DIODE              1.500000    1.770853   -0.270853 (VIOLATED)
_1508_/A                                1.500000    1.750897   -0.250897 (VIOLATED)
ANTENNA__1508__A/DIODE                  1.500000    1.750867   -0.250867 (VIOLATED)
fanout1210/A                            1.500000    1.716661   -0.216661 (VIOLATED)
ANTENNA_fanout1210_A/DIODE              1.500000    1.716281   -0.216281 (VIOLATED)
fanout1222/A                            1.500000    1.692778   -0.192778 (VIOLATED)
ANTENNA_fanout1222_A/DIODE              1.500000    1.692312   -0.192312 (VIOLATED)
fanout1219/A                            1.500000    1.690705   -0.190705 (VIOLATED)
ANTENNA_fanout1219_A/DIODE              1.500000    1.688188   -0.188188 (VIOLATED)
_4502_/A                                1.500000    1.687658   -0.187658 (VIOLATED)
ANTENNA__4502__A/DIODE                  1.500000    1.687497   -0.187497 (VIOLATED)
_2851_/B2                               1.500000    1.655636   -0.155636 (VIOLATED)
ANTENNA__2851__B2/DIODE                 1.500000    1.655423   -0.155423 (VIOLATED)
_2488_/A1                               1.500000    1.648923   -0.148923 (VIOLATED)
ANTENNA__2488__A1/DIODE                 1.500000    1.648895   -0.148895 (VIOLATED)
fanout1213/A                            1.500000    1.648385   -0.148385 (VIOLATED)
ANTENNA_fanout1213_A/DIODE              1.500000    1.647532   -0.147532 (VIOLATED)
_2490_/A1                               1.500000    1.635795   -0.135795 (VIOLATED)
ANTENNA__2490__A1/DIODE                 1.500000    1.635790   -0.135790 (VIOLATED)
ANTENNA_234/DIODE                       1.500000    1.635734   -0.135734 (VIOLATED)
_2850_/B2                               1.500000    1.635154   -0.135154 (VIOLATED)
ANTENNA__2842__B2/DIODE                 1.500000    1.635154   -0.135154 (VIOLATED)
ANTENNA__2850__B2/DIODE                 1.500000    1.635151   -0.135151 (VIOLATED)
_2842_/B2                               1.500000    1.635136   -0.135136 (VIOLATED)
fanout1171/A                            1.500000    1.635014   -0.135014 (VIOLATED)
ANTENNA_fanout1171_A/DIODE              1.500000    1.634600   -0.134600 (VIOLATED)
_4501_/A                                1.500000    1.634151   -0.134151 (VIOLATED)
ANTENNA__4501__A/DIODE                  1.500000    1.633909   -0.133909 (VIOLATED)
_2558_/A1                               1.500000    1.626860   -0.126860 (VIOLATED)
ANTENNA__2558__A1/DIODE                 1.500000    1.626838   -0.126838 (VIOLATED)
_2566_/A1                               1.500000    1.624793   -0.124794 (VIOLATED)
ANTENNA__2566__A1/DIODE                 1.500000    1.624766   -0.124766 (VIOLATED)
_2845_/B2                               1.500000    1.623256   -0.123256 (VIOLATED)
ANTENNA__2845__B2/DIODE                 1.500000    1.622939   -0.122939 (VIOLATED)
_1539_/A2                               1.500000    1.616203   -0.116203 (VIOLATED)
ANTENNA__1539__A2/DIODE                 1.500000    1.616198   -0.116198 (VIOLATED)
_1538_/A2                               1.500000    1.615705   -0.115705 (VIOLATED)
ANTENNA__1538__A2/DIODE                 1.500000    1.615593   -0.115593 (VIOLATED)
_2591_/A1                               1.500000    1.603059   -0.103059 (VIOLATED)
ANTENNA__2591__A1/DIODE                 1.500000    1.602705   -0.102705 (VIOLATED)
wire1025/A                              1.500000    1.602676   -0.102676 (VIOLATED)
ANTENNA_wire1025_A/DIODE                1.500000    1.602592   -0.102592 (VIOLATED)
_2599_/A1                               1.500000    1.600630   -0.100630 (VIOLATED)
ANTENNA__2599__A1/DIODE                 1.500000    1.600339   -0.100339 (VIOLATED)
ANTENNA__1540__A2/DIODE                 1.500000    1.598844   -0.098844 (VIOLATED)
_1540_/A2                               1.500000    1.598519   -0.098520 (VIOLATED)
_1575_/A2                               1.500000    1.593968   -0.093968 (VIOLATED)
ANTENNA__1575__A2/DIODE                 1.500000    1.593767   -0.093767 (VIOLATED)
_2567_/A1                               1.500000    1.591597   -0.091597 (VIOLATED)
ANTENNA__2567__A1/DIODE                 1.500000    1.591516   -0.091516 (VIOLATED)
_2561_/A1                               1.500000    1.585436   -0.085436 (VIOLATED)
_2486_/A1                               1.500000    1.585393   -0.085393 (VIOLATED)
ANTENNA__2561__A1/DIODE                 1.500000    1.585377   -0.085377 (VIOLATED)
ANTENNA__2486__A1/DIODE                 1.500000    1.585333   -0.085333 (VIOLATED)
wire1428/A                              1.500000    1.585312   -0.085313 (VIOLATED)
ANTENNA_wire1428_A/DIODE                1.500000    1.584521   -0.084522 (VIOLATED)
_2844_/B2                               1.500000    1.581710   -0.081710 (VIOLATED)
ANTENNA__2844__B2/DIODE                 1.500000    1.581234   -0.081234 (VIOLATED)
_2594_/A1                               1.500000    1.580480   -0.080480 (VIOLATED)
ANTENNA__2594__A1/DIODE                 1.500000    1.580459   -0.080459 (VIOLATED)
_2849_/B2                               1.500000    1.575525   -0.075525 (VIOLATED)
ANTENNA__2849__B2/DIODE                 1.500000    1.575488   -0.075488 (VIOLATED)
wire1053/A                              1.500000    1.574718   -0.074718 (VIOLATED)
ANTENNA_wire1053_A/DIODE                1.500000    1.574639   -0.074639 (VIOLATED)
_2600_/A1                               1.500000    1.568630   -0.068630 (VIOLATED)
ANTENNA__2600__A1/DIODE                 1.500000    1.567921   -0.067921 (VIOLATED)
ANTENNA__2627__A1/DIODE                 1.500000    1.566417   -0.066417 (VIOLATED)
_2627_/A1                               1.500000    1.565839   -0.065839 (VIOLATED)
_2624_/A1                               1.500000    1.565704   -0.065704 (VIOLATED)
ANTENNA__2624__A1/DIODE                 1.500000    1.565254   -0.065254 (VIOLATED)
_2632_/A1                               1.500000    1.562990   -0.062990 (VIOLATED)
ANTENNA__2632__A1/DIODE                 1.500000    1.562961   -0.062961 (VIOLATED)
_2565_/A1                               1.500000    1.561998   -0.061999 (VIOLATED)
ANTENNA__2565__A1/DIODE                 1.500000    1.561324   -0.061324 (VIOLATED)
_2633_/A1                               1.500000    1.553784   -0.053784 (VIOLATED)
ANTENNA__2633__A1/DIODE                 1.500000    1.553729   -0.053729 (VIOLATED)
wire1030/A                              1.500000    1.553164   -0.053164 (VIOLATED)
ANTENNA_wire1030_A/DIODE                1.500000    1.552939   -0.052939 (VIOLATED)
ANTENNA__2841__B2/DIODE                 1.500000    1.550897   -0.050897 (VIOLATED)
_2841_/B2                               1.500000    1.550881   -0.050881 (VIOLATED)
_2560_/A1                               1.500000    1.544334   -0.044334 (VIOLATED)
ANTENNA__2560__A1/DIODE                 1.500000    1.544281   -0.044281 (VIOLATED)
_2598_/A1                               1.500000    1.542491   -0.042491 (VIOLATED)
ANTENNA__2598__A1/DIODE                 1.500000    1.542462   -0.042462 (VIOLATED)
_4026_/SET_B                            1.500000    1.533326   -0.033326 (VIOLATED)
ANTENNA__4026__SET_B/DIODE              1.500000    1.533308   -0.033308 (VIOLATED)
ANTENNA__2666__A1/DIODE                 1.500000    1.532692   -0.032692 (VIOLATED)
_2843_/B2                               1.500000    1.532132   -0.032132 (VIOLATED)
ANTENNA__2843__B2/DIODE                 1.500000    1.532119   -0.032119 (VIOLATED)
_4025_/SET_B                            1.500000    1.532035   -0.032035 (VIOLATED)
ANTENNA__4025__SET_B/DIODE              1.500000    1.532009   -0.032009 (VIOLATED)
_2666_/A1                               1.500000    1.531965   -0.031965 (VIOLATED)
_2440_/A0                               1.500000    1.529679   -0.029679 (VIOLATED)
ANTENNA__2440__A0/DIODE                 1.500000    1.529663   -0.029663 (VIOLATED)
_2484_/A1                               1.500000    1.525234   -0.025234 (VIOLATED)
ANTENNA__2484__A1/DIODE                 1.500000    1.525184   -0.025184 (VIOLATED)
_2557_/A1                               1.500000    1.525077   -0.025077 (VIOLATED)
ANTENNA__2557__A1/DIODE                 1.500000    1.525053   -0.025053 (VIOLATED)
_2590_/A1                               1.500000    1.523010   -0.023011 (VIOLATED)
ANTENNA__2590__A1/DIODE                 1.500000    1.522894   -0.022894 (VIOLATED)
_2847_/B2                               1.500000    1.522619   -0.022619 (VIOLATED)
ANTENNA__2847__B2/DIODE                 1.500000    1.522406   -0.022406 (VIOLATED)
_2407_/A0                               1.500000    1.520922   -0.020922 (VIOLATED)
ANTENNA__2407__A0/DIODE                 1.500000    1.520907   -0.020907 (VIOLATED)
fanout1400/A                            1.500000    1.517743   -0.017743 (VIOLATED)
ANTENNA_fanout1400_A/DIODE              1.500000    1.517718   -0.017718 (VIOLATED)
_2593_/A1                               1.500000    1.516573   -0.016573 (VIOLATED)
ANTENNA__2593__A1/DIODE                 1.500000    1.516504   -0.016504 (VIOLATED)
fanout1128/A                            1.500000    1.514545   -0.014545 (VIOLATED)
_2623_/A1                               1.500000    1.513953   -0.013954 (VIOLATED)
ANTENNA__2623__A1/DIODE                 1.500000    1.513926   -0.013926 (VIOLATED)
ANTENNA_fanout1128_A/DIODE              1.500000    1.513627   -0.013627 (VIOLATED)
wire1392/A                              1.500000    1.509628   -0.009628 (VIOLATED)
ANTENNA_wire1392_A/DIODE                1.500000    1.508872   -0.008872 (VIOLATED)
fanout1168/A                            1.500000    1.508215   -0.008215 (VIOLATED)
ANTENNA__2665__A1/DIODE                 1.500000    1.507786   -0.007786 (VIOLATED)
_2657_/A1                               1.500000    1.507383   -0.007383 (VIOLATED)
ANTENNA__2657__A1/DIODE                 1.500000    1.507317   -0.007317 (VIOLATED)
_2660_/A1                               1.500000    1.507022   -0.007022 (VIOLATED)
ANTENNA__2660__A1/DIODE                 1.500000    1.506997   -0.006997 (VIOLATED)
_2665_/A1                               1.500000    1.506908   -0.006908 (VIOLATED)
ANTENNA_fanout1168_A/DIODE              1.500000    1.506887   -0.006887 (VIOLATED)
_2559_/A1                               1.500000    1.503338   -0.003338 (VIOLATED)
ANTENNA__2559__A1/DIODE                 1.500000    1.503307   -0.003307 (VIOLATED)
_2631_/A1                               1.500000    1.502849   -0.002849 (VIOLATED)
ANTENNA__2631__A1/DIODE                 1.500000    1.501963   -0.001963 (VIOLATED)

max fanout

Pin                                   Limit Fanout  Slack
---------------------------------------------------------
clkbuf_leaf_10_gpio_in[38]/X             20     49    -29 (VIOLATED)
clkbuf_leaf_11_gpio_in[38]/X             20     49    -29 (VIOLATED)
clkbuf_leaf_17_gpio_in[38]/X             20     47    -27 (VIOLATED)
clkbuf_leaf_22_gpio_in[38]/X             20     47    -27 (VIOLATED)
clkbuf_leaf_35_gpio_in[38]/X             20     47    -27 (VIOLATED)
clkbuf_leaf_3_gpio_in[38]/X              20     45    -25 (VIOLATED)
clkbuf_leaf_15_gpio_in[38]/X             20     43    -23 (VIOLATED)
clkbuf_leaf_25_gpio_in[38]/X             20     43    -23 (VIOLATED)
clkbuf_leaf_27_gpio_in[38]/X             20     43    -23 (VIOLATED)
clkbuf_leaf_2_gpio_in[38]/X              20     43    -23 (VIOLATED)
clkbuf_leaf_32_gpio_in[38]/X             20     43    -23 (VIOLATED)
clkbuf_leaf_16_gpio_in[38]/X             20     41    -21 (VIOLATED)
clkbuf_leaf_21_gpio_in[38]/X             20     41    -21 (VIOLATED)
clkbuf_leaf_31_gpio_in[38]/X             20     41    -21 (VIOLATED)
clkbuf_leaf_41_gpio_in[38]/X             20     41    -21 (VIOLATED)
clkbuf_leaf_53_gpio_in[38]/X             20     41    -21 (VIOLATED)
clkbuf_leaf_1_gpio_in[38]/X              20     39    -19 (VIOLATED)
clkbuf_leaf_12_gpio_in[38]/X             20     37    -17 (VIOLATED)
clkbuf_leaf_49_gpio_in[38]/X             20     37    -17 (VIOLATED)
clkbuf_leaf_52_gpio_in[38]/X             20     37    -17 (VIOLATED)
clkbuf_leaf_9_gpio_in[38]/X              20     37    -17 (VIOLATED)
clkbuf_leaf_13_gpio_in[38]/X             20     35    -15 (VIOLATED)
clkbuf_leaf_57_gpio_in[38]/X             20     35    -15 (VIOLATED)
clkbuf_leaf_50_gpio_in[38]/X             20     33    -13 (VIOLATED)
clkbuf_leaf_59_gpio_in[38]/X             20     33    -13 (VIOLATED)
fanout1194/X                             20     32    -12 (VIOLATED)
clkbuf_3_2_0_gpio_in[38]/X               20     31    -11 (VIOLATED)
clkbuf_leaf_19_gpio_in[38]/X             20     31    -11 (VIOLATED)
clkbuf_leaf_23_gpio_in[38]/X             20     31    -11 (VIOLATED)
max_cap807/X                             20     31    -11 (VIOLATED)
clkbuf_leaf_34_gpio_in[38]/X             20     29     -9 (VIOLATED)
clkbuf_leaf_58_gpio_in[38]/X             20     29     -9 (VIOLATED)
clkbuf_leaf_0_gpio_in[38]/X              20     27     -7 (VIOLATED)
clkbuf_leaf_36_gpio_in[38]/X             20     27     -7 (VIOLATED)
clkbuf_3_3_0_gpio_in[38]/X               20     25     -5 (VIOLATED)
clkbuf_leaf_33_gpio_in[38]/X             20     25     -5 (VIOLATED)
clkbuf_leaf_60_gpio_in[38]/X             20     25     -5 (VIOLATED)
clkbuf_leaf_6_gpio_in[38]/X              20     25     -5 (VIOLATED)
fanout1251/X                             20     24     -4 (VIOLATED)
clkbuf_leaf_28_gpio_in[38]/X             20     23     -3 (VIOLATED)
fanout1186/X                             20     23     -3 (VIOLATED)
fanout1189/X                             20     23     -3 (VIOLATED)
fanout1204/X                             20     23     -3 (VIOLATED)
fanout1234/X                             20     23     -3 (VIOLATED)
gpio_loopback_zero[25]                   20     22     -2 (VIOLATED)
gpio_loopback_zero[26]                   20     22     -2 (VIOLATED)
gpio_loopback_zero[30]                   20     22     -2 (VIOLATED)
gpio_loopback_zero[32]                   20     22     -2 (VIOLATED)
gpio_loopback_zero[38]                   20     22     -2 (VIOLATED)
fanout1185/X                             20     22     -2 (VIOLATED)
fanout1198/X                             20     22     -2 (VIOLATED)
fanout1216/X                             20     22     -2 (VIOLATED)
fanout1344/X                             20     22     -2 (VIOLATED)
clkbuf_3_1_0_gpio_in[38]/X               20     21        (VIOLATED)
clkbuf_3_5_0_gpio_in[38]/X               20     21        (VIOLATED)
fanout1112/X                             20     21        (VIOLATED)
fanout1114/X                             20     21        (VIOLATED)
fanout1116/X                             20     21        (VIOLATED)
fanout1122/X                             20     21        (VIOLATED)
fanout1123/X                             20     21        (VIOLATED)
fanout1125/X                             20     21        (VIOLATED)
fanout1126/X                             20     21        (VIOLATED)
fanout1128/X                             20     21        (VIOLATED)
fanout1129/X                             20     21        (VIOLATED)
fanout1131/X                             20     21        (VIOLATED)
fanout1132/X                             20     21        (VIOLATED)
fanout1137/X                             20     21        (VIOLATED)
fanout1138/X                             20     21        (VIOLATED)
fanout1143/X                             20     21        (VIOLATED)
fanout1144/X                             20     21        (VIOLATED)
fanout1149/X                             20     21        (VIOLATED)
fanout1150/X                             20     21        (VIOLATED)
fanout1155/X                             20     21        (VIOLATED)
fanout1156/X                             20     21        (VIOLATED)
fanout1161/X                             20     21        (VIOLATED)
fanout1162/X                             20     21        (VIOLATED)
fanout1167/X                             20     21        (VIOLATED)
fanout1168/X                             20     21        (VIOLATED)
fanout1170/X                             20     21        (VIOLATED)
fanout1171/X                             20     21        (VIOLATED)
fanout1173/X                             20     21        (VIOLATED)
fanout1174/X                             20     21        (VIOLATED)
fanout1176/X                             20     21        (VIOLATED)
fanout1177/X                             20     21        (VIOLATED)
fanout1179/X                             20     21        (VIOLATED)
fanout1180/X                             20     21        (VIOLATED)
fanout1182/X                             20     21        (VIOLATED)
fanout1183/X                             20     21        (VIOLATED)
fanout1188/X                             20     21        (VIOLATED)
fanout1191/X                             20     21        (VIOLATED)
fanout1192/X                             20     21        (VIOLATED)
fanout1195/X                             20     21        (VIOLATED)
fanout1197/X                             20     21        (VIOLATED)
fanout1200/X                             20     21        (VIOLATED)
fanout1201/X                             20     21        (VIOLATED)
fanout1203/X                             20     21        (VIOLATED)
fanout1206/X                             20     21        (VIOLATED)
fanout1207/X                             20     21        (VIOLATED)
fanout1209/X                             20     21        (VIOLATED)
fanout1210/X                             20     21        (VIOLATED)
fanout1212/X                             20     21        (VIOLATED)
fanout1213/X                             20     21        (VIOLATED)
fanout1215/X                             20     21        (VIOLATED)
fanout1218/X                             20     21        (VIOLATED)
fanout1219/X                             20     21        (VIOLATED)
fanout1221/X                             20     21        (VIOLATED)
fanout1222/X                             20     21        (VIOLATED)
fanout1224/X                             20     21        (VIOLATED)
fanout1225/X                             20     21        (VIOLATED)
fanout1227/X                             20     21        (VIOLATED)
fanout1228/X                             20     21        (VIOLATED)
fanout1230/X                             20     21        (VIOLATED)
fanout1231/X                             20     21        (VIOLATED)
fanout1233/X                             20     21        (VIOLATED)
fanout1244/X                             20     21        (VIOLATED)
fanout1246/X                             20     21        (VIOLATED)
fanout1248/X                             20     21        (VIOLATED)
fanout1249/X                             20     21        (VIOLATED)
fanout1255/X                             20     21        (VIOLATED)
fanout1259/X                             20     21        (VIOLATED)
fanout1260/X                             20     21        (VIOLATED)
fanout1262/X                             20     21        (VIOLATED)
fanout1263/X                             20     21        (VIOLATED)
fanout1266/X                             20     21        (VIOLATED)
fanout1287/X                             20     21        (VIOLATED)
fanout1288/X                             20     21        (VIOLATED)
fanout1291/X                             20     21        (VIOLATED)
fanout1292/X                             20     21        (VIOLATED)
fanout1294/X                             20     21        (VIOLATED)
fanout1295/X                             20     21        (VIOLATED)
fanout1296/X                             20     21        (VIOLATED)
fanout1297/X                             20     21        (VIOLATED)
fanout1307/X                             20     21        (VIOLATED)
fanout1326/X                             20     21        (VIOLATED)
fanout1329/X                             20     21        (VIOLATED)
fanout1332/X                             20     21        (VIOLATED)
fanout1335/X                             20     21        (VIOLATED)
fanout1338/X                             20     21        (VIOLATED)
fanout1341/X                             20     21        (VIOLATED)
fanout1347/X                             20     21        (VIOLATED)
fanout1350/X                             20     21        (VIOLATED)
fanout1353/X                             20     21        (VIOLATED)
fanout1356/X                             20     21        (VIOLATED)
fanout1359/X                             20     21        (VIOLATED)
fanout1362/X                             20     21        (VIOLATED)
fanout1365/X                             20     21        (VIOLATED)
fanout1368/X                             20     21        (VIOLATED)
fanout1371/X                             20     21        (VIOLATED)
fanout1374/X                             20     21        (VIOLATED)
fanout1377/X                             20     21        (VIOLATED)
fanout1380/X                             20     21        (VIOLATED)
fanout1383/X                             20     21        (VIOLATED)
fanout1399/X                             20     21        (VIOLATED)
fanout636/X                              20     21        (VIOLATED)
fanout655/X                              20     21        (VIOLATED)
fanout673/X                              20     21        (VIOLATED)
fanout760/X                              20     21        (VIOLATED)
fanout764/X                              20     21        (VIOLATED)
fanout772/X                              20     21        (VIOLATED)
fanout785/X                              20     21        (VIOLATED)
fanout787/X                              20     21        (VIOLATED)
fanout788/X                              20     21        (VIOLATED)
fanout790/X                              20     21        (VIOLATED)
fanout810/X                              20     21        (VIOLATED)
fanout811/X                              20     21        (VIOLATED)
hold1557/X                               20     21        (VIOLATED)

max capacitance

Pin                                        Limit         Cap       Slack
------------------------------------------------------------------------
wire939/X                               0.741587    1.708884   -0.967297 (VIOLATED)
wire930/X                               0.741587    1.651821   -0.910233 (VIOLATED)
_1536_/X                                0.729685    1.294174   -0.564489 (VIOLATED)
_1535_/X                                0.729685    1.232351   -0.502666 (VIOLATED)
wire948/X                               0.363474    0.544678   -0.181204 (VIOLATED)



===========================================================================
report_parasitic_annotation -report_unannotated
============================================================================
Found 217 unannotated drivers.
 analog_io[0]
 analog_io[10]
 analog_io[11]
 analog_io[12]
 analog_io[13]
 analog_io[14]
 analog_io[15]
 analog_io[16]
 analog_io[17]
 analog_io[18]
 analog_io[19]
 analog_io[1]
 analog_io[20]
 analog_io[21]
 analog_io[22]
 analog_io[23]
 analog_io[24]
 analog_io[25]
 analog_io[26]
 analog_io[27]
 analog_io[28]
 analog_io[29]
 analog_io[2]
 analog_io[30]
 analog_io[31]
 analog_io[32]
 analog_io[33]
 analog_io[34]
 analog_io[35]
 analog_io[36]
 analog_io[37]
 analog_io[38]
 analog_io[39]
 analog_io[3]
 analog_io[40]
 analog_io[41]
 analog_io[42]
 analog_io[43]
 analog_io[4]
 analog_io[5]
 analog_io[6]
 analog_io[7]
 analog_io[8]
 analog_io[9]
 analog_noesd_io[0]
 analog_noesd_io[10]
 analog_noesd_io[11]
 analog_noesd_io[12]
 analog_noesd_io[13]
 analog_noesd_io[14]
 analog_noesd_io[15]
 analog_noesd_io[16]
 analog_noesd_io[17]
 analog_noesd_io[18]
 analog_noesd_io[19]
 analog_noesd_io[1]
 analog_noesd_io[20]
 analog_noesd_io[21]
 analog_noesd_io[22]
 analog_noesd_io[23]
 analog_noesd_io[24]
 analog_noesd_io[25]
 analog_noesd_io[26]
 analog_noesd_io[27]
 analog_noesd_io[28]
 analog_noesd_io[29]
 analog_noesd_io[2]
 analog_noesd_io[30]
 analog_noesd_io[31]
 analog_noesd_io[32]
 analog_noesd_io[33]
 analog_noesd_io[34]
 analog_noesd_io[35]
 analog_noesd_io[36]
 analog_noesd_io[37]
 analog_noesd_io[38]
 analog_noesd_io[39]
 analog_noesd_io[3]
 analog_noesd_io[40]
 analog_noesd_io[41]
 analog_noesd_io[42]
 analog_noesd_io[43]
 analog_noesd_io[4]
 analog_noesd_io[5]
 analog_noesd_io[6]
 analog_noesd_io[7]
 analog_noesd_io[8]
 analog_noesd_io[9]
 gpio_in[14]
 gpio_in[29]
 gpio_in_h[0]
 gpio_in_h[10]
 gpio_in_h[11]
 gpio_in_h[12]
 gpio_in_h[13]
 gpio_in_h[14]
 gpio_in_h[15]
 gpio_in_h[16]
 gpio_in_h[17]
 gpio_in_h[18]
 gpio_in_h[19]
 gpio_in_h[1]
 gpio_in_h[20]
 gpio_in_h[21]
 gpio_in_h[22]
 gpio_in_h[23]
 gpio_in_h[24]
 gpio_in_h[25]
 gpio_in_h[26]
 gpio_in_h[27]
 gpio_in_h[28]
 gpio_in_h[29]
 gpio_in_h[2]
 gpio_in_h[30]
 gpio_in_h[31]
 gpio_in_h[32]
 gpio_in_h[33]
 gpio_in_h[34]
 gpio_in_h[35]
 gpio_in_h[36]
 gpio_in_h[37]
 gpio_in_h[38]
 gpio_in_h[39]
 gpio_in_h[3]
 gpio_in_h[40]
 gpio_in_h[41]
 gpio_in_h[42]
 gpio_in_h[43]
 gpio_in_h[4]
 gpio_in_h[5]
 gpio_in_h[6]
 gpio_in_h[7]
 gpio_in_h[8]
 gpio_in_h[9]
 gpio_loopback_one[0]
 gpio_loopback_zero[0]
 por_l
 porb_h
 porb_l
 resetb_h
 _4019__1454/LO
 clkload0/Y
 clkload1/Y
 clkload10/Y
 clkload11/Y
 clkload12/Y
 clkload13/Y
 clkload14/Y
 clkload15/Y
 clkload16/Y
 clkload17/Y
 clkload18/Y
 clkload19/Y
 clkload2/Y
 clkload20/Y
 clkload21/Y
 clkload22/Y
 clkload23/Y
 clkload24/Y
 clkload25/Y
 clkload26/Y
 clkload27/Y
 clkload28/Y
 clkload29/Y
 clkload3/Y
 clkload30/Y
 clkload31/Y
 clkload32/Y
 clkload33/Y
 clkload34/Y
 clkload35/Y
 clkload36/Y
 clkload37/Y
 clkload38/Y
 clkload39/Y
 clkload4/Y
 clkload40/Y
 clkload41/Y
 clkload42/X
 clkload43/Y
 clkload44/Y
 clkload45/Y
 clkload46/Y
 clkload47/Y
 clkload48/X
 clkload49/Y
 clkload5/Y
 clkload50/Y
 clkload51/Y
 clkload52/X
 clkload53/X
 clkload54/Y
 clkload55/Y
 clkload56/X
 clkload57/Y
 clkload58/Y
 clkload59/X
 clkload6/Y
 clkload60/Y
 clkload61/Y
 clkload62/Y
 clkload7/Y
 clkload8/Y
 clkload9/Y
 openframe_project_wrapper_1442/HI
 openframe_project_wrapper_1443/HI
 openframe_project_wrapper_1444/HI
 openframe_project_wrapper_1445/HI
 openframe_project_wrapper_1446/HI
 openframe_project_wrapper_1447/HI
 openframe_project_wrapper_1448/HI
 openframe_project_wrapper_1449/HI
 openframe_project_wrapper_1450/HI
 openframe_project_wrapper_1451/HI
 openframe_project_wrapper_1452/HI
 openframe_project_wrapper_1453/HI
 openframe_project_wrapper_1455/LO
Found 0 partially unannotated drivers.

===========================================================================
max slew violation count 275
max fanout violation count 166
max cap violation count 5
============================================================================

===========================================================================
check_setup -verbose -unconstrained_endpoints -multiple_clock -no_clock -no_input_delay -loops -generated_clocks
===========================================================================
Warning: There are 300 input ports missing set_input_delay.
  analog_io[0]
  analog_io[10]
  analog_io[11]
  analog_io[12]
  analog_io[13]
  analog_io[14]
  analog_io[15]
  analog_io[16]
  analog_io[17]
  analog_io[18]
  analog_io[19]
  analog_io[1]
  analog_io[20]
  analog_io[21]
  analog_io[22]
  analog_io[23]
  analog_io[24]
  analog_io[25]
  analog_io[26]
  analog_io[27]
  analog_io[28]
  analog_io[29]
  analog_io[2]
  analog_io[30]
  analog_io[31]
  analog_io[32]
  analog_io[33]
  analog_io[34]
  analog_io[35]
  analog_io[36]
  analog_io[37]
  analog_io[38]
  analog_io[39]
  analog_io[3]
  analog_io[40]
  analog_io[41]
  analog_io[42]
  analog_io[43]
  analog_io[4]
  analog_io[5]
  analog_io[6]
  analog_io[7]
  analog_io[8]
  analog_io[9]
  analog_noesd_io[0]
  analog_noesd_io[10]
  analog_noesd_io[11]
  analog_noesd_io[12]
  analog_noesd_io[13]
  analog_noesd_io[14]
  analog_noesd_io[15]
  analog_noesd_io[16]
  analog_noesd_io[17]
  analog_noesd_io[18]
  analog_noesd_io[19]
  analog_noesd_io[1]
  analog_noesd_io[20]
  analog_noesd_io[21]
  analog_noesd_io[22]
  analog_noesd_io[23]
  analog_noesd_io[24]
  analog_noesd_io[25]
  analog_noesd_io[26]
  analog_noesd_io[27]
  analog_noesd_io[28]
  analog_noesd_io[29]
  analog_noesd_io[2]
  analog_noesd_io[30]
  analog_noesd_io[31]
  analog_noesd_io[32]
  analog_noesd_io[33]
  analog_noesd_io[34]
  analog_noesd_io[35]
  analog_noesd_io[36]
  analog_noesd_io[37]
  analog_noesd_io[38]
  analog_noesd_io[39]
  analog_noesd_io[3]
  analog_noesd_io[40]
  analog_noesd_io[41]
  analog_noesd_io[42]
  analog_noesd_io[43]
  analog_noesd_io[4]
  analog_noesd_io[5]
  analog_noesd_io[6]
  analog_noesd_io[7]
  analog_noesd_io[8]
  analog_noesd_io[9]
  gpio_in[0]
  gpio_in[10]
  gpio_in[11]
  gpio_in[12]
  gpio_in[13]
  gpio_in[14]
  gpio_in[15]
  gpio_in[16]
  gpio_in[17]
  gpio_in[18]
  gpio_in[19]
  gpio_in[1]
  gpio_in[20]
  gpio_in[21]
  gpio_in[22]
  gpio_in[23]
  gpio_in[24]
  gpio_in[25]
  gpio_in[26]
  gpio_in[27]
  gpio_in[28]
  gpio_in[29]
  gpio_in[2]
  gpio_in[30]
  gpio_in[31]
  gpio_in[32]
  gpio_in[33]
  gpio_in[34]
  gpio_in[35]
  gpio_in[36]
  gpio_in[37]
  gpio_in[39]
  gpio_in[3]
  gpio_in[40]
  gpio_in[41]
  gpio_in[42]
  gpio_in[43]
  gpio_in[4]
  gpio_in[5]
  gpio_in[6]
  gpio_in[7]
  gpio_in[8]
  gpio_in[9]
  gpio_in_h[0]
  gpio_in_h[10]
  gpio_in_h[11]
  gpio_in_h[12]
  gpio_in_h[13]
  gpio_in_h[14]
  gpio_in_h[15]
  gpio_in_h[16]
  gpio_in_h[17]
  gpio_in_h[18]
  gpio_in_h[19]
  gpio_in_h[1]
  gpio_in_h[20]
  gpio_in_h[21]
  gpio_in_h[22]
  gpio_in_h[23]
  gpio_in_h[24]
  gpio_in_h[25]
  gpio_in_h[26]
  gpio_in_h[27]
  gpio_in_h[28]
  gpio_in_h[29]
  gpio_in_h[2]
  gpio_in_h[30]
  gpio_in_h[31]
  gpio_in_h[32]
  gpio_in_h[33]
  gpio_in_h[34]
  gpio_in_h[35]
  gpio_in_h[36]
  gpio_in_h[37]
  gpio_in_h[38]
  gpio_in_h[39]
  gpio_in_h[3]
  gpio_in_h[40]
  gpio_in_h[41]
  gpio_in_h[42]
  gpio_in_h[43]
  gpio_in_h[4]
  gpio_in_h[5]
  gpio_in_h[6]
  gpio_in_h[7]
  gpio_in_h[8]
  gpio_in_h[9]
  gpio_loopback_one[0]
  gpio_loopback_one[10]
  gpio_loopback_one[11]
  gpio_loopback_one[12]
  gpio_loopback_one[13]
  gpio_loopback_one[14]
  gpio_loopback_one[15]
  gpio_loopback_one[16]
  gpio_loopback_one[17]
  gpio_loopback_one[18]
  gpio_loopback_one[19]
  gpio_loopback_one[1]
  gpio_loopback_one[20]
  gpio_loopback_one[21]
  gpio_loopback_one[22]
  gpio_loopback_one[23]
  gpio_loopback_one[24]
  gpio_loopback_one[25]
  gpio_loopback_one[26]
  gpio_loopback_one[27]
  gpio_loopback_one[28]
  gpio_loopback_one[29]
  gpio_loopback_one[2]
  gpio_loopback_one[30]
  gpio_loopback_one[31]
  gpio_loopback_one[32]
  gpio_loopback_one[33]
  gpio_loopback_one[34]
  gpio_loopback_one[35]
  gpio_loopback_one[36]
  gpio_loopback_one[37]
  gpio_loopback_one[38]
  gpio_loopback_one[39]
  gpio_loopback_one[3]
  gpio_loopback_one[40]
  gpio_loopback_one[41]
  gpio_loopback_one[42]
  gpio_loopback_one[43]
  gpio_loopback_one[4]
  gpio_loopback_one[5]
  gpio_loopback_one[6]
  gpio_loopback_one[7]
  gpio_loopback_one[8]
  gpio_loopback_one[9]
  gpio_loopback_zero[0]
  gpio_loopback_zero[10]
  gpio_loopback_zero[11]
  gpio_loopback_zero[12]
  gpio_loopback_zero[13]
  gpio_loopback_zero[14]
  gpio_loopback_zero[15]
  gpio_loopback_zero[16]
  gpio_loopback_zero[17]
  gpio_loopback_zero[18]
  gpio_loopback_zero[19]
  gpio_loopback_zero[1]
  gpio_loopback_zero[20]
  gpio_loopback_zero[21]
  gpio_loopback_zero[22]
  gpio_loopback_zero[23]
  gpio_loopback_zero[24]
  gpio_loopback_zero[25]
  gpio_loopback_zero[26]
  gpio_loopback_zero[27]
  gpio_loopback_zero[28]
  gpio_loopback_zero[29]
  gpio_loopback_zero[2]
  gpio_loopback_zero[30]
  gpio_loopback_zero[31]
  gpio_loopback_zero[32]
  gpio_loopback_zero[33]
  gpio_loopback_zero[34]
  gpio_loopback_zero[35]
  gpio_loopback_zero[36]
  gpio_loopback_zero[37]
  gpio_loopback_zero[38]
  gpio_loopback_zero[39]
  gpio_loopback_zero[3]
  gpio_loopback_zero[40]
  gpio_loopback_zero[41]
  gpio_loopback_zero[42]
  gpio_loopback_zero[43]
  gpio_loopback_zero[4]
  gpio_loopback_zero[5]
  gpio_loopback_zero[6]
  gpio_loopback_zero[7]
  gpio_loopback_zero[8]
  gpio_loopback_zero[9]
  mask_rev[0]
  mask_rev[10]
  mask_rev[11]
  mask_rev[12]
  mask_rev[13]
  mask_rev[14]
  mask_rev[15]
  mask_rev[16]
  mask_rev[17]
  mask_rev[18]
  mask_rev[19]
  mask_rev[1]
  mask_rev[20]
  mask_rev[21]
  mask_rev[22]
  mask_rev[23]
  mask_rev[24]
  mask_rev[25]
  mask_rev[26]
  mask_rev[27]
  mask_rev[28]
  mask_rev[29]
  mask_rev[2]
  mask_rev[30]
  mask_rev[31]
  mask_rev[3]
  mask_rev[4]
  mask_rev[5]
  mask_rev[6]
  mask_rev[7]
  mask_rev[8]
  mask_rev[9]
  por_l
  porb_h
  porb_l
  resetb_h
  resetb_l
Warning: There are 51 unclocked register/latch pins.
  _3207_/CLK
  _3208_/CLK
  _3209_/CLK
  _3210_/CLK
  _3211_/CLK
  _3212_/CLK
  _3213_/CLK
  _4025_/CLK
  _4026_/CLK
  _4027_/CLK
  _4028_/CLK
  _4029_/CLK
  _4030_/CLK
  _4031_/CLK
  _4032_/CLK
  _4033_/CLK
  _4034_/CLK
  _4035_/CLK
  _4036_/CLK
  _4037_/CLK
  _4038_/CLK
  _4039_/CLK
  _4040_/CLK
  _4041_/CLK
  _4042_/CLK
  _4043_/CLK
  _4044_/CLK
  _4045_/CLK
  _4046_/CLK
  _4047_/CLK
  _4048_/CLK
  _4049_/CLK
  _4050_/CLK
  _4051_/CLK
  _4052_/CLK
  _4053_/CLK
  _4054_/CLK
  _4055_/CLK
  _4056_/CLK
  _4057_/CLK
  _4058_/CLK
  _4059_/CLK
  _4060_/CLK
  _4061_/CLK
  _4062_/CLK
  _4063_/CLK
  _4064_/CLK
  _4065_/CLK
  _4066_/CLK
  _4067_/CLK
  _4068_/CLK
Warning: There are 717 unconstrained endpoints.
  analog_io[0]
  analog_io[10]
  analog_io[11]
  analog_io[12]
  analog_io[13]
  analog_io[14]
  analog_io[15]
  analog_io[16]
  analog_io[17]
  analog_io[18]
  analog_io[19]
  analog_io[1]
  analog_io[20]
  analog_io[21]
  analog_io[22]
  analog_io[23]
  analog_io[24]
  analog_io[25]
  analog_io[26]
  analog_io[27]
  analog_io[28]
  analog_io[29]
  analog_io[2]
  analog_io[30]
  analog_io[31]
  analog_io[32]
  analog_io[33]
  analog_io[34]
  analog_io[35]
  analog_io[36]
  analog_io[37]
  analog_io[38]
  analog_io[39]
  analog_io[3]
  analog_io[40]
  analog_io[41]
  analog_io[42]
  analog_io[43]
  analog_io[4]
  analog_io[5]
  analog_io[6]
  analog_io[7]
  analog_io[8]
  analog_io[9]
  analog_noesd_io[0]
  analog_noesd_io[10]
  analog_noesd_io[11]
  analog_noesd_io[12]
  analog_noesd_io[13]
  analog_noesd_io[14]
  analog_noesd_io[15]
  analog_noesd_io[16]
  analog_noesd_io[17]
  analog_noesd_io[18]
  analog_noesd_io[19]
  analog_noesd_io[1]
  analog_noesd_io[20]
  analog_noesd_io[21]
  analog_noesd_io[22]
  analog_noesd_io[23]
  analog_noesd_io[24]
  analog_noesd_io[25]
  analog_noesd_io[26]
  analog_noesd_io[27]
  analog_noesd_io[28]
  analog_noesd_io[29]
  analog_noesd_io[2]
  analog_noesd_io[30]
  analog_noesd_io[31]
  analog_noesd_io[32]
  analog_noesd_io[33]
  analog_noesd_io[34]
  analog_noesd_io[35]
  analog_noesd_io[36]
  analog_noesd_io[37]
  analog_noesd_io[38]
  analog_noesd_io[39]
  analog_noesd_io[3]
  analog_noesd_io[40]
  analog_noesd_io[41]
  analog_noesd_io[42]
  analog_noesd_io[43]
  analog_noesd_io[4]
  analog_noesd_io[5]
  analog_noesd_io[6]
  analog_noesd_io[7]
  analog_noesd_io[8]
  analog_noesd_io[9]
  gpio_analog_en[0]
  gpio_analog_en[10]
  gpio_analog_en[11]
  gpio_analog_en[12]
  gpio_analog_en[13]
  gpio_analog_en[14]
  gpio_analog_en[15]
  gpio_analog_en[16]
  gpio_analog_en[17]
  gpio_analog_en[18]
  gpio_analog_en[19]
  gpio_analog_en[1]
  gpio_analog_en[20]
  gpio_analog_en[21]
  gpio_analog_en[22]
  gpio_analog_en[23]
  gpio_analog_en[24]
  gpio_analog_en[25]
  gpio_analog_en[26]
  gpio_analog_en[27]
  gpio_analog_en[28]
  gpio_analog_en[29]
  gpio_analog_en[2]
  gpio_analog_en[30]
  gpio_analog_en[31]
  gpio_analog_en[32]
  gpio_analog_en[33]
  gpio_analog_en[34]
  gpio_analog_en[35]
  gpio_analog_en[36]
  gpio_analog_en[37]
  gpio_analog_en[38]
  gpio_analog_en[39]
  gpio_analog_en[3]
  gpio_analog_en[40]
  gpio_analog_en[41]
  gpio_analog_en[42]
  gpio_analog_en[43]
  gpio_analog_en[4]
  gpio_analog_en[5]
  gpio_analog_en[6]
  gpio_analog_en[7]
  gpio_analog_en[8]
  gpio_analog_en[9]
  gpio_analog_pol[0]
  gpio_analog_pol[10]
  gpio_analog_pol[11]
  gpio_analog_pol[12]
  gpio_analog_pol[13]
  gpio_analog_pol[14]
  gpio_analog_pol[15]
  gpio_analog_pol[16]
  gpio_analog_pol[17]
  gpio_analog_pol[18]
  gpio_analog_pol[19]
  gpio_analog_pol[1]
  gpio_analog_pol[20]
  gpio_analog_pol[21]
  gpio_analog_pol[22]
  gpio_analog_pol[23]
  gpio_analog_pol[24]
  gpio_analog_pol[25]
  gpio_analog_pol[26]
  gpio_analog_pol[27]
  gpio_analog_pol[28]
  gpio_analog_pol[29]
  gpio_analog_pol[2]
  gpio_analog_pol[30]
  gpio_analog_pol[31]
  gpio_analog_pol[32]
  gpio_analog_pol[33]
  gpio_analog_pol[34]
  gpio_analog_pol[35]
  gpio_analog_pol[36]
  gpio_analog_pol[37]
  gpio_analog_pol[38]
  gpio_analog_pol[39]
  gpio_analog_pol[3]
  gpio_analog_pol[40]
  gpio_analog_pol[41]
  gpio_analog_pol[42]
  gpio_analog_pol[43]
  gpio_analog_pol[4]
  gpio_analog_pol[5]
  gpio_analog_pol[6]
  gpio_analog_pol[7]
  gpio_analog_pol[8]
  gpio_analog_pol[9]
  gpio_analog_sel[0]
  gpio_analog_sel[10]
  gpio_analog_sel[11]
  gpio_analog_sel[12]
  gpio_analog_sel[13]
  gpio_analog_sel[14]
  gpio_analog_sel[15]
  gpio_analog_sel[16]
  gpio_analog_sel[17]
  gpio_analog_sel[18]
  gpio_analog_sel[19]
  gpio_analog_sel[1]
  gpio_analog_sel[20]
  gpio_analog_sel[21]
  gpio_analog_sel[22]
  gpio_analog_sel[23]
  gpio_analog_sel[24]
  gpio_analog_sel[25]
  gpio_analog_sel[26]
  gpio_analog_sel[27]
  gpio_analog_sel[28]
  gpio_analog_sel[29]
  gpio_analog_sel[2]
  gpio_analog_sel[30]
  gpio_analog_sel[31]
  gpio_analog_sel[32]
  gpio_analog_sel[33]
  gpio_analog_sel[34]
  gpio_analog_sel[35]
  gpio_analog_sel[36]
  gpio_analog_sel[37]
  gpio_analog_sel[38]
  gpio_analog_sel[39]
  gpio_analog_sel[3]
  gpio_analog_sel[40]
  gpio_analog_sel[41]
  gpio_analog_sel[42]
  gpio_analog_sel[43]
  gpio_analog_sel[4]
  gpio_analog_sel[5]
  gpio_analog_sel[6]
  gpio_analog_sel[7]
  gpio_analog_sel[8]
  gpio_analog_sel[9]
  gpio_dm0[0]
  gpio_dm0[10]
  gpio_dm0[11]
  gpio_dm0[12]
  gpio_dm0[13]
  gpio_dm0[14]
  gpio_dm0[15]
  gpio_dm0[16]
  gpio_dm0[17]
  gpio_dm0[18]
  gpio_dm0[19]
  gpio_dm0[1]
  gpio_dm0[20]
  gpio_dm0[21]
  gpio_dm0[22]
  gpio_dm0[23]
  gpio_dm0[24]
  gpio_dm0[25]
  gpio_dm0[26]
  gpio_dm0[27]
  gpio_dm0[28]
  gpio_dm0[29]
  gpio_dm0[2]
  gpio_dm0[30]
  gpio_dm0[31]
  gpio_dm0[32]
  gpio_dm0[33]
  gpio_dm0[34]
  gpio_dm0[35]
  gpio_dm0[36]
  gpio_dm0[37]
  gpio_dm0[38]
  gpio_dm0[39]
  gpio_dm0[3]
  gpio_dm0[40]
  gpio_dm0[41]
  gpio_dm0[42]
  gpio_dm0[43]
  gpio_dm0[4]
  gpio_dm0[5]
  gpio_dm0[6]
  gpio_dm0[7]
  gpio_dm0[8]
  gpio_dm0[9]
  gpio_dm1[0]
  gpio_dm1[10]
  gpio_dm1[11]
  gpio_dm1[12]
  gpio_dm1[13]
  gpio_dm1[14]
  gpio_dm1[15]
  gpio_dm1[16]
  gpio_dm1[17]
  gpio_dm1[18]
  gpio_dm1[19]
  gpio_dm1[1]
  gpio_dm1[20]
  gpio_dm1[21]
  gpio_dm1[22]
  gpio_dm1[23]
  gpio_dm1[24]
  gpio_dm1[25]
  gpio_dm1[26]
  gpio_dm1[27]
  gpio_dm1[28]
  gpio_dm1[29]
  gpio_dm1[2]
  gpio_dm1[30]
  gpio_dm1[31]
  gpio_dm1[32]
  gpio_dm1[33]
  gpio_dm1[34]
  gpio_dm1[35]
  gpio_dm1[36]
  gpio_dm1[37]
  gpio_dm1[38]
  gpio_dm1[39]
  gpio_dm1[3]
  gpio_dm1[40]
  gpio_dm1[41]
  gpio_dm1[42]
  gpio_dm1[43]
  gpio_dm1[4]
  gpio_dm1[5]
  gpio_dm1[6]
  gpio_dm1[7]
  gpio_dm1[8]
  gpio_dm1[9]
  gpio_dm2[0]
  gpio_dm2[10]
  gpio_dm2[11]
  gpio_dm2[12]
  gpio_dm2[13]
  gpio_dm2[14]
  gpio_dm2[15]
  gpio_dm2[16]
  gpio_dm2[17]
  gpio_dm2[18]
  gpio_dm2[19]
  gpio_dm2[1]
  gpio_dm2[20]
  gpio_dm2[21]
  gpio_dm2[22]
  gpio_dm2[23]
  gpio_dm2[24]
  gpio_dm2[25]
  gpio_dm2[26]
  gpio_dm2[27]
  gpio_dm2[28]
  gpio_dm2[29]
  gpio_dm2[2]
  gpio_dm2[30]
  gpio_dm2[31]
  gpio_dm2[32]
  gpio_dm2[33]
  gpio_dm2[34]
  gpio_dm2[35]
  gpio_dm2[36]
  gpio_dm2[37]
  gpio_dm2[38]
  gpio_dm2[39]
  gpio_dm2[3]
  gpio_dm2[40]
  gpio_dm2[41]
  gpio_dm2[42]
  gpio_dm2[43]
  gpio_dm2[4]
  gpio_dm2[5]
  gpio_dm2[6]
  gpio_dm2[7]
  gpio_dm2[8]
  gpio_dm2[9]
  gpio_holdover[0]
  gpio_holdover[10]
  gpio_holdover[11]
  gpio_holdover[12]
  gpio_holdover[13]
  gpio_holdover[14]
  gpio_holdover[15]
  gpio_holdover[16]
  gpio_holdover[17]
  gpio_holdover[18]
  gpio_holdover[19]
  gpio_holdover[1]
  gpio_holdover[20]
  gpio_holdover[21]
  gpio_holdover[22]
  gpio_holdover[23]
  gpio_holdover[24]
  gpio_holdover[25]
  gpio_holdover[26]
  gpio_holdover[27]
  gpio_holdover[28]
  gpio_holdover[29]
  gpio_holdover[2]
  gpio_holdover[30]
  gpio_holdover[31]
  gpio_holdover[32]
  gpio_holdover[33]
  gpio_holdover[34]
  gpio_holdover[35]
  gpio_holdover[36]
  gpio_holdover[37]
  gpio_holdover[38]
  gpio_holdover[39]
  gpio_holdover[3]
  gpio_holdover[40]
  gpio_holdover[41]
  gpio_holdover[42]
  gpio_holdover[43]
  gpio_holdover[4]
  gpio_holdover[5]
  gpio_holdover[6]
  gpio_holdover[7]
  gpio_holdover[8]
  gpio_holdover[9]
  gpio_ib_mode_sel[0]
  gpio_ib_mode_sel[10]
  gpio_ib_mode_sel[11]
  gpio_ib_mode_sel[12]
  gpio_ib_mode_sel[13]
  gpio_ib_mode_sel[14]
  gpio_ib_mode_sel[15]
  gpio_ib_mode_sel[16]
  gpio_ib_mode_sel[17]
  gpio_ib_mode_sel[18]
  gpio_ib_mode_sel[19]
  gpio_ib_mode_sel[1]
  gpio_ib_mode_sel[20]
  gpio_ib_mode_sel[21]
  gpio_ib_mode_sel[22]
  gpio_ib_mode_sel[23]
  gpio_ib_mode_sel[24]
  gpio_ib_mode_sel[25]
  gpio_ib_mode_sel[26]
  gpio_ib_mode_sel[27]
  gpio_ib_mode_sel[28]
  gpio_ib_mode_sel[29]
  gpio_ib_mode_sel[2]
  gpio_ib_mode_sel[30]
  gpio_ib_mode_sel[31]
  gpio_ib_mode_sel[32]
  gpio_ib_mode_sel[33]
  gpio_ib_mode_sel[34]
  gpio_ib_mode_sel[35]
  gpio_ib_mode_sel[36]
  gpio_ib_mode_sel[37]
  gpio_ib_mode_sel[38]
  gpio_ib_mode_sel[39]
  gpio_ib_mode_sel[3]
  gpio_ib_mode_sel[40]
  gpio_ib_mode_sel[41]
  gpio_ib_mode_sel[42]
  gpio_ib_mode_sel[43]
  gpio_ib_mode_sel[4]
  gpio_ib_mode_sel[5]
  gpio_ib_mode_sel[6]
  gpio_ib_mode_sel[7]
  gpio_ib_mode_sel[8]
  gpio_ib_mode_sel[9]
  gpio_inp_dis[0]
  gpio_inp_dis[10]
  gpio_inp_dis[11]
  gpio_inp_dis[12]
  gpio_inp_dis[13]
  gpio_inp_dis[14]
  gpio_inp_dis[15]
  gpio_inp_dis[16]
  gpio_inp_dis[17]
  gpio_inp_dis[18]
  gpio_inp_dis[19]
  gpio_inp_dis[1]
  gpio_inp_dis[20]
  gpio_inp_dis[21]
  gpio_inp_dis[22]
  gpio_inp_dis[23]
  gpio_inp_dis[24]
  gpio_inp_dis[25]
  gpio_inp_dis[26]
  gpio_inp_dis[27]
  gpio_inp_dis[28]
  gpio_inp_dis[29]
  gpio_inp_dis[2]
  gpio_inp_dis[30]
  gpio_inp_dis[31]
  gpio_inp_dis[32]
  gpio_inp_dis[33]
  gpio_inp_dis[34]
  gpio_inp_dis[35]
  gpio_inp_dis[36]
  gpio_inp_dis[37]
  gpio_inp_dis[38]
  gpio_inp_dis[39]
  gpio_inp_dis[3]
  gpio_inp_dis[40]
  gpio_inp_dis[41]
  gpio_inp_dis[42]
  gpio_inp_dis[43]
  gpio_inp_dis[4]
  gpio_inp_dis[5]
  gpio_inp_dis[6]
  gpio_inp_dis[7]
  gpio_inp_dis[8]
  gpio_inp_dis[9]
  gpio_oeb[0]
  gpio_oeb[10]
  gpio_oeb[11]
  gpio_oeb[12]
  gpio_oeb[13]
  gpio_oeb[14]
  gpio_oeb[15]
  gpio_oeb[16]
  gpio_oeb[17]
  gpio_oeb[18]
  gpio_oeb[19]
  gpio_oeb[1]
  gpio_oeb[20]
  gpio_oeb[21]
  gpio_oeb[22]
  gpio_oeb[23]
  gpio_oeb[24]
  gpio_oeb[25]
  gpio_oeb[26]
  gpio_oeb[27]
  gpio_oeb[28]
  gpio_oeb[29]
  gpio_oeb[2]
  gpio_oeb[30]
  gpio_oeb[31]
  gpio_oeb[32]
  gpio_oeb[33]
  gpio_oeb[34]
  gpio_oeb[35]
  gpio_oeb[36]
  gpio_oeb[37]
  gpio_oeb[38]
  gpio_oeb[39]
  gpio_oeb[3]
  gpio_oeb[40]
  gpio_oeb[41]
  gpio_oeb[42]
  gpio_oeb[43]
  gpio_oeb[4]
  gpio_oeb[5]
  gpio_oeb[6]
  gpio_oeb[7]
  gpio_oeb[8]
  gpio_oeb[9]
  gpio_out[0]
  gpio_out[10]
  gpio_out[11]
  gpio_out[12]
  gpio_out[13]
  gpio_out[14]
  gpio_out[15]
  gpio_out[16]
  gpio_out[17]
  gpio_out[18]
  gpio_out[19]
  gpio_out[1]
  gpio_out[20]
  gpio_out[21]
  gpio_out[22]
  gpio_out[23]
  gpio_out[24]
  gpio_out[25]
  gpio_out[26]
  gpio_out[27]
  gpio_out[28]
  gpio_out[29]
  gpio_out[2]
  gpio_out[30]
  gpio_out[31]
  gpio_out[32]
  gpio_out[33]
  gpio_out[34]
  gpio_out[35]
  gpio_out[36]
  gpio_out[37]
  gpio_out[38]
  gpio_out[39]
  gpio_out[3]
  gpio_out[40]
  gpio_out[41]
  gpio_out[42]
  gpio_out[43]
  gpio_out[4]
  gpio_out[5]
  gpio_out[6]
  gpio_out[7]
  gpio_out[8]
  gpio_out[9]
  gpio_slow_sel[0]
  gpio_slow_sel[10]
  gpio_slow_sel[11]
  gpio_slow_sel[12]
  gpio_slow_sel[13]
  gpio_slow_sel[14]
  gpio_slow_sel[15]
  gpio_slow_sel[16]
  gpio_slow_sel[17]
  gpio_slow_sel[18]
  gpio_slow_sel[19]
  gpio_slow_sel[1]
  gpio_slow_sel[20]
  gpio_slow_sel[21]
  gpio_slow_sel[22]
  gpio_slow_sel[23]
  gpio_slow_sel[24]
  gpio_slow_sel[25]
  gpio_slow_sel[26]
  gpio_slow_sel[27]
  gpio_slow_sel[28]
  gpio_slow_sel[29]
  gpio_slow_sel[2]
  gpio_slow_sel[30]
  gpio_slow_sel[31]
  gpio_slow_sel[32]
  gpio_slow_sel[33]
  gpio_slow_sel[34]
  gpio_slow_sel[35]
  gpio_slow_sel[36]
  gpio_slow_sel[37]
  gpio_slow_sel[38]
  gpio_slow_sel[39]
  gpio_slow_sel[3]
  gpio_slow_sel[40]
  gpio_slow_sel[41]
  gpio_slow_sel[42]
  gpio_slow_sel[43]
  gpio_slow_sel[4]
  gpio_slow_sel[5]
  gpio_slow_sel[6]
  gpio_slow_sel[7]
  gpio_slow_sel[8]
  gpio_slow_sel[9]
  gpio_vtrip_sel[0]
  gpio_vtrip_sel[10]
  gpio_vtrip_sel[11]
  gpio_vtrip_sel[12]
  gpio_vtrip_sel[13]
  gpio_vtrip_sel[14]
  gpio_vtrip_sel[15]
  gpio_vtrip_sel[16]
  gpio_vtrip_sel[17]
  gpio_vtrip_sel[18]
  gpio_vtrip_sel[19]
  gpio_vtrip_sel[1]
  gpio_vtrip_sel[20]
  gpio_vtrip_sel[21]
  gpio_vtrip_sel[22]
  gpio_vtrip_sel[23]
  gpio_vtrip_sel[24]
  gpio_vtrip_sel[25]
  gpio_vtrip_sel[26]
  gpio_vtrip_sel[27]
  gpio_vtrip_sel[28]
  gpio_vtrip_sel[29]
  gpio_vtrip_sel[2]
  gpio_vtrip_sel[30]
  gpio_vtrip_sel[31]
  gpio_vtrip_sel[32]
  gpio_vtrip_sel[33]
  gpio_vtrip_sel[34]
  gpio_vtrip_sel[35]
  gpio_vtrip_sel[36]
  gpio_vtrip_sel[37]
  gpio_vtrip_sel[38]
  gpio_vtrip_sel[39]
  gpio_vtrip_sel[3]
  gpio_vtrip_sel[40]
  gpio_vtrip_sel[41]
  gpio_vtrip_sel[42]
  gpio_vtrip_sel[43]
  gpio_vtrip_sel[4]
  gpio_vtrip_sel[5]
  gpio_vtrip_sel[6]
  gpio_vtrip_sel[7]
  gpio_vtrip_sel[8]
  gpio_vtrip_sel[9]
  _3207_/D
  _3208_/D
  _3209_/D
  _3210_/D
  _3211_/D
  _3212_/D
  _3213_/D
  _4013_/D
  _4014_/D
  _4015_/D
  _4019_/D
  _4021_/D
  _4022_/D
  _4025_/D
  _4026_/D
  _4027_/D
  _4028_/D
  _4029_/D
  _4030_/D
  _4031_/D
  _4032_/D
  _4033_/D
  _4034_/D
  _4035_/D
  _4036_/D
  _4037_/D
  _4038_/D
  _4039_/D
  _4040_/D
  _4041_/D
  _4042_/D
  _4043_/D
  _4044_/D
  _4045_/D
  _4046_/D
  _4047_/D
  _4048_/D
  _4049_/D
  _4050_/D
  _4051_/D
  _4052_/D
  _4053_/D
  _4054_/D
  _4055_/D
  _4056_/D
  _4057_/D
  _4058_/D
  _4059_/D
  _4060_/D
  _4061_/D
  _4062_/D
  _4063_/D
  _4064_/D
  _4065_/D
  _4066_/D
  _4067_/D
  _4068_/D
Warning: There is 1 combinational loop in the design.
  fanout1111/A
  fanout1111/X
  u_owire.u_ip.osc_i0/A
  u_owire.u_ip.osc_i0/Y
  u_owire.u_ip.osc_i1/A
  u_owire.u_ip.osc_i1/Y
  u_owire.u_ip.osc_i2/A
  u_owire.u_ip.osc_i2/Y
  fanout1116/A
  fanout1116/X
  fanout1115/A
  fanout1115/X
  | loop cut point
  fanout1111/A
  --------------------------------
