┏━━━━━━━┳━━━━━━━━━┳━━━━━━━━━━┳━━━━━━━━━━━━━━━━━━━━━━━━━━━━━━━━━━━━━━━━━━━━━━━━━━━┳━━━━━━━━━━━━━━━━━━━━━━━━━━━━━━━━━━━━━━━━━━━━━━━━━━━━━━━━━━━━━━━━━━━━━┳━━━━━━━┓
┃ P / R ┃ Partial ┃ Required ┃ Net                                               ┃ Pin                                                                 ┃ Layer ┃
┡━━━━━━━╇━━━━━━━━━╇━━━━━━━━━━╇━━━━━━━━━━━━━━━━━━━━━━━━━━━━━━━━━━━━━━━━━━━━━━━━━━━╇━━━━━━━━━━━━━━━━━━━━━━━━━━━━━━━━━━━━━━━━━━━━━━━━━━━━━━━━━━━━━━━━━━━━━╇━━━━━━━┩
│ 5.90  │ 2361.94 │ 400.00   │ net1371                                           │ _1762_/A                                                            │ met1  │
│ 4.26  │ 1703.08 │ 400.00   │ net1233                                           │ _2777_/A1                                                           │ met1  │
│ 3.82  │ 1526.33 │ 400.00   │ u_chip_core.fabric_config_large.frame_select[11\] │ hold1612/A                                                          │ met1  │
│ 3.43  │ 1372.25 │ 400.00   │ net1196                                           │ _2793_/A0                                                           │ met1  │
│ 3.11  │ 1243.22 │ 400.00   │ net1197                                           │ _2842_/B2                                                           │ met3  │
│ 2.14  │ 857.28  │ 400.00   │ net1320                                           │ _1376_/A                                                            │ met1  │
│ 1.75  │ 6741.22 │ 3843.08  │ net1393                                           │ ANTENNA_load_slew1393_X/DIODE                                       │ met3  │
│ 1.57  │ 627.89  │ 400.00   │ net1363                                           │ _1892_/A                                                            │ met1  │
│ 1.49  │ 5743.12 │ 3843.08  │ net1047                                           │ ANTENNA_wire1047_X/DIODE                                            │ met3  │
│ 1.44  │ 577.46  │ 400.00   │ _0993_                                            │ max_cap1142/A                                                       │ met1  │
│ 1.37  │ 547.94  │ 400.00   │ net1178                                           │ _2492_/A1                                                           │ met1  │
│ 1.25  │ 499.58  │ 400.00   │ net1175                                           │ _2493_/A1                                                           │ met1  │
│ 1.22  │ 3818.04 │ 3130.28  │ net880                                            │ ANTENNA_wire880_X/DIODE                                             │ met3  │
│ 1.16  │ 3226.66 │ 2773.88  │ net1187                                           │ _2489_/A1                                                           │ met2  │
│ 1.16  │ 3226.66 │ 2773.88  │ net1187                                           │ ANTENNA__2489__A1/DIODE                                             │ met2  │
│ 1.16  │ 3214.73 │ 2773.88  │ u_chip_core.small_io_west_oe_o[10\]               │ ANTENNA_u_chip_core.i_classic_fabric_chipfoundry_small_Tile_X0Y6_A… │ met2  │
│ 1.11  │ 3074.81 │ 2773.88  │ u_chip_core.small_io_east_out_o[10\]              │ _1548_/A1                                                           │ met3  │
│ 1.11  │ 3074.81 │ 2773.88  │ u_chip_core.small_io_east_out_o[10\]              │ ANTENNA__1548__A1/DIODE                                             │ met3  │
│ 1.11  │ 442.62  │ 400.00   │ net1256                                           │ _3666_/RESET_B                                                      │ met1  │
│ 1.09  │ 435.78  │ 400.00   │ net1145                                           │ _2499_/A1                                                           │ met1  │
│ 1.08  │ 2993.66 │ 2773.88  │ u_chip_core.large_io_west_oe_o[17\]               │ _1578_/B2                                                           │ met3  │
│ 1.08  │ 2993.66 │ 2773.88  │ u_chip_core.large_io_west_oe_o[17\]               │ ANTENNA__1578__B2/DIODE                                             │ met3  │
│ 1.06  │ 3252.71 │ 3055.04  │ u_chip_core.small_io_east_out_o[0\]               │ ANTENNA_u_chip_core.i_classic_fabric_chipfoundry_small_Tile_X5Y1_A… │ met3  │
│ 1.06  │ 3250.87 │ 3055.04  │ u_chip_core.small_io_east_oe_o[2\]                │ ANTENNA_u_chip_core.i_classic_fabric_chipfoundry_small_Tile_X5Y2_A… │ met3  │
│ 1.02  │ 409.56  │ 400.00   │ net1127                                           │ _2503_/A1                                                           │ met1  │
│ 1.02  │ 3901.01 │ 3843.08  │ net1422                                           │ ANTENNA_wire1422_X/DIODE                                            │ met3  │
│ 1.02  │ 3101.04 │ 3055.04  │ u_chip_core.large_io_west_oe_o[14\]               │ ANTENNA_u_chip_core.i_classic_fabric_chipfoundry_large_Tile_X0Y8_A… │ met3  │
└───────┴─────────┴──────────┴───────────────────────────────────────────────────┴─────────────────────────────────────────────────────────────────────┴───────┘
