Clock: clk
Sources: gpio_in[38] 
Generated: no
Virtual: yes
Propagated: no
Period: 40.000000

===========================================================================
report_clock_properties
============================================================================
Clock                   Period          Waveform
----------------------------------------------------
clk                  40.000000    0.000000 20.000000

===========================================================================
report_clock_latency
============================================================================
Clock clk
rise -> rise
    min     max
0.000000 0.000000 source latency
1.518392         network latency _3916_/CLK
        2.375315 network latency _3639_/CLK
---------------
1.518392 2.375315 latency
        0.856922 skew

fall -> fall
    min     max
0.000000 0.000000 source latency
1.572587         network latency _3916_/CLK
        2.423349 network latency _3639_/CLK
---------------
1.572587 2.423349 latency
        0.850761 skew



===========================================================================
report_clock_min_period
============================================================================
clk period_min = 8.31 fmax = 120.37
