
===========================================================================
report_checks -unconstrained
===========================================================================
======================= min_ss_100C_1v60 Corner ===================================

Startpoint: _4020_ (rising edge-triggered flip-flop clocked by clk)
Endpoint: _3685_ (recovery check against rising-edge clock clk)
Path Group: asynchronous
Path Type: max

Fanout         Cap        Slew       Delay        Time   Description
---------------------------------------------------------------------------------------------
                                  0.000000    0.000000   clock clk (rise edge)
                                  0.000000    0.000000   clock source latency
     2    0.173762    1.190000    0.000000    0.000000 ^ gpio_in[38] (in)
                                                         gpio_in[38] (net)
                      1.366716    0.092776    0.092776 ^ clkbuf_0_gpio_in[38]/A (sky130_fd_sc_hd__clkbuf_16)
     5    0.256873    0.404978    0.955180    1.047956 ^ clkbuf_0_gpio_in[38]/X (sky130_fd_sc_hd__clkbuf_16)
                                                         clknet_0_gpio_in[38] (net)
                      0.405059    0.005179    1.053135 ^ clkbuf_1_0_0_gpio_in[38]/A (sky130_fd_sc_hd__clkbuf_8)
     3    0.022293    0.092256    0.406362    1.459497 ^ clkbuf_1_0_0_gpio_in[38]/X (sky130_fd_sc_hd__clkbuf_8)
                                                         clknet_1_0_0_gpio_in[38] (net)
                      0.092295    0.001917    1.461414 ^ clkbuf_1_0_1_gpio_in[38]/A (sky130_fd_sc_hd__clkbuf_8)
     5    0.072756    0.210444    0.358634    1.820048 ^ clkbuf_1_0_1_gpio_in[38]/X (sky130_fd_sc_hd__clkbuf_8)
                                                         clknet_1_0_1_gpio_in[38] (net)
                      0.211830    0.014425    1.834473 ^ clkbuf_2_1_0_gpio_in[38]/A (sky130_fd_sc_hd__clkbuf_8)
     5    0.063721    0.188320    0.399991    2.234464 ^ clkbuf_2_1_0_gpio_in[38]/X (sky130_fd_sc_hd__clkbuf_8)
                                                         clknet_2_1_0_gpio_in[38] (net)
                      0.189612    0.013109    2.247573 ^ clkbuf_3_2_0_gpio_in[38]/A (sky130_fd_sc_hd__clkbuf_8)
    31    0.343695    0.895950    0.841284    3.088857 ^ clkbuf_3_2_0_gpio_in[38]/X (sky130_fd_sc_hd__clkbuf_8)
                                                         clknet_3_2_0_gpio_in[38] (net)
                      0.896761    0.024976    3.113833 ^ clkbuf_leaf_61_gpio_in[38]/A (sky130_fd_sc_hd__clkbuf_8)
     7    0.056200    0.178877    0.656125    3.769957 ^ clkbuf_leaf_61_gpio_in[38]/X (sky130_fd_sc_hd__clkbuf_8)
                                                         clknet_leaf_61_gpio_in[38] (net)
                      0.178877    0.000642    3.770600 ^ _4020_/CLK (sky130_fd_sc_hd__dfrtp_4)
     3    0.021935    0.168175    0.981157    4.751757 ^ _4020_/Q (sky130_fd_sc_hd__dfrtp_4)
                                                         u_chip_core.fabric_spi_controller.rst_ni (net)
                      0.168186    0.001670    4.753426 ^ hold1389/A (sky130_fd_sc_hd__dlygate4sd3_1)
     3    0.022350    0.360579    1.371331    6.124757 ^ hold1389/X (sky130_fd_sc_hd__dlygate4sd3_1)
                                                         net2844 (net)
                      0.360580    0.001715    6.126472 ^ hold1331/A (sky130_fd_sc_hd__clkbuf_4)
     3    0.048765    0.243215    0.528962    6.655434 ^ hold1331/X (sky130_fd_sc_hd__clkbuf_4)
                                                         net2786 (net)
                      0.243766    0.008391    6.663825 ^ wire1315/A (sky130_fd_sc_hd__buf_12)
     5    0.075537    0.150586    0.331787    6.995613 ^ wire1315/X (sky130_fd_sc_hd__buf_12)
                                                         net1315 (net)
                      0.153285    0.016702    7.012314 ^ wire1314/A (sky130_fd_sc_hd__clkbuf_16)
     5    0.311771    0.461432    0.466215    7.478529 ^ wire1314/X (sky130_fd_sc_hd__clkbuf_16)
                                                         net1314 (net)
                      0.647088    0.245293    7.723822 ^ _1490_/C_N (sky130_fd_sc_hd__nor3b_1)
     1    0.002700    0.282589    0.518011    8.241833 ^ _1490_/Y (sky130_fd_sc_hd__nor3b_1)
                                                         u_chip_core.fabric_config_large.rst_ni (net)
                      0.282589    0.000032    8.241864 ^ hold1168/A (sky130_fd_sc_hd__dlygate4sd3_1)
     1    0.004170    0.109688    1.198710    9.440575 ^ hold1168/X (sky130_fd_sc_hd__dlygate4sd3_1)
                                                         net2623 (net)
                      0.109688    0.000073    9.440648 ^ hold1155/A (sky130_fd_sc_hd__dlygate4sd3_1)
     1    0.003649    0.102396    1.123365   10.564013 ^ hold1155/X (sky130_fd_sc_hd__dlygate4sd3_1)
                                                         net2610 (net)
                      0.102396    0.000056   10.564068 ^ wire1286/A (sky130_fd_sc_hd__dlymetal6s2s_1)
     1    0.004841    0.113156    0.218252   10.782320 ^ wire1286/X (sky130_fd_sc_hd__dlymetal6s2s_1)
                                                         net1286 (net)
                      0.113156    0.000107   10.782427 ^ hold1156/A (sky130_fd_sc_hd__dlygate4sd3_1)
     1    0.004127    0.109049    1.132490   11.914916 ^ hold1156/X (sky130_fd_sc_hd__dlygate4sd3_1)
                                                         net2611 (net)
                      0.109049    0.000069   11.914986 ^ wire1285/A (sky130_fd_sc_hd__clkbuf_2)
     2    0.015858    0.147130    0.278918   12.193904 ^ wire1285/X (sky130_fd_sc_hd__clkbuf_2)
                                                         net1285 (net)
                      0.147130    0.000352   12.194256 ^ fanout1261/A (sky130_fd_sc_hd__buf_12)
    11    0.160946    0.293382    0.396223   12.590478 ^ fanout1261/X (sky130_fd_sc_hd__buf_12)
                                                         net1261 (net)
                      0.295299    0.020121   12.610600 ^ fanout1258/A (sky130_fd_sc_hd__buf_12)
    11    0.365895    0.627181    0.565543   13.176143 ^ fanout1258/X (sky130_fd_sc_hd__buf_12)
                                                         net1258 (net)
                      0.799023    0.269298   13.445440 ^ fanout1257/A (sky130_fd_sc_hd__buf_8)
    11    0.101748    0.266834    0.581920   14.027361 ^ fanout1257/X (sky130_fd_sc_hd__buf_8)
                                                         net1257 (net)
                      0.268601    0.018296   14.045656 ^ fanout1256/A (sky130_fd_sc_hd__buf_8)
    20    0.171673    0.432010    0.524352   14.570008 ^ fanout1256/X (sky130_fd_sc_hd__buf_8)
                                                         net1256 (net)
                      0.432010    0.000524   14.570533 ^ fanout1254/A (sky130_fd_sc_hd__clkbuf_2)
     5    0.028939    0.253114    0.496615   15.067148 ^ fanout1254/X (sky130_fd_sc_hd__clkbuf_2)
                                                         net1254 (net)
                      0.253114    0.000250   15.067398 ^ fanout1252/A (sky130_fd_sc_hd__clkbuf_4)
    10    0.052806    0.260565    0.496101   15.563499 ^ fanout1252/X (sky130_fd_sc_hd__clkbuf_4)
                                                         net1252 (net)
                      0.260566    0.001268   15.564768 ^ _3685_/RESET_B (sky130_fd_sc_hd__dfrtp_4)
                                             15.564768   data arrival time

                                 40.000000   40.000000   clock clk (rise edge)
                                  0.000000   40.000000   clock source latency
     2    0.173762    1.000000    0.000000   40.000000 ^ gpio_in[38] (in)
                                                         gpio_in[38] (net)
                      1.176716    0.083940   40.083942 ^ clkbuf_0_gpio_in[38]/A (sky130_fd_sc_hd__clkbuf_16)
     5    0.256873    0.403508    0.814012   40.897953 ^ clkbuf_0_gpio_in[38]/X (sky130_fd_sc_hd__clkbuf_16)
                                                         clknet_0_gpio_in[38] (net)
                      0.403590    0.004686   40.902637 ^ clkbuf_1_0_0_gpio_in[38]/A (sky130_fd_sc_hd__clkbuf_8)
     3    0.022293    0.092230    0.367077   41.269714 ^ clkbuf_1_0_0_gpio_in[38]/X (sky130_fd_sc_hd__clkbuf_8)
                                                         clknet_1_0_0_gpio_in[38] (net)
                      0.092268    0.001734   41.271450 ^ clkbuf_1_0_1_gpio_in[38]/A (sky130_fd_sc_hd__clkbuf_8)
     5    0.072756    0.210444    0.324469   41.595921 ^ clkbuf_1_0_1_gpio_in[38]/X (sky130_fd_sc_hd__clkbuf_8)
                                                         clknet_1_0_1_gpio_in[38] (net)
                      0.211805    0.012939   41.608856 ^ clkbuf_2_0_0_gpio_in[38]/A (sky130_fd_sc_hd__clkbuf_8)
     5    0.092416    0.257676    0.415600   42.024460 ^ clkbuf_2_0_0_gpio_in[38]/X (sky130_fd_sc_hd__clkbuf_8)
                                                         clknet_2_0_0_gpio_in[38] (net)
                      0.258053    0.006427   42.030884 ^ clkbuf_3_0_0_gpio_in[38]/A (sky130_fd_sc_hd__clkbuf_8)
    19    0.177377    0.467343    0.576659   42.607544 ^ clkbuf_3_0_0_gpio_in[38]/X (sky130_fd_sc_hd__clkbuf_8)
                                                         clknet_3_0_0_gpio_in[38] (net)
                      0.467586    0.008495   42.616039 ^ clkbuf_leaf_65_gpio_in[38]/A (sky130_fd_sc_hd__clkbuf_8)
    11    0.057520    0.175249    0.459419   43.075459 ^ clkbuf_leaf_65_gpio_in[38]/X (sky130_fd_sc_hd__clkbuf_8)
                                                         clknet_leaf_65_gpio_in[38] (net)
                      0.175249    0.000210   43.075668 ^ _3685_/CLK (sky130_fd_sc_hd__dfrtp_4)
                                 -0.100000   42.975670   clock uncertainty
                                  0.224132   43.199802   clock reconvergence pessimism
                                  0.390292   43.590092   library recovery time
                                             43.590092   data required time
---------------------------------------------------------------------------------------------
                                             43.590092   data required time
                                            -15.564768   data arrival time
---------------------------------------------------------------------------------------------
                                             28.025326   slack (MET)


Startpoint: _3669_ (rising edge-triggered flip-flop clocked by clk)
Endpoint: _3633_ (rising edge-triggered flip-flop clocked by clk)
Path Group: clk
Path Type: max

Fanout         Cap        Slew       Delay        Time   Description
---------------------------------------------------------------------------------------------
                                  0.000000    0.000000   clock clk (rise edge)
                                  0.000000    0.000000   clock source latency
     2    0.173762    1.190000    0.000000    0.000000 ^ gpio_in[38] (in)
                                                         gpio_in[38] (net)
                      1.366716    0.092776    0.092776 ^ clkbuf_0_gpio_in[38]/A (sky130_fd_sc_hd__clkbuf_16)
     5    0.256873    0.404978    0.955180    1.047956 ^ clkbuf_0_gpio_in[38]/X (sky130_fd_sc_hd__clkbuf_16)
                                                         clknet_0_gpio_in[38] (net)
                      0.413940    0.050150    1.098107 ^ clkbuf_1_1_0_gpio_in[38]/A (sky130_fd_sc_hd__clkbuf_8)
     3    0.077339    0.224018    0.515163    1.613270 ^ clkbuf_1_1_0_gpio_in[38]/X (sky130_fd_sc_hd__clkbuf_8)
                                                         clknet_1_1_0_gpio_in[38] (net)
                      0.225835    0.017006    1.630276 ^ clkbuf_1_1_1_gpio_in[38]/A (sky130_fd_sc_hd__clkbuf_8)
     5    0.085976    0.243575    0.446261    2.076536 ^ clkbuf_1_1_1_gpio_in[38]/X (sky130_fd_sc_hd__clkbuf_8)
                                                         clknet_1_1_1_gpio_in[38] (net)
                      0.245164    0.016754    2.093290 ^ clkbuf_2_3_0_gpio_in[38]/A (sky130_fd_sc_hd__clkbuf_8)
     5    0.073282    0.212277    0.432720    2.526011 ^ clkbuf_2_3_0_gpio_in[38]/X (sky130_fd_sc_hd__clkbuf_8)
                                                         clknet_2_3_0_gpio_in[38] (net)
                      0.213696    0.014672    2.540683 ^ clkbuf_3_6_0_gpio_in[38]/A (sky130_fd_sc_hd__clkbuf_8)
    15    0.218007    0.578292    0.636789    3.177472 ^ clkbuf_3_6_0_gpio_in[38]/X (sky130_fd_sc_hd__clkbuf_8)
                                                         clknet_3_6_0_gpio_in[38] (net)
                      0.583810    0.049534    3.227006 ^ clkbuf_leaf_9_gpio_in[38]/A (sky130_fd_sc_hd__clkbuf_8)
    37    0.091431    0.258634    0.625392    3.852398 ^ clkbuf_leaf_9_gpio_in[38]/X (sky130_fd_sc_hd__clkbuf_8)
                                                         clknet_leaf_9_gpio_in[38] (net)
                      0.258648    0.002240    3.854639 ^ _3669_/CLK (sky130_fd_sc_hd__dfrtp_4)
     5    0.043078    0.202314    1.259402    5.114041 v _3669_/Q (sky130_fd_sc_hd__dfrtp_4)
                                                         u_chip_core.fabric_config_large.row_select[1] (net)
                      0.202314    0.000181    5.114222 v hold1702/A (sky130_fd_sc_hd__dlygate4sd3_1)
     1    0.001737    0.097787    1.227708    6.341930 v hold1702/X (sky130_fd_sc_hd__dlygate4sd3_1)
                                                         net3157 (net)
                      0.097787    0.000007    6.341937 v hold1563/A (sky130_fd_sc_hd__buf_2)
    11    0.071725    0.312390    0.498631    6.840568 v hold1563/X (sky130_fd_sc_hd__buf_2)
                                                         net3018 (net)
                      0.312390    0.000857    6.841424 v _1601_/B (sky130_fd_sc_hd__or2_4)
    11    0.150926    0.378366    0.884532    7.725956 v _1601_/X (sky130_fd_sc_hd__or2_4)
                                                         _0877_ (net)
                      0.378510    0.006477    7.732434 v _1602_/B (sky130_fd_sc_hd__or2_2)
     7    0.046202    0.303731    1.044969    8.777403 v _1602_/X (sky130_fd_sc_hd__or2_2)
                                                         _0878_ (net)
                      0.303732    0.001427    8.778831 v hold1622/A (sky130_fd_sc_hd__dlygate4sd3_1)
     1    0.021770    0.269795    1.502160   10.280991 v hold1622/X (sky130_fd_sc_hd__dlygate4sd3_1)
                                                         net3077 (net)
                      0.269798    0.001473   10.282463 v _1603_/B (sky130_fd_sc_hd__or2_4)
     7    0.200424    0.488296    0.913328   11.195791 v _1603_/X (sky130_fd_sc_hd__or2_4)
                                                         _0879_ (net)
                      0.488303    0.001872   11.197663 v hold1623/A (sky130_fd_sc_hd__dlygate4sd3_1)
     1    0.017989    0.238683    1.566015   12.763679 v hold1623/X (sky130_fd_sc_hd__dlygate4sd3_1)
                                                         net3078 (net)
                      0.238683    0.000324   12.764003 v _1604_/B (sky130_fd_sc_hd__nor2_8)
     3    0.153862    0.880397    0.791366   13.555368 ^ _1604_/Y (sky130_fd_sc_hd__nor2_8)
                                                         _0000_ (net)
                      0.882492    0.037098   13.592467 ^ hold1624/A (sky130_fd_sc_hd__buf_4)
     3    0.068627    0.313187    0.713365   14.305833 ^ hold1624/X (sky130_fd_sc_hd__buf_4)
                                                         net3079 (net)
                      0.314094    0.013275   14.319107 ^ fanout752/A (sky130_fd_sc_hd__buf_12)
    11    0.604384    0.907470    0.604044   14.923151 ^ fanout752/X (sky130_fd_sc_hd__buf_12)
                                                         net752 (net)
                      1.768473    0.819229   15.742380 ^ fanout749/A (sky130_fd_sc_hd__buf_2)
     5    0.034203    0.285247    0.904869   16.647249 ^ fanout749/X (sky130_fd_sc_hd__buf_2)
                                                         net749 (net)
                      0.285247    0.000698   16.647947 ^ fanout748/A (sky130_fd_sc_hd__clkbuf_4)
    10    0.053421    0.263526    0.512669   17.160616 ^ fanout748/X (sky130_fd_sc_hd__clkbuf_4)
                                                         net748 (net)
                      0.263526    0.000442   17.161058 ^ _2477_/S (sky130_fd_sc_hd__mux2_1)
     1    0.007278    0.156854    0.868605   18.029663 v _2477_/X (sky130_fd_sc_hd__mux2_1)
                                                         _0431_ (net)
                      0.156854    0.000236   18.029900 v hold1441/A (sky130_fd_sc_hd__dlygate4sd3_1)
     1    0.005780    0.136473    1.268333   19.298233 v hold1441/X (sky130_fd_sc_hd__dlygate4sd3_1)
                                                         net2896 (net)
                      0.136473    0.000147   19.298380 v _3633_/D (sky130_fd_sc_hd__dfxtp_2)
                                             19.298380   data arrival time

                                 40.000000   40.000000   clock clk (rise edge)
                                  0.000000   40.000000   clock source latency
     2    0.173762    1.000000    0.000000   40.000000 ^ gpio_in[38] (in)
                                                         gpio_in[38] (net)
                      1.176716    0.083940   40.083942 ^ clkbuf_0_gpio_in[38]/A (sky130_fd_sc_hd__clkbuf_16)
     5    0.256873    0.403508    0.814012   40.897953 ^ clkbuf_0_gpio_in[38]/X (sky130_fd_sc_hd__clkbuf_16)
                                                         clknet_0_gpio_in[38] (net)
                      0.412494    0.045365   40.943317 ^ clkbuf_1_1_0_gpio_in[38]/A (sky130_fd_sc_hd__clkbuf_8)
     3    0.077339    0.224004    0.465519   41.408836 ^ clkbuf_1_1_0_gpio_in[38]/X (sky130_fd_sc_hd__clkbuf_8)
                                                         clknet_1_1_0_gpio_in[38] (net)
                      0.225821    0.015387   41.424225 ^ clkbuf_1_1_1_gpio_in[38]/A (sky130_fd_sc_hd__clkbuf_8)
     5    0.085976    0.243575    0.403752   41.827976 ^ clkbuf_1_1_1_gpio_in[38]/X (sky130_fd_sc_hd__clkbuf_8)
                                                         clknet_1_1_1_gpio_in[38] (net)
                      0.245695    0.017401   41.845375 ^ clkbuf_2_2_0_gpio_in[38]/A (sky130_fd_sc_hd__clkbuf_8)
     5    0.063819    0.188870    0.376371   42.221748 ^ clkbuf_2_2_0_gpio_in[38]/X (sky130_fd_sc_hd__clkbuf_8)
                                                         clknet_2_2_0_gpio_in[38] (net)
                      0.190008    0.011170   42.232918 ^ clkbuf_3_5_0_gpio_in[38]/A (sky130_fd_sc_hd__clkbuf_8)
    21    0.264062    0.696541    0.604135   42.837051 ^ clkbuf_3_5_0_gpio_in[38]/X (sky130_fd_sc_hd__clkbuf_8)
                                                         clknet_3_5_0_gpio_in[38] (net)
                      0.755669    0.148063   42.985115 ^ clkbuf_leaf_30_gpio_in[38]/A (sky130_fd_sc_hd__clkbuf_8)
    11    0.053363    0.169601    0.550664   43.535778 ^ clkbuf_leaf_30_gpio_in[38]/X (sky130_fd_sc_hd__clkbuf_8)
                                                         clknet_leaf_30_gpio_in[38] (net)
                      0.169602    0.000856   43.536636 ^ _3633_/CLK (sky130_fd_sc_hd__dfxtp_2)
                                 -0.100000   43.436638   clock uncertainty
                                  0.248561   43.685200   clock reconvergence pessimism
                                 -0.275002   43.410198   library setup time
                                             43.410198   data required time
---------------------------------------------------------------------------------------------
                                             43.410198   data required time
                                            -19.298380   data arrival time
---------------------------------------------------------------------------------------------
                                             24.111816   slack (MET)




===========================================================================
report_checks --slack_max -0.01
============================================================================
======================= min_ss_100C_1v60 Corner ===================================

No paths found.


===========================================================================
 report_check_types -max_slew -max_cap -max_fanout -violators
============================================================================
======================= min_ss_100C_1v60 Corner ===================================

max slew

Pin                                        Limit        Slew       Slack
------------------------------------------------------------------------
ANTENNA_322/DIODE                       1.500000   11.198309   -9.698309 (VIOLATED)
ANTENNA_wire938_A/DIODE                 1.500000   11.198307   -9.698307 (VIOLATED)
wire938/A                               1.500000   11.198317   -9.698317 (VIOLATED)
ANTENNA_321/DIODE                       1.500000   11.198262   -9.698262 (VIOLATED)
ANTENNA_wire929_A/DIODE                 1.500000   10.539806   -9.039806 (VIOLATED)
wire929/A                               1.500000   10.539812   -9.039812 (VIOLATED)
wire1037/A                              1.500000    7.193487   -5.693487 (VIOLATED)
ANTENNA_wire1037_A/DIODE                1.500000    7.193479   -5.693479 (VIOLATED)
wire1038/A                              1.500000    5.169914   -3.669914 (VIOLATED)
ANTENNA_4/DIODE                         1.500000    5.169903   -3.669903 (VIOLATED)
ANTENNA_5/DIODE                         1.500000    5.169904   -3.669904 (VIOLATED)
ANTENNA_wire1038_A/DIODE                1.500000    5.169903   -3.669903 (VIOLATED)
ANTENNA_2/DIODE                         1.500000    5.169775   -3.669775 (VIOLATED)
ANTENNA_3/DIODE                         1.500000    5.169764   -3.669764 (VIOLATED)
ANTENNA_wire930_X/DIODE                 1.500000    4.974465   -3.474465 (VIOLATED)
wire930/X                               1.500000    4.974465   -3.474465 (VIOLATED)
ANTENNA_wire939_X/DIODE                 1.500000    4.912632   -3.412632 (VIOLATED)
wire939/X                               1.500000    4.912632   -3.412632 (VIOLATED)
wire1408/A                              1.500000    4.529576   -3.029576 (VIOLATED)
ANTENNA_wire1408_A/DIODE                1.500000    4.529454   -3.029454 (VIOLATED)
_1535_/X                                1.499543    4.356269   -2.856726 (VIOLATED)
ANTENNA__1535__X/DIODE                  1.500000    4.356284   -2.856284 (VIOLATED)
wire1035/A                              1.500000    4.301840   -2.801840 (VIOLATED)
ANTENNA_wire1035_A/DIODE                1.500000    4.301823   -2.801823 (VIOLATED)
_1504_/A                                1.500000    4.286534   -2.786534 (VIOLATED)
ANTENNA__1504__A/DIODE                  1.500000    4.286521   -2.786521 (VIOLATED)
_1536_/X                                1.499543    4.090202   -2.590659 (VIOLATED)
ANTENNA__1536__X/DIODE                  1.500000    4.090202   -2.590202 (VIOLATED)
ANTENNA_197/DIODE                       1.500000    3.929352   -2.429352 (VIOLATED)
wire947/A                               1.500000    3.929353   -2.429353 (VIOLATED)
ANTENNA_198/DIODE                       1.500000    3.929348   -2.429348 (VIOLATED)
ANTENNA_wire947_A/DIODE                 1.500000    3.929350   -2.429350 (VIOLATED)
ANTENNA_199/DIODE                       1.500000    3.929346   -2.429346 (VIOLATED)
ANTENNA_200/DIODE                       1.500000    3.929344   -2.429344 (VIOLATED)
ANTENNA_201/DIODE                       1.500000    3.929341   -2.429341 (VIOLATED)
ANTENNA_202/DIODE                       1.500000    3.929338   -2.429338 (VIOLATED)
ANTENNA_wire948_X/DIODE                 1.500000    3.834288   -2.334288 (VIOLATED)
wire948/X                               1.500000    3.834288   -2.334288 (VIOLATED)
ANTENNA_load_slew1433_A/DIODE           1.500000    3.796904   -2.296904 (VIOLATED)
load_slew1433/A                         1.500000    3.796887   -2.296887 (VIOLATED)
_1485_/A                                1.500000    3.691705   -2.191705 (VIOLATED)
ANTENNA__1485__A/DIODE                  1.500000    3.691702   -2.191702 (VIOLATED)
_1509_/A                                1.500000    3.599252   -2.099252 (VIOLATED)
ANTENNA__1509__A/DIODE                  1.500000    3.598952   -2.098952 (VIOLATED)
_1510_/A                                1.500000    3.324260   -1.824260 (VIOLATED)
ANTENNA__1510__A/DIODE                  1.500000    3.324258   -1.824258 (VIOLATED)
wire907/A                               1.500000    3.038609   -1.538609 (VIOLATED)
ANTENNA_wire907_A/DIODE                 1.500000    3.038607   -1.538607 (VIOLATED)
ANTENNA__1576__Y/DIODE                  1.500000    3.011800   -1.511800 (VIOLATED)
_1576_/Y                                1.500000    3.011800   -1.511800 (VIOLATED)
wire871/A                               1.500000    2.997715   -1.497715 (VIOLATED)
ANTENNA_wire871_A/DIODE                 1.500000    2.997706   -1.497706 (VIOLATED)
ANTENNA__1580__Y/DIODE                  1.500000    2.977439   -1.477439 (VIOLATED)
_1580_/Y                                1.500000    2.977439   -1.477439 (VIOLATED)
_1503_/A                                1.500000    2.742389   -1.242389 (VIOLATED)
ANTENNA__1503__A/DIODE                  1.500000    2.742375   -1.242375 (VIOLATED)
_1506_/A                                1.500000    2.625484   -1.125484 (VIOLATED)
ANTENNA__1506__A/DIODE                  1.500000    2.625480   -1.125480 (VIOLATED)
ANTENNA_wire1025_A/DIODE                1.500000    2.604978   -1.104978 (VIOLATED)
wire1025/A                              1.500000    2.604977   -1.104977 (VIOLATED)
_1545_/X                                1.498428    2.583423   -1.084995 (VIOLATED)
ANTENNA_1/DIODE                         1.500000    2.583423   -1.083423 (VIOLATED)
ANTENNA__1545__X/DIODE                  1.500000    2.583423   -1.083423 (VIOLATED)
_1505_/A                                1.500000    2.553979   -1.053979 (VIOLATED)
ANTENNA__1505__A/DIODE                  1.500000    2.553968   -1.053968 (VIOLATED)
wire1028/A                              1.500000    2.446010   -0.946010 (VIOLATED)
ANTENNA_wire1028_A/DIODE                1.500000    2.445976   -0.945977 (VIOLATED)
ANTENNA_wire1430_A/DIODE                1.500000    2.395105   -0.895105 (VIOLATED)
wire1430/A                              1.500000    2.395102   -0.895102 (VIOLATED)
ANTENNA__2503__A1/DIODE                 1.500000    2.226601   -0.726601 (VIOLATED)
_2503_/A1                               1.500000    2.226586   -0.726586 (VIOLATED)
_2502_/A1                               1.500000    2.203198   -0.703198 (VIOLATED)
ANTENNA__2502__A1/DIODE                 1.500000    2.203177   -0.703177 (VIOLATED)
wire1023/A                              1.500000    2.160051   -0.660051 (VIOLATED)
ANTENNA_wire1023_A/DIODE                1.500000    2.160034   -0.660034 (VIOLATED)
_1546_/X                                1.498428    2.152432   -0.654004 (VIOLATED)
ANTENNA__1546__X/DIODE                  1.500000    2.152432   -0.652432 (VIOLATED)
ANTENNA__2482__A1/DIODE                 1.500000    1.971208   -0.471208 (VIOLATED)
_2482_/A1                               1.500000    1.971206   -0.471206 (VIOLATED)
ANTENNA__2504__A1/DIODE                 1.500000    1.963117   -0.463118 (VIOLATED)
_2504_/A1                               1.500000    1.963110   -0.463110 (VIOLATED)
ANTENNA__2476__A1/DIODE                 1.500000    1.918672   -0.418672 (VIOLATED)
_2476_/A1                               1.500000    1.918659   -0.418660 (VIOLATED)
ANTENNA__2505__A1/DIODE                 1.500000    1.878695   -0.378695 (VIOLATED)
_2505_/A1                               1.500000    1.878685   -0.378685 (VIOLATED)
wire861/A                               1.500000    1.870632   -0.370632 (VIOLATED)
ANTENNA_wire861_A/DIODE                 1.500000    1.870629   -0.370630 (VIOLATED)
ANTENNA_wire862_X/DIODE                 1.500000    1.867912   -0.367912 (VIOLATED)
wire862/X                               1.500000    1.867912   -0.367912 (VIOLATED)
_2479_/A1                               1.500000    1.866628   -0.366628 (VIOLATED)
ANTENNA__2479__A1/DIODE                 1.500000    1.866612   -0.366612 (VIOLATED)
_1444_/X                                1.493092    1.841406   -0.348314 (VIOLATED)
wire1303/A                              1.500000    1.842866   -0.342866 (VIOLATED)
ANTENNA_wire1303_A/DIODE                1.500000    1.842865   -0.342865 (VIOLATED)
ANTENNA__1444__X/DIODE                  1.500000    1.841406   -0.341406 (VIOLATED)
ANTENNA_fanout1129_A/DIODE              1.500000    1.840023   -0.340023 (VIOLATED)
ANTENNA__2487__A1/DIODE                 1.500000    1.837496   -0.337496 (VIOLATED)
_2487_/A1                               1.500000    1.837495   -0.337495 (VIOLATED)
fanout1129/A                            1.500000    1.833204   -0.333204 (VIOLATED)
_2480_/A1                               1.500000    1.831754   -0.331754 (VIOLATED)
ANTENNA__2480__A1/DIODE                 1.500000    1.831745   -0.331745 (VIOLATED)
ANTENNA_fanout1123_A/DIODE              1.500000    1.829693   -0.329693 (VIOLATED)
_1508_/A                                1.500000    1.829592   -0.329592 (VIOLATED)
ANTENNA__1508__A/DIODE                  1.500000    1.829590   -0.329590 (VIOLATED)
fanout1123/A                            1.500000    1.828239   -0.328239 (VIOLATED)
fanout1231/A                            1.500000    1.798794   -0.298794 (VIOLATED)
ANTENNA_fanout1231_A/DIODE              1.500000    1.798665   -0.298665 (VIOLATED)
wire1421/A                              1.500000    1.797281   -0.297281 (VIOLATED)
ANTENNA_146/DIODE                       1.500000    1.797269   -0.297269 (VIOLATED)
ANTENNA_wire1421_A/DIODE                1.500000    1.797268   -0.297268 (VIOLATED)
ANTENNA_147/DIODE                       1.500000    1.797266   -0.297266 (VIOLATED)
ANTENNA_145/DIODE                       1.500000    1.797251   -0.297251 (VIOLATED)
ANTENNA_144/DIODE                       1.500000    1.797249   -0.297249 (VIOLATED)
ANTENNA__2492__A1/DIODE                 1.500000    1.790193   -0.290193 (VIOLATED)
_2492_/A1                               1.500000    1.790161   -0.290161 (VIOLATED)
ANTENNA__2485__A1/DIODE                 1.500000    1.781394   -0.281394 (VIOLATED)
_2485_/A1                               1.500000    1.781393   -0.281393 (VIOLATED)
_2481_/A1                               1.500000    1.781235   -0.281235 (VIOLATED)
ANTENNA__2481__A1/DIODE                 1.500000    1.781214   -0.281214 (VIOLATED)
wire879/A                               1.500000    1.779997   -0.279997 (VIOLATED)
ANTENNA_wire879_A/DIODE                 1.500000    1.779996   -0.279996 (VIOLATED)
wire1032/A                              1.500000    1.773848   -0.273849 (VIOLATED)
ANTENNA_wire1032_A/DIODE                1.500000    1.773815   -0.273815 (VIOLATED)
ANTENNA_wire880_X/DIODE                 1.500000    1.772297   -0.272297 (VIOLATED)
wire880/X                               1.500000    1.772297   -0.272297 (VIOLATED)
fanout751/A                             1.500000    1.769627   -0.269627 (VIOLATED)
ANTENNA_fanout751_A/DIODE               1.500000    1.769620   -0.269620 (VIOLATED)
_2488_/S                                1.500000    1.769467   -0.269467 (VIOLATED)
ANTENNA__2488__S/DIODE                  1.500000    1.769336   -0.269336 (VIOLATED)
ANTENNA__2487__S/DIODE                  1.500000    1.769094   -0.269094 (VIOLATED)
_2487_/S                                1.500000    1.768869   -0.268869 (VIOLATED)
fanout749/A                             1.500000    1.768473   -0.268473 (VIOLATED)
ANTENNA_fanout749_A/DIODE               1.500000    1.768428   -0.268428 (VIOLATED)
wire1062/A                              1.500000    1.762048   -0.262048 (VIOLATED)
ANTENNA_wire1062_A/DIODE                1.500000    1.761944   -0.261944 (VIOLATED)
wire897/A                               1.500000    1.752479   -0.252479 (VIOLATED)
ANTENNA_wire897_A/DIODE                 1.500000    1.752475   -0.252475 (VIOLATED)
_2494_/A1                               1.500000    1.746743   -0.246743 (VIOLATED)
ANTENNA__2494__A1/DIODE                 1.500000    1.746722   -0.246722 (VIOLATED)
ANTENNA_184/DIODE                       1.500000    1.738964   -0.238964 (VIOLATED)
ANTENNA_wire898_X/DIODE                 1.500000    1.738962   -0.238962 (VIOLATED)
ANTENNA_183/DIODE                       1.500000    1.738961   -0.238961 (VIOLATED)
ANTENNA_185/DIODE                       1.500000    1.738959   -0.238959 (VIOLATED)
wire898/X                               1.500000    1.738953   -0.238953 (VIOLATED)
_2483_/A1                               1.500000    1.733168   -0.233168 (VIOLATED)
ANTENNA__2483__A1/DIODE                 1.500000    1.733155   -0.233155 (VIOLATED)
_1541_/X                                1.499543    1.723009   -0.223466 (VIOLATED)
ANTENNA__1541__X/DIODE                  1.500000    1.723013   -0.223013 (VIOLATED)
_2478_/A1                               1.500000    1.714265   -0.214265 (VIOLATED)
ANTENNA__2478__A1/DIODE                 1.500000    1.714262   -0.214262 (VIOLATED)
ANTENNA_261/DIODE                       1.500000    1.713528   -0.213528 (VIOLATED)
load_slew1391/A                         1.500000    1.713156   -0.213156 (VIOLATED)
fanout1122/A                            1.500000    1.711763   -0.211763 (VIOLATED)
ANTENNA_fanout1122_A/DIODE              1.500000    1.711659   -0.211659 (VIOLATED)
ANTENNA_263/DIODE                       1.500000    1.711001   -0.211001 (VIOLATED)
ANTENNA_262/DIODE                       1.500000    1.711001   -0.211001 (VIOLATED)
ANTENNA_load_slew1391_A/DIODE           1.500000    1.710997   -0.210997 (VIOLATED)
ANTENNA_260/DIODE                       1.500000    1.710986   -0.210986 (VIOLATED)
ANTENNA__2477__A1/DIODE                 1.500000    1.706498   -0.206498 (VIOLATED)
_2477_/A1                               1.500000    1.706489   -0.206489 (VIOLATED)
fanout1126/A                            1.500000    1.701999   -0.201999 (VIOLATED)
ANTENNA_fanout1126_A/DIODE              1.500000    1.701746   -0.201746 (VIOLATED)
wire1026/A                              1.500000    1.684855   -0.184855 (VIOLATED)
ANTENNA_wire1026_A/DIODE                1.500000    1.684850   -0.184850 (VIOLATED)
wire928/A                               1.500000    1.664925   -0.164925 (VIOLATED)
ANTENNA_wire928_A/DIODE                 1.500000    1.664860   -0.164860 (VIOLATED)
ANTENNA_228/DIODE                       1.500000    1.656090   -0.156090 (VIOLATED)
ANTENNA_226/DIODE                       1.500000    1.656083   -0.156083 (VIOLATED)
ANTENNA_224/DIODE                       1.500000    1.656076   -0.156076 (VIOLATED)
ANTENNA_222/DIODE                       1.500000    1.656070   -0.156070 (VIOLATED)
ANTENNA_221/DIODE                       1.500000    1.656064   -0.156064 (VIOLATED)
ANTENNA_wire1029_X/DIODE                1.500000    1.656058   -0.156058 (VIOLATED)
ANTENNA_223/DIODE                       1.500000    1.656053   -0.156053 (VIOLATED)
ANTENNA_225/DIODE                       1.500000    1.656053   -0.156053 (VIOLATED)
ANTENNA_227/DIODE                       1.500000    1.656053   -0.156053 (VIOLATED)
ANTENNA_229/DIODE                       1.500000    1.656053   -0.156053 (VIOLATED)
wire1029/X                              1.500000    1.656025   -0.156025 (VIOLATED)
ANTENNA_wire1392_X/DIODE                1.500000    1.646931   -0.146931 (VIOLATED)
wire1392/X                              1.500000    1.646931   -0.146931 (VIOLATED)
wire1010/A                              1.500000    1.635190   -0.135190 (VIOLATED)
ANTENNA_wire1010_A/DIODE                1.500000    1.635166   -0.135166 (VIOLATED)
_2495_/A1                               1.500000    1.628206   -0.128206 (VIOLATED)
ANTENNA__2495__A1/DIODE                 1.500000    1.628186   -0.128187 (VIOLATED)
_2493_/A1                               1.500000    1.624097   -0.124097 (VIOLATED)
ANTENNA__2493__A1/DIODE                 1.500000    1.624081   -0.124081 (VIOLATED)
ANTENNA__1553__X/DIODE                  1.500000    1.620950   -0.120950 (VIOLATED)
_1553_/X                                1.500000    1.620950   -0.120950 (VIOLATED)
fanout1207/A                            1.500000    1.617619   -0.117619 (VIOLATED)
ANTENNA_fanout1207_A/DIODE              1.500000    1.617609   -0.117609 (VIOLATED)
fanout1298/A                            1.500000    1.597187   -0.097187 (VIOLATED)
ANTENNA_fanout1298_A/DIODE              1.500000    1.597079   -0.097079 (VIOLATED)
fanout1293/A                            1.500000    1.575984   -0.075985 (VIOLATED)
ANTENNA_fanout1293_A/DIODE              1.500000    1.575954   -0.075954 (VIOLATED)
_2491_/A1                               1.500000    1.575498   -0.075498 (VIOLATED)
ANTENNA__2491__A1/DIODE                 1.500000    1.575491   -0.075491 (VIOLATED)
fanout1225/A                            1.500000    1.569177   -0.069177 (VIOLATED)
ANTENNA_fanout1225_A/DIODE              1.500000    1.569070   -0.069070 (VIOLATED)
ANTENNA__2475__A1/DIODE                 1.500000    1.554822   -0.054822 (VIOLATED)
_2475_/A1                               1.500000    1.554821   -0.054821 (VIOLATED)
fanout1192/A                            1.500000    1.529018   -0.029018 (VIOLATED)
ANTENNA_fanout1192_A/DIODE              1.500000    1.528892   -0.028892 (VIOLATED)
fanout1216/A                            1.500000    1.509742   -0.009742 (VIOLATED)
ANTENNA_fanout1216_A/DIODE              1.500000    1.509678   -0.009678 (VIOLATED)
_2489_/A1                               1.500000    1.508257   -0.008257 (VIOLATED)
ANTENNA__2489__A1/DIODE                 1.500000    1.508240   -0.008241 (VIOLATED)
_2486_/A1                               1.500000    1.507239   -0.007240 (VIOLATED)
ANTENNA__2486__A1/DIODE                 1.500000    1.507237   -0.007237 (VIOLATED)
wire828/A                               1.500000    1.503365   -0.003365 (VIOLATED)
ANTENNA_wire828_A/DIODE                 1.500000    1.503358   -0.003358 (VIOLATED)

max fanout

Pin                                   Limit Fanout  Slack
---------------------------------------------------------
clkbuf_leaf_10_gpio_in[38]/X             20     49    -29 (VIOLATED)
clkbuf_leaf_11_gpio_in[38]/X             20     49    -29 (VIOLATED)
clkbuf_leaf_17_gpio_in[38]/X             20     47    -27 (VIOLATED)
clkbuf_leaf_22_gpio_in[38]/X             20     47    -27 (VIOLATED)
clkbuf_leaf_35_gpio_in[38]/X             20     47    -27 (VIOLATED)
clkbuf_leaf_3_gpio_in[38]/X              20     45    -25 (VIOLATED)
clkbuf_leaf_15_gpio_in[38]/X             20     43    -23 (VIOLATED)
clkbuf_leaf_25_gpio_in[38]/X             20     43    -23 (VIOLATED)
clkbuf_leaf_27_gpio_in[38]/X             20     43    -23 (VIOLATED)
clkbuf_leaf_2_gpio_in[38]/X              20     43    -23 (VIOLATED)
clkbuf_leaf_32_gpio_in[38]/X             20     43    -23 (VIOLATED)
clkbuf_leaf_16_gpio_in[38]/X             20     41    -21 (VIOLATED)
clkbuf_leaf_21_gpio_in[38]/X             20     41    -21 (VIOLATED)
clkbuf_leaf_31_gpio_in[38]/X             20     41    -21 (VIOLATED)
clkbuf_leaf_41_gpio_in[38]/X             20     41    -21 (VIOLATED)
clkbuf_leaf_53_gpio_in[38]/X             20     41    -21 (VIOLATED)
clkbuf_leaf_1_gpio_in[38]/X              20     39    -19 (VIOLATED)
clkbuf_leaf_12_gpio_in[38]/X             20     37    -17 (VIOLATED)
clkbuf_leaf_49_gpio_in[38]/X             20     37    -17 (VIOLATED)
clkbuf_leaf_52_gpio_in[38]/X             20     37    -17 (VIOLATED)
clkbuf_leaf_9_gpio_in[38]/X              20     37    -17 (VIOLATED)
clkbuf_leaf_13_gpio_in[38]/X             20     35    -15 (VIOLATED)
clkbuf_leaf_57_gpio_in[38]/X             20     35    -15 (VIOLATED)
clkbuf_leaf_50_gpio_in[38]/X             20     33    -13 (VIOLATED)
clkbuf_leaf_59_gpio_in[38]/X             20     33    -13 (VIOLATED)
fanout1194/X                             20     32    -12 (VIOLATED)
clkbuf_3_2_0_gpio_in[38]/X               20     31    -11 (VIOLATED)
clkbuf_leaf_19_gpio_in[38]/X             20     31    -11 (VIOLATED)
clkbuf_leaf_23_gpio_in[38]/X             20     31    -11 (VIOLATED)
max_cap807/X                             20     31    -11 (VIOLATED)
clkbuf_leaf_34_gpio_in[38]/X             20     29     -9 (VIOLATED)
clkbuf_leaf_58_gpio_in[38]/X             20     29     -9 (VIOLATED)
clkbuf_leaf_0_gpio_in[38]/X              20     27     -7 (VIOLATED)
clkbuf_leaf_36_gpio_in[38]/X             20     27     -7 (VIOLATED)
clkbuf_3_3_0_gpio_in[38]/X               20     25     -5 (VIOLATED)
clkbuf_leaf_33_gpio_in[38]/X             20     25     -5 (VIOLATED)
clkbuf_leaf_60_gpio_in[38]/X             20     25     -5 (VIOLATED)
clkbuf_leaf_6_gpio_in[38]/X              20     25     -5 (VIOLATED)
fanout1251/X                             20     24     -4 (VIOLATED)
clkbuf_leaf_28_gpio_in[38]/X             20     23     -3 (VIOLATED)
fanout1186/X                             20     23     -3 (VIOLATED)
fanout1189/X                             20     23     -3 (VIOLATED)
fanout1204/X                             20     23     -3 (VIOLATED)
fanout1234/X                             20     23     -3 (VIOLATED)
gpio_loopback_zero[25]                   20     22     -2 (VIOLATED)
gpio_loopback_zero[26]                   20     22     -2 (VIOLATED)
gpio_loopback_zero[30]                   20     22     -2 (VIOLATED)
gpio_loopback_zero[32]                   20     22     -2 (VIOLATED)
gpio_loopback_zero[38]                   20     22     -2 (VIOLATED)
fanout1185/X                             20     22     -2 (VIOLATED)
fanout1198/X                             20     22     -2 (VIOLATED)
fanout1216/X                             20     22     -2 (VIOLATED)
fanout1344/X                             20     22     -2 (VIOLATED)
clkbuf_3_1_0_gpio_in[38]/X               20     21        (VIOLATED)
clkbuf_3_5_0_gpio_in[38]/X               20     21        (VIOLATED)
fanout1112/X                             20     21        (VIOLATED)
fanout1114/X                             20     21        (VIOLATED)
fanout1116/X                             20     21        (VIOLATED)
fanout1122/X                             20     21        (VIOLATED)
fanout1123/X                             20     21        (VIOLATED)
fanout1125/X                             20     21        (VIOLATED)
fanout1126/X                             20     21        (VIOLATED)
fanout1128/X                             20     21        (VIOLATED)
fanout1129/X                             20     21        (VIOLATED)
fanout1131/X                             20     21        (VIOLATED)
fanout1132/X                             20     21        (VIOLATED)
fanout1137/X                             20     21        (VIOLATED)
fanout1138/X                             20     21        (VIOLATED)
fanout1143/X                             20     21        (VIOLATED)
fanout1144/X                             20     21        (VIOLATED)
fanout1149/X                             20     21        (VIOLATED)
fanout1150/X                             20     21        (VIOLATED)
fanout1155/X                             20     21        (VIOLATED)
fanout1156/X                             20     21        (VIOLATED)
fanout1161/X                             20     21        (VIOLATED)
fanout1162/X                             20     21        (VIOLATED)
fanout1167/X                             20     21        (VIOLATED)
fanout1168/X                             20     21        (VIOLATED)
fanout1170/X                             20     21        (VIOLATED)
fanout1171/X                             20     21        (VIOLATED)
fanout1173/X                             20     21        (VIOLATED)
fanout1174/X                             20     21        (VIOLATED)
fanout1176/X                             20     21        (VIOLATED)
fanout1177/X                             20     21        (VIOLATED)
fanout1179/X                             20     21        (VIOLATED)
fanout1180/X                             20     21        (VIOLATED)
fanout1182/X                             20     21        (VIOLATED)
fanout1183/X                             20     21        (VIOLATED)
fanout1188/X                             20     21        (VIOLATED)
fanout1191/X                             20     21        (VIOLATED)
fanout1192/X                             20     21        (VIOLATED)
fanout1195/X                             20     21        (VIOLATED)
fanout1197/X                             20     21        (VIOLATED)
fanout1200/X                             20     21        (VIOLATED)
fanout1201/X                             20     21        (VIOLATED)
fanout1203/X                             20     21        (VIOLATED)
fanout1206/X                             20     21        (VIOLATED)
fanout1207/X                             20     21        (VIOLATED)
fanout1209/X                             20     21        (VIOLATED)
fanout1210/X                             20     21        (VIOLATED)
fanout1212/X                             20     21        (VIOLATED)
fanout1213/X                             20     21        (VIOLATED)
fanout1215/X                             20     21        (VIOLATED)
fanout1218/X                             20     21        (VIOLATED)
fanout1219/X                             20     21        (VIOLATED)
fanout1221/X                             20     21        (VIOLATED)
fanout1222/X                             20     21        (VIOLATED)
fanout1224/X                             20     21        (VIOLATED)
fanout1225/X                             20     21        (VIOLATED)
fanout1227/X                             20     21        (VIOLATED)
fanout1228/X                             20     21        (VIOLATED)
fanout1230/X                             20     21        (VIOLATED)
fanout1231/X                             20     21        (VIOLATED)
fanout1233/X                             20     21        (VIOLATED)
fanout1244/X                             20     21        (VIOLATED)
fanout1246/X                             20     21        (VIOLATED)
fanout1248/X                             20     21        (VIOLATED)
fanout1249/X                             20     21        (VIOLATED)
fanout1255/X                             20     21        (VIOLATED)
fanout1259/X                             20     21        (VIOLATED)
fanout1260/X                             20     21        (VIOLATED)
fanout1262/X                             20     21        (VIOLATED)
fanout1263/X                             20     21        (VIOLATED)
fanout1266/X                             20     21        (VIOLATED)
fanout1287/X                             20     21        (VIOLATED)
fanout1288/X                             20     21        (VIOLATED)
fanout1291/X                             20     21        (VIOLATED)
fanout1292/X                             20     21        (VIOLATED)
fanout1294/X                             20     21        (VIOLATED)
fanout1295/X                             20     21        (VIOLATED)
fanout1296/X                             20     21        (VIOLATED)
fanout1297/X                             20     21        (VIOLATED)
fanout1307/X                             20     21        (VIOLATED)
fanout1326/X                             20     21        (VIOLATED)
fanout1329/X                             20     21        (VIOLATED)
fanout1332/X                             20     21        (VIOLATED)
fanout1335/X                             20     21        (VIOLATED)
fanout1338/X                             20     21        (VIOLATED)
fanout1341/X                             20     21        (VIOLATED)
fanout1347/X                             20     21        (VIOLATED)
fanout1350/X                             20     21        (VIOLATED)
fanout1353/X                             20     21        (VIOLATED)
fanout1356/X                             20     21        (VIOLATED)
fanout1359/X                             20     21        (VIOLATED)
fanout1362/X                             20     21        (VIOLATED)
fanout1365/X                             20     21        (VIOLATED)
fanout1368/X                             20     21        (VIOLATED)
fanout1371/X                             20     21        (VIOLATED)
fanout1374/X                             20     21        (VIOLATED)
fanout1377/X                             20     21        (VIOLATED)
fanout1380/X                             20     21        (VIOLATED)
fanout1383/X                             20     21        (VIOLATED)
fanout1399/X                             20     21        (VIOLATED)
fanout636/X                              20     21        (VIOLATED)
fanout655/X                              20     21        (VIOLATED)
fanout673/X                              20     21        (VIOLATED)
fanout760/X                              20     21        (VIOLATED)
fanout764/X                              20     21        (VIOLATED)
fanout772/X                              20     21        (VIOLATED)
fanout785/X                              20     21        (VIOLATED)
fanout787/X                              20     21        (VIOLATED)
fanout788/X                              20     21        (VIOLATED)
fanout790/X                              20     21        (VIOLATED)
fanout810/X                              20     21        (VIOLATED)
fanout811/X                              20     21        (VIOLATED)
hold1557/X                               20     21        (VIOLATED)

max capacitance

Pin                                        Limit         Cap       Slack
------------------------------------------------------------------------
wire939/X                               0.353403    1.423705   -1.070302 (VIOLATED)
wire930/X                               0.353403    1.391436   -1.038033 (VIOLATED)
_1536_/X                                0.353403    1.084981   -0.731578 (VIOLATED)
_1535_/X                                0.353403    1.037991   -0.684588 (VIOLATED)
wire948/X                               0.181284    0.464984   -0.283700 (VIOLATED)
_1545_/X                                0.187693    0.324166   -0.136473 (VIOLATED)
_1576_/Y                                0.179453    0.284742   -0.105289 (VIOLATED)
_1580_/Y                                0.179453    0.281652   -0.102199 (VIOLATED)
_1546_/X                                0.187693    0.270715   -0.083022 (VIOLATED)
wire880/X                               0.353403    0.415313   -0.061910 (VIOLATED)
wire898/X                               0.353403    0.406493   -0.053090 (VIOLATED)
_1541_/X                                0.353403    0.406422   -0.053019 (VIOLATED)
wire862/X                               0.181284    0.228842   -0.047558 (VIOLATED)
_1444_/X                                0.099802    0.124118   -0.024316 (VIOLATED)
_1553_/X                                0.189524    0.203994   -0.014470 (VIOLATED)



===========================================================================
report_parasitic_annotation -report_unannotated
============================================================================
Found 217 unannotated drivers.
 analog_io[0]
 analog_io[10]
 analog_io[11]
 analog_io[12]
 analog_io[13]
 analog_io[14]
 analog_io[15]
 analog_io[16]
 analog_io[17]
 analog_io[18]
 analog_io[19]
 analog_io[1]
 analog_io[20]
 analog_io[21]
 analog_io[22]
 analog_io[23]
 analog_io[24]
 analog_io[25]
 analog_io[26]
 analog_io[27]
 analog_io[28]
 analog_io[29]
 analog_io[2]
 analog_io[30]
 analog_io[31]
 analog_io[32]
 analog_io[33]
 analog_io[34]
 analog_io[35]
 analog_io[36]
 analog_io[37]
 analog_io[38]
 analog_io[39]
 analog_io[3]
 analog_io[40]
 analog_io[41]
 analog_io[42]
 analog_io[43]
 analog_io[4]
 analog_io[5]
 analog_io[6]
 analog_io[7]
 analog_io[8]
 analog_io[9]
 analog_noesd_io[0]
 analog_noesd_io[10]
 analog_noesd_io[11]
 analog_noesd_io[12]
 analog_noesd_io[13]
 analog_noesd_io[14]
 analog_noesd_io[15]
 analog_noesd_io[16]
 analog_noesd_io[17]
 analog_noesd_io[18]
 analog_noesd_io[19]
 analog_noesd_io[1]
 analog_noesd_io[20]
 analog_noesd_io[21]
 analog_noesd_io[22]
 analog_noesd_io[23]
 analog_noesd_io[24]
 analog_noesd_io[25]
 analog_noesd_io[26]
 analog_noesd_io[27]
 analog_noesd_io[28]
 analog_noesd_io[29]
 analog_noesd_io[2]
 analog_noesd_io[30]
 analog_noesd_io[31]
 analog_noesd_io[32]
 analog_noesd_io[33]
 analog_noesd_io[34]
 analog_noesd_io[35]
 analog_noesd_io[36]
 analog_noesd_io[37]
 analog_noesd_io[38]
 analog_noesd_io[39]
 analog_noesd_io[3]
 analog_noesd_io[40]
 analog_noesd_io[41]
 analog_noesd_io[42]
 analog_noesd_io[43]
 analog_noesd_io[4]
 analog_noesd_io[5]
 analog_noesd_io[6]
 analog_noesd_io[7]
 analog_noesd_io[8]
 analog_noesd_io[9]
 gpio_in[14]
 gpio_in[29]
 gpio_in_h[0]
 gpio_in_h[10]
 gpio_in_h[11]
 gpio_in_h[12]
 gpio_in_h[13]
 gpio_in_h[14]
 gpio_in_h[15]
 gpio_in_h[16]
 gpio_in_h[17]
 gpio_in_h[18]
 gpio_in_h[19]
 gpio_in_h[1]
 gpio_in_h[20]
 gpio_in_h[21]
 gpio_in_h[22]
 gpio_in_h[23]
 gpio_in_h[24]
 gpio_in_h[25]
 gpio_in_h[26]
 gpio_in_h[27]
 gpio_in_h[28]
 gpio_in_h[29]
 gpio_in_h[2]
 gpio_in_h[30]
 gpio_in_h[31]
 gpio_in_h[32]
 gpio_in_h[33]
 gpio_in_h[34]
 gpio_in_h[35]
 gpio_in_h[36]
 gpio_in_h[37]
 gpio_in_h[38]
 gpio_in_h[39]
 gpio_in_h[3]
 gpio_in_h[40]
 gpio_in_h[41]
 gpio_in_h[42]
 gpio_in_h[43]
 gpio_in_h[4]
 gpio_in_h[5]
 gpio_in_h[6]
 gpio_in_h[7]
 gpio_in_h[8]
 gpio_in_h[9]
 gpio_loopback_one[0]
 gpio_loopback_zero[0]
 por_l
 porb_h
 porb_l
 resetb_h
 _4019__1454/LO
 clkload0/Y
 clkload1/Y
 clkload10/Y
 clkload11/Y
 clkload12/Y
 clkload13/Y
 clkload14/Y
 clkload15/Y
 clkload16/Y
 clkload17/Y
 clkload18/Y
 clkload19/Y
 clkload2/Y
 clkload20/Y
 clkload21/Y
 clkload22/Y
 clkload23/Y
 clkload24/Y
 clkload25/Y
 clkload26/Y
 clkload27/Y
 clkload28/Y
 clkload29/Y
 clkload3/Y
 clkload30/Y
 clkload31/Y
 clkload32/Y
 clkload33/Y
 clkload34/Y
 clkload35/Y
 clkload36/Y
 clkload37/Y
 clkload38/Y
 clkload39/Y
 clkload4/Y
 clkload40/Y
 clkload41/Y
 clkload42/X
 clkload43/Y
 clkload44/Y
 clkload45/Y
 clkload46/Y
 clkload47/Y
 clkload48/X
 clkload49/Y
 clkload5/Y
 clkload50/Y
 clkload51/Y
 clkload52/X
 clkload53/X
 clkload54/Y
 clkload55/Y
 clkload56/X
 clkload57/Y
 clkload58/Y
 clkload59/X
 clkload6/Y
 clkload60/Y
 clkload61/Y
 clkload62/Y
 clkload7/Y
 clkload8/Y
 clkload9/Y
 openframe_project_wrapper_1442/HI
 openframe_project_wrapper_1443/HI
 openframe_project_wrapper_1444/HI
 openframe_project_wrapper_1445/HI
 openframe_project_wrapper_1446/HI
 openframe_project_wrapper_1447/HI
 openframe_project_wrapper_1448/HI
 openframe_project_wrapper_1449/HI
 openframe_project_wrapper_1450/HI
 openframe_project_wrapper_1451/HI
 openframe_project_wrapper_1452/HI
 openframe_project_wrapper_1453/HI
 openframe_project_wrapper_1455/LO
Found 0 partially unannotated drivers.

===========================================================================
max slew violation count 209
max fanout violation count 166
max cap violation count 15
============================================================================

===========================================================================
check_setup -verbose -unconstrained_endpoints -multiple_clock -no_clock -no_input_delay -loops -generated_clocks
===========================================================================
Warning: There are 300 input ports missing set_input_delay.
  analog_io[0]
  analog_io[10]
  analog_io[11]
  analog_io[12]
  analog_io[13]
  analog_io[14]
  analog_io[15]
  analog_io[16]
  analog_io[17]
  analog_io[18]
  analog_io[19]
  analog_io[1]
  analog_io[20]
  analog_io[21]
  analog_io[22]
  analog_io[23]
  analog_io[24]
  analog_io[25]
  analog_io[26]
  analog_io[27]
  analog_io[28]
  analog_io[29]
  analog_io[2]
  analog_io[30]
  analog_io[31]
  analog_io[32]
  analog_io[33]
  analog_io[34]
  analog_io[35]
  analog_io[36]
  analog_io[37]
  analog_io[38]
  analog_io[39]
  analog_io[3]
  analog_io[40]
  analog_io[41]
  analog_io[42]
  analog_io[43]
  analog_io[4]
  analog_io[5]
  analog_io[6]
  analog_io[7]
  analog_io[8]
  analog_io[9]
  analog_noesd_io[0]
  analog_noesd_io[10]
  analog_noesd_io[11]
  analog_noesd_io[12]
  analog_noesd_io[13]
  analog_noesd_io[14]
  analog_noesd_io[15]
  analog_noesd_io[16]
  analog_noesd_io[17]
  analog_noesd_io[18]
  analog_noesd_io[19]
  analog_noesd_io[1]
  analog_noesd_io[20]
  analog_noesd_io[21]
  analog_noesd_io[22]
  analog_noesd_io[23]
  analog_noesd_io[24]
  analog_noesd_io[25]
  analog_noesd_io[26]
  analog_noesd_io[27]
  analog_noesd_io[28]
  analog_noesd_io[29]
  analog_noesd_io[2]
  analog_noesd_io[30]
  analog_noesd_io[31]
  analog_noesd_io[32]
  analog_noesd_io[33]
  analog_noesd_io[34]
  analog_noesd_io[35]
  analog_noesd_io[36]
  analog_noesd_io[37]
  analog_noesd_io[38]
  analog_noesd_io[39]
  analog_noesd_io[3]
  analog_noesd_io[40]
  analog_noesd_io[41]
  analog_noesd_io[42]
  analog_noesd_io[43]
  analog_noesd_io[4]
  analog_noesd_io[5]
  analog_noesd_io[6]
  analog_noesd_io[7]
  analog_noesd_io[8]
  analog_noesd_io[9]
  gpio_in[0]
  gpio_in[10]
  gpio_in[11]
  gpio_in[12]
  gpio_in[13]
  gpio_in[14]
  gpio_in[15]
  gpio_in[16]
  gpio_in[17]
  gpio_in[18]
  gpio_in[19]
  gpio_in[1]
  gpio_in[20]
  gpio_in[21]
  gpio_in[22]
  gpio_in[23]
  gpio_in[24]
  gpio_in[25]
  gpio_in[26]
  gpio_in[27]
  gpio_in[28]
  gpio_in[29]
  gpio_in[2]
  gpio_in[30]
  gpio_in[31]
  gpio_in[32]
  gpio_in[33]
  gpio_in[34]
  gpio_in[35]
  gpio_in[36]
  gpio_in[37]
  gpio_in[39]
  gpio_in[3]
  gpio_in[40]
  gpio_in[41]
  gpio_in[42]
  gpio_in[43]
  gpio_in[4]
  gpio_in[5]
  gpio_in[6]
  gpio_in[7]
  gpio_in[8]
  gpio_in[9]
  gpio_in_h[0]
  gpio_in_h[10]
  gpio_in_h[11]
  gpio_in_h[12]
  gpio_in_h[13]
  gpio_in_h[14]
  gpio_in_h[15]
  gpio_in_h[16]
  gpio_in_h[17]
  gpio_in_h[18]
  gpio_in_h[19]
  gpio_in_h[1]
  gpio_in_h[20]
  gpio_in_h[21]
  gpio_in_h[22]
  gpio_in_h[23]
  gpio_in_h[24]
  gpio_in_h[25]
  gpio_in_h[26]
  gpio_in_h[27]
  gpio_in_h[28]
  gpio_in_h[29]
  gpio_in_h[2]
  gpio_in_h[30]
  gpio_in_h[31]
  gpio_in_h[32]
  gpio_in_h[33]
  gpio_in_h[34]
  gpio_in_h[35]
  gpio_in_h[36]
  gpio_in_h[37]
  gpio_in_h[38]
  gpio_in_h[39]
  gpio_in_h[3]
  gpio_in_h[40]
  gpio_in_h[41]
  gpio_in_h[42]
  gpio_in_h[43]
  gpio_in_h[4]
  gpio_in_h[5]
  gpio_in_h[6]
  gpio_in_h[7]
  gpio_in_h[8]
  gpio_in_h[9]
  gpio_loopback_one[0]
  gpio_loopback_one[10]
  gpio_loopback_one[11]
  gpio_loopback_one[12]
  gpio_loopback_one[13]
  gpio_loopback_one[14]
  gpio_loopback_one[15]
  gpio_loopback_one[16]
  gpio_loopback_one[17]
  gpio_loopback_one[18]
  gpio_loopback_one[19]
  gpio_loopback_one[1]
  gpio_loopback_one[20]
  gpio_loopback_one[21]
  gpio_loopback_one[22]
  gpio_loopback_one[23]
  gpio_loopback_one[24]
  gpio_loopback_one[25]
  gpio_loopback_one[26]
  gpio_loopback_one[27]
  gpio_loopback_one[28]
  gpio_loopback_one[29]
  gpio_loopback_one[2]
  gpio_loopback_one[30]
  gpio_loopback_one[31]
  gpio_loopback_one[32]
  gpio_loopback_one[33]
  gpio_loopback_one[34]
  gpio_loopback_one[35]
  gpio_loopback_one[36]
  gpio_loopback_one[37]
  gpio_loopback_one[38]
  gpio_loopback_one[39]
  gpio_loopback_one[3]
  gpio_loopback_one[40]
  gpio_loopback_one[41]
  gpio_loopback_one[42]
  gpio_loopback_one[43]
  gpio_loopback_one[4]
  gpio_loopback_one[5]
  gpio_loopback_one[6]
  gpio_loopback_one[7]
  gpio_loopback_one[8]
  gpio_loopback_one[9]
  gpio_loopback_zero[0]
  gpio_loopback_zero[10]
  gpio_loopback_zero[11]
  gpio_loopback_zero[12]
  gpio_loopback_zero[13]
  gpio_loopback_zero[14]
  gpio_loopback_zero[15]
  gpio_loopback_zero[16]
  gpio_loopback_zero[17]
  gpio_loopback_zero[18]
  gpio_loopback_zero[19]
  gpio_loopback_zero[1]
  gpio_loopback_zero[20]
  gpio_loopback_zero[21]
  gpio_loopback_zero[22]
  gpio_loopback_zero[23]
  gpio_loopback_zero[24]
  gpio_loopback_zero[25]
  gpio_loopback_zero[26]
  gpio_loopback_zero[27]
  gpio_loopback_zero[28]
  gpio_loopback_zero[29]
  gpio_loopback_zero[2]
  gpio_loopback_zero[30]
  gpio_loopback_zero[31]
  gpio_loopback_zero[32]
  gpio_loopback_zero[33]
  gpio_loopback_zero[34]
  gpio_loopback_zero[35]
  gpio_loopback_zero[36]
  gpio_loopback_zero[37]
  gpio_loopback_zero[38]
  gpio_loopback_zero[39]
  gpio_loopback_zero[3]
  gpio_loopback_zero[40]
  gpio_loopback_zero[41]
  gpio_loopback_zero[42]
  gpio_loopback_zero[43]
  gpio_loopback_zero[4]
  gpio_loopback_zero[5]
  gpio_loopback_zero[6]
  gpio_loopback_zero[7]
  gpio_loopback_zero[8]
  gpio_loopback_zero[9]
  mask_rev[0]
  mask_rev[10]
  mask_rev[11]
  mask_rev[12]
  mask_rev[13]
  mask_rev[14]
  mask_rev[15]
  mask_rev[16]
  mask_rev[17]
  mask_rev[18]
  mask_rev[19]
  mask_rev[1]
  mask_rev[20]
  mask_rev[21]
  mask_rev[22]
  mask_rev[23]
  mask_rev[24]
  mask_rev[25]
  mask_rev[26]
  mask_rev[27]
  mask_rev[28]
  mask_rev[29]
  mask_rev[2]
  mask_rev[30]
  mask_rev[31]
  mask_rev[3]
  mask_rev[4]
  mask_rev[5]
  mask_rev[6]
  mask_rev[7]
  mask_rev[8]
  mask_rev[9]
  por_l
  porb_h
  porb_l
  resetb_h
  resetb_l
Warning: There are 51 unclocked register/latch pins.
  _3207_/CLK
  _3208_/CLK
  _3209_/CLK
  _3210_/CLK
  _3211_/CLK
  _3212_/CLK
  _3213_/CLK
  _4025_/CLK
  _4026_/CLK
  _4027_/CLK
  _4028_/CLK
  _4029_/CLK
  _4030_/CLK
  _4031_/CLK
  _4032_/CLK
  _4033_/CLK
  _4034_/CLK
  _4035_/CLK
  _4036_/CLK
  _4037_/CLK
  _4038_/CLK
  _4039_/CLK
  _4040_/CLK
  _4041_/CLK
  _4042_/CLK
  _4043_/CLK
  _4044_/CLK
  _4045_/CLK
  _4046_/CLK
  _4047_/CLK
  _4048_/CLK
  _4049_/CLK
  _4050_/CLK
  _4051_/CLK
  _4052_/CLK
  _4053_/CLK
  _4054_/CLK
  _4055_/CLK
  _4056_/CLK
  _4057_/CLK
  _4058_/CLK
  _4059_/CLK
  _4060_/CLK
  _4061_/CLK
  _4062_/CLK
  _4063_/CLK
  _4064_/CLK
  _4065_/CLK
  _4066_/CLK
  _4067_/CLK
  _4068_/CLK
Warning: There are 717 unconstrained endpoints.
  analog_io[0]
  analog_io[10]
  analog_io[11]
  analog_io[12]
  analog_io[13]
  analog_io[14]
  analog_io[15]
  analog_io[16]
  analog_io[17]
  analog_io[18]
  analog_io[19]
  analog_io[1]
  analog_io[20]
  analog_io[21]
  analog_io[22]
  analog_io[23]
  analog_io[24]
  analog_io[25]
  analog_io[26]
  analog_io[27]
  analog_io[28]
  analog_io[29]
  analog_io[2]
  analog_io[30]
  analog_io[31]
  analog_io[32]
  analog_io[33]
  analog_io[34]
  analog_io[35]
  analog_io[36]
  analog_io[37]
  analog_io[38]
  analog_io[39]
  analog_io[3]
  analog_io[40]
  analog_io[41]
  analog_io[42]
  analog_io[43]
  analog_io[4]
  analog_io[5]
  analog_io[6]
  analog_io[7]
  analog_io[8]
  analog_io[9]
  analog_noesd_io[0]
  analog_noesd_io[10]
  analog_noesd_io[11]
  analog_noesd_io[12]
  analog_noesd_io[13]
  analog_noesd_io[14]
  analog_noesd_io[15]
  analog_noesd_io[16]
  analog_noesd_io[17]
  analog_noesd_io[18]
  analog_noesd_io[19]
  analog_noesd_io[1]
  analog_noesd_io[20]
  analog_noesd_io[21]
  analog_noesd_io[22]
  analog_noesd_io[23]
  analog_noesd_io[24]
  analog_noesd_io[25]
  analog_noesd_io[26]
  analog_noesd_io[27]
  analog_noesd_io[28]
  analog_noesd_io[29]
  analog_noesd_io[2]
  analog_noesd_io[30]
  analog_noesd_io[31]
  analog_noesd_io[32]
  analog_noesd_io[33]
  analog_noesd_io[34]
  analog_noesd_io[35]
  analog_noesd_io[36]
  analog_noesd_io[37]
  analog_noesd_io[38]
  analog_noesd_io[39]
  analog_noesd_io[3]
  analog_noesd_io[40]
  analog_noesd_io[41]
  analog_noesd_io[42]
  analog_noesd_io[43]
  analog_noesd_io[4]
  analog_noesd_io[5]
  analog_noesd_io[6]
  analog_noesd_io[7]
  analog_noesd_io[8]
  analog_noesd_io[9]
  gpio_analog_en[0]
  gpio_analog_en[10]
  gpio_analog_en[11]
  gpio_analog_en[12]
  gpio_analog_en[13]
  gpio_analog_en[14]
  gpio_analog_en[15]
  gpio_analog_en[16]
  gpio_analog_en[17]
  gpio_analog_en[18]
  gpio_analog_en[19]
  gpio_analog_en[1]
  gpio_analog_en[20]
  gpio_analog_en[21]
  gpio_analog_en[22]
  gpio_analog_en[23]
  gpio_analog_en[24]
  gpio_analog_en[25]
  gpio_analog_en[26]
  gpio_analog_en[27]
  gpio_analog_en[28]
  gpio_analog_en[29]
  gpio_analog_en[2]
  gpio_analog_en[30]
  gpio_analog_en[31]
  gpio_analog_en[32]
  gpio_analog_en[33]
  gpio_analog_en[34]
  gpio_analog_en[35]
  gpio_analog_en[36]
  gpio_analog_en[37]
  gpio_analog_en[38]
  gpio_analog_en[39]
  gpio_analog_en[3]
  gpio_analog_en[40]
  gpio_analog_en[41]
  gpio_analog_en[42]
  gpio_analog_en[43]
  gpio_analog_en[4]
  gpio_analog_en[5]
  gpio_analog_en[6]
  gpio_analog_en[7]
  gpio_analog_en[8]
  gpio_analog_en[9]
  gpio_analog_pol[0]
  gpio_analog_pol[10]
  gpio_analog_pol[11]
  gpio_analog_pol[12]
  gpio_analog_pol[13]
  gpio_analog_pol[14]
  gpio_analog_pol[15]
  gpio_analog_pol[16]
  gpio_analog_pol[17]
  gpio_analog_pol[18]
  gpio_analog_pol[19]
  gpio_analog_pol[1]
  gpio_analog_pol[20]
  gpio_analog_pol[21]
  gpio_analog_pol[22]
  gpio_analog_pol[23]
  gpio_analog_pol[24]
  gpio_analog_pol[25]
  gpio_analog_pol[26]
  gpio_analog_pol[27]
  gpio_analog_pol[28]
  gpio_analog_pol[29]
  gpio_analog_pol[2]
  gpio_analog_pol[30]
  gpio_analog_pol[31]
  gpio_analog_pol[32]
  gpio_analog_pol[33]
  gpio_analog_pol[34]
  gpio_analog_pol[35]
  gpio_analog_pol[36]
  gpio_analog_pol[37]
  gpio_analog_pol[38]
  gpio_analog_pol[39]
  gpio_analog_pol[3]
  gpio_analog_pol[40]
  gpio_analog_pol[41]
  gpio_analog_pol[42]
  gpio_analog_pol[43]
  gpio_analog_pol[4]
  gpio_analog_pol[5]
  gpio_analog_pol[6]
  gpio_analog_pol[7]
  gpio_analog_pol[8]
  gpio_analog_pol[9]
  gpio_analog_sel[0]
  gpio_analog_sel[10]
  gpio_analog_sel[11]
  gpio_analog_sel[12]
  gpio_analog_sel[13]
  gpio_analog_sel[14]
  gpio_analog_sel[15]
  gpio_analog_sel[16]
  gpio_analog_sel[17]
  gpio_analog_sel[18]
  gpio_analog_sel[19]
  gpio_analog_sel[1]
  gpio_analog_sel[20]
  gpio_analog_sel[21]
  gpio_analog_sel[22]
  gpio_analog_sel[23]
  gpio_analog_sel[24]
  gpio_analog_sel[25]
  gpio_analog_sel[26]
  gpio_analog_sel[27]
  gpio_analog_sel[28]
  gpio_analog_sel[29]
  gpio_analog_sel[2]
  gpio_analog_sel[30]
  gpio_analog_sel[31]
  gpio_analog_sel[32]
  gpio_analog_sel[33]
  gpio_analog_sel[34]
  gpio_analog_sel[35]
  gpio_analog_sel[36]
  gpio_analog_sel[37]
  gpio_analog_sel[38]
  gpio_analog_sel[39]
  gpio_analog_sel[3]
  gpio_analog_sel[40]
  gpio_analog_sel[41]
  gpio_analog_sel[42]
  gpio_analog_sel[43]
  gpio_analog_sel[4]
  gpio_analog_sel[5]
  gpio_analog_sel[6]
  gpio_analog_sel[7]
  gpio_analog_sel[8]
  gpio_analog_sel[9]
  gpio_dm0[0]
  gpio_dm0[10]
  gpio_dm0[11]
  gpio_dm0[12]
  gpio_dm0[13]
  gpio_dm0[14]
  gpio_dm0[15]
  gpio_dm0[16]
  gpio_dm0[17]
  gpio_dm0[18]
  gpio_dm0[19]
  gpio_dm0[1]
  gpio_dm0[20]
  gpio_dm0[21]
  gpio_dm0[22]
  gpio_dm0[23]
  gpio_dm0[24]
  gpio_dm0[25]
  gpio_dm0[26]
  gpio_dm0[27]
  gpio_dm0[28]
  gpio_dm0[29]
  gpio_dm0[2]
  gpio_dm0[30]
  gpio_dm0[31]
  gpio_dm0[32]
  gpio_dm0[33]
  gpio_dm0[34]
  gpio_dm0[35]
  gpio_dm0[36]
  gpio_dm0[37]
  gpio_dm0[38]
  gpio_dm0[39]
  gpio_dm0[3]
  gpio_dm0[40]
  gpio_dm0[41]
  gpio_dm0[42]
  gpio_dm0[43]
  gpio_dm0[4]
  gpio_dm0[5]
  gpio_dm0[6]
  gpio_dm0[7]
  gpio_dm0[8]
  gpio_dm0[9]
  gpio_dm1[0]
  gpio_dm1[10]
  gpio_dm1[11]
  gpio_dm1[12]
  gpio_dm1[13]
  gpio_dm1[14]
  gpio_dm1[15]
  gpio_dm1[16]
  gpio_dm1[17]
  gpio_dm1[18]
  gpio_dm1[19]
  gpio_dm1[1]
  gpio_dm1[20]
  gpio_dm1[21]
  gpio_dm1[22]
  gpio_dm1[23]
  gpio_dm1[24]
  gpio_dm1[25]
  gpio_dm1[26]
  gpio_dm1[27]
  gpio_dm1[28]
  gpio_dm1[29]
  gpio_dm1[2]
  gpio_dm1[30]
  gpio_dm1[31]
  gpio_dm1[32]
  gpio_dm1[33]
  gpio_dm1[34]
  gpio_dm1[35]
  gpio_dm1[36]
  gpio_dm1[37]
  gpio_dm1[38]
  gpio_dm1[39]
  gpio_dm1[3]
  gpio_dm1[40]
  gpio_dm1[41]
  gpio_dm1[42]
  gpio_dm1[43]
  gpio_dm1[4]
  gpio_dm1[5]
  gpio_dm1[6]
  gpio_dm1[7]
  gpio_dm1[8]
  gpio_dm1[9]
  gpio_dm2[0]
  gpio_dm2[10]
  gpio_dm2[11]
  gpio_dm2[12]
  gpio_dm2[13]
  gpio_dm2[14]
  gpio_dm2[15]
  gpio_dm2[16]
  gpio_dm2[17]
  gpio_dm2[18]
  gpio_dm2[19]
  gpio_dm2[1]
  gpio_dm2[20]
  gpio_dm2[21]
  gpio_dm2[22]
  gpio_dm2[23]
  gpio_dm2[24]
  gpio_dm2[25]
  gpio_dm2[26]
  gpio_dm2[27]
  gpio_dm2[28]
  gpio_dm2[29]
  gpio_dm2[2]
  gpio_dm2[30]
  gpio_dm2[31]
  gpio_dm2[32]
  gpio_dm2[33]
  gpio_dm2[34]
  gpio_dm2[35]
  gpio_dm2[36]
  gpio_dm2[37]
  gpio_dm2[38]
  gpio_dm2[39]
  gpio_dm2[3]
  gpio_dm2[40]
  gpio_dm2[41]
  gpio_dm2[42]
  gpio_dm2[43]
  gpio_dm2[4]
  gpio_dm2[5]
  gpio_dm2[6]
  gpio_dm2[7]
  gpio_dm2[8]
  gpio_dm2[9]
  gpio_holdover[0]
  gpio_holdover[10]
  gpio_holdover[11]
  gpio_holdover[12]
  gpio_holdover[13]
  gpio_holdover[14]
  gpio_holdover[15]
  gpio_holdover[16]
  gpio_holdover[17]
  gpio_holdover[18]
  gpio_holdover[19]
  gpio_holdover[1]
  gpio_holdover[20]
  gpio_holdover[21]
  gpio_holdover[22]
  gpio_holdover[23]
  gpio_holdover[24]
  gpio_holdover[25]
  gpio_holdover[26]
  gpio_holdover[27]
  gpio_holdover[28]
  gpio_holdover[29]
  gpio_holdover[2]
  gpio_holdover[30]
  gpio_holdover[31]
  gpio_holdover[32]
  gpio_holdover[33]
  gpio_holdover[34]
  gpio_holdover[35]
  gpio_holdover[36]
  gpio_holdover[37]
  gpio_holdover[38]
  gpio_holdover[39]
  gpio_holdover[3]
  gpio_holdover[40]
  gpio_holdover[41]
  gpio_holdover[42]
  gpio_holdover[43]
  gpio_holdover[4]
  gpio_holdover[5]
  gpio_holdover[6]
  gpio_holdover[7]
  gpio_holdover[8]
  gpio_holdover[9]
  gpio_ib_mode_sel[0]
  gpio_ib_mode_sel[10]
  gpio_ib_mode_sel[11]
  gpio_ib_mode_sel[12]
  gpio_ib_mode_sel[13]
  gpio_ib_mode_sel[14]
  gpio_ib_mode_sel[15]
  gpio_ib_mode_sel[16]
  gpio_ib_mode_sel[17]
  gpio_ib_mode_sel[18]
  gpio_ib_mode_sel[19]
  gpio_ib_mode_sel[1]
  gpio_ib_mode_sel[20]
  gpio_ib_mode_sel[21]
  gpio_ib_mode_sel[22]
  gpio_ib_mode_sel[23]
  gpio_ib_mode_sel[24]
  gpio_ib_mode_sel[25]
  gpio_ib_mode_sel[26]
  gpio_ib_mode_sel[27]
  gpio_ib_mode_sel[28]
  gpio_ib_mode_sel[29]
  gpio_ib_mode_sel[2]
  gpio_ib_mode_sel[30]
  gpio_ib_mode_sel[31]
  gpio_ib_mode_sel[32]
  gpio_ib_mode_sel[33]
  gpio_ib_mode_sel[34]
  gpio_ib_mode_sel[35]
  gpio_ib_mode_sel[36]
  gpio_ib_mode_sel[37]
  gpio_ib_mode_sel[38]
  gpio_ib_mode_sel[39]
  gpio_ib_mode_sel[3]
  gpio_ib_mode_sel[40]
  gpio_ib_mode_sel[41]
  gpio_ib_mode_sel[42]
  gpio_ib_mode_sel[43]
  gpio_ib_mode_sel[4]
  gpio_ib_mode_sel[5]
  gpio_ib_mode_sel[6]
  gpio_ib_mode_sel[7]
  gpio_ib_mode_sel[8]
  gpio_ib_mode_sel[9]
  gpio_inp_dis[0]
  gpio_inp_dis[10]
  gpio_inp_dis[11]
  gpio_inp_dis[12]
  gpio_inp_dis[13]
  gpio_inp_dis[14]
  gpio_inp_dis[15]
  gpio_inp_dis[16]
  gpio_inp_dis[17]
  gpio_inp_dis[18]
  gpio_inp_dis[19]
  gpio_inp_dis[1]
  gpio_inp_dis[20]
  gpio_inp_dis[21]
  gpio_inp_dis[22]
  gpio_inp_dis[23]
  gpio_inp_dis[24]
  gpio_inp_dis[25]
  gpio_inp_dis[26]
  gpio_inp_dis[27]
  gpio_inp_dis[28]
  gpio_inp_dis[29]
  gpio_inp_dis[2]
  gpio_inp_dis[30]
  gpio_inp_dis[31]
  gpio_inp_dis[32]
  gpio_inp_dis[33]
  gpio_inp_dis[34]
  gpio_inp_dis[35]
  gpio_inp_dis[36]
  gpio_inp_dis[37]
  gpio_inp_dis[38]
  gpio_inp_dis[39]
  gpio_inp_dis[3]
  gpio_inp_dis[40]
  gpio_inp_dis[41]
  gpio_inp_dis[42]
  gpio_inp_dis[43]
  gpio_inp_dis[4]
  gpio_inp_dis[5]
  gpio_inp_dis[6]
  gpio_inp_dis[7]
  gpio_inp_dis[8]
  gpio_inp_dis[9]
  gpio_oeb[0]
  gpio_oeb[10]
  gpio_oeb[11]
  gpio_oeb[12]
  gpio_oeb[13]
  gpio_oeb[14]
  gpio_oeb[15]
  gpio_oeb[16]
  gpio_oeb[17]
  gpio_oeb[18]
  gpio_oeb[19]
  gpio_oeb[1]
  gpio_oeb[20]
  gpio_oeb[21]
  gpio_oeb[22]
  gpio_oeb[23]
  gpio_oeb[24]
  gpio_oeb[25]
  gpio_oeb[26]
  gpio_oeb[27]
  gpio_oeb[28]
  gpio_oeb[29]
  gpio_oeb[2]
  gpio_oeb[30]
  gpio_oeb[31]
  gpio_oeb[32]
  gpio_oeb[33]
  gpio_oeb[34]
  gpio_oeb[35]
  gpio_oeb[36]
  gpio_oeb[37]
  gpio_oeb[38]
  gpio_oeb[39]
  gpio_oeb[3]
  gpio_oeb[40]
  gpio_oeb[41]
  gpio_oeb[42]
  gpio_oeb[43]
  gpio_oeb[4]
  gpio_oeb[5]
  gpio_oeb[6]
  gpio_oeb[7]
  gpio_oeb[8]
  gpio_oeb[9]
  gpio_out[0]
  gpio_out[10]
  gpio_out[11]
  gpio_out[12]
  gpio_out[13]
  gpio_out[14]
  gpio_out[15]
  gpio_out[16]
  gpio_out[17]
  gpio_out[18]
  gpio_out[19]
  gpio_out[1]
  gpio_out[20]
  gpio_out[21]
  gpio_out[22]
  gpio_out[23]
  gpio_out[24]
  gpio_out[25]
  gpio_out[26]
  gpio_out[27]
  gpio_out[28]
  gpio_out[29]
  gpio_out[2]
  gpio_out[30]
  gpio_out[31]
  gpio_out[32]
  gpio_out[33]
  gpio_out[34]
  gpio_out[35]
  gpio_out[36]
  gpio_out[37]
  gpio_out[38]
  gpio_out[39]
  gpio_out[3]
  gpio_out[40]
  gpio_out[41]
  gpio_out[42]
  gpio_out[43]
  gpio_out[4]
  gpio_out[5]
  gpio_out[6]
  gpio_out[7]
  gpio_out[8]
  gpio_out[9]
  gpio_slow_sel[0]
  gpio_slow_sel[10]
  gpio_slow_sel[11]
  gpio_slow_sel[12]
  gpio_slow_sel[13]
  gpio_slow_sel[14]
  gpio_slow_sel[15]
  gpio_slow_sel[16]
  gpio_slow_sel[17]
  gpio_slow_sel[18]
  gpio_slow_sel[19]
  gpio_slow_sel[1]
  gpio_slow_sel[20]
  gpio_slow_sel[21]
  gpio_slow_sel[22]
  gpio_slow_sel[23]
  gpio_slow_sel[24]
  gpio_slow_sel[25]
  gpio_slow_sel[26]
  gpio_slow_sel[27]
  gpio_slow_sel[28]
  gpio_slow_sel[29]
  gpio_slow_sel[2]
  gpio_slow_sel[30]
  gpio_slow_sel[31]
  gpio_slow_sel[32]
  gpio_slow_sel[33]
  gpio_slow_sel[34]
  gpio_slow_sel[35]
  gpio_slow_sel[36]
  gpio_slow_sel[37]
  gpio_slow_sel[38]
  gpio_slow_sel[39]
  gpio_slow_sel[3]
  gpio_slow_sel[40]
  gpio_slow_sel[41]
  gpio_slow_sel[42]
  gpio_slow_sel[43]
  gpio_slow_sel[4]
  gpio_slow_sel[5]
  gpio_slow_sel[6]
  gpio_slow_sel[7]
  gpio_slow_sel[8]
  gpio_slow_sel[9]
  gpio_vtrip_sel[0]
  gpio_vtrip_sel[10]
  gpio_vtrip_sel[11]
  gpio_vtrip_sel[12]
  gpio_vtrip_sel[13]
  gpio_vtrip_sel[14]
  gpio_vtrip_sel[15]
  gpio_vtrip_sel[16]
  gpio_vtrip_sel[17]
  gpio_vtrip_sel[18]
  gpio_vtrip_sel[19]
  gpio_vtrip_sel[1]
  gpio_vtrip_sel[20]
  gpio_vtrip_sel[21]
  gpio_vtrip_sel[22]
  gpio_vtrip_sel[23]
  gpio_vtrip_sel[24]
  gpio_vtrip_sel[25]
  gpio_vtrip_sel[26]
  gpio_vtrip_sel[27]
  gpio_vtrip_sel[28]
  gpio_vtrip_sel[29]
  gpio_vtrip_sel[2]
  gpio_vtrip_sel[30]
  gpio_vtrip_sel[31]
  gpio_vtrip_sel[32]
  gpio_vtrip_sel[33]
  gpio_vtrip_sel[34]
  gpio_vtrip_sel[35]
  gpio_vtrip_sel[36]
  gpio_vtrip_sel[37]
  gpio_vtrip_sel[38]
  gpio_vtrip_sel[39]
  gpio_vtrip_sel[3]
  gpio_vtrip_sel[40]
  gpio_vtrip_sel[41]
  gpio_vtrip_sel[42]
  gpio_vtrip_sel[43]
  gpio_vtrip_sel[4]
  gpio_vtrip_sel[5]
  gpio_vtrip_sel[6]
  gpio_vtrip_sel[7]
  gpio_vtrip_sel[8]
  gpio_vtrip_sel[9]
  _3207_/D
  _3208_/D
  _3209_/D
  _3210_/D
  _3211_/D
  _3212_/D
  _3213_/D
  _4013_/D
  _4014_/D
  _4015_/D
  _4019_/D
  _4021_/D
  _4022_/D
  _4025_/D
  _4026_/D
  _4027_/D
  _4028_/D
  _4029_/D
  _4030_/D
  _4031_/D
  _4032_/D
  _4033_/D
  _4034_/D
  _4035_/D
  _4036_/D
  _4037_/D
  _4038_/D
  _4039_/D
  _4040_/D
  _4041_/D
  _4042_/D
  _4043_/D
  _4044_/D
  _4045_/D
  _4046_/D
  _4047_/D
  _4048_/D
  _4049_/D
  _4050_/D
  _4051_/D
  _4052_/D
  _4053_/D
  _4054_/D
  _4055_/D
  _4056_/D
  _4057_/D
  _4058_/D
  _4059_/D
  _4060_/D
  _4061_/D
  _4062_/D
  _4063_/D
  _4064_/D
  _4065_/D
  _4066_/D
  _4067_/D
  _4068_/D
Warning: There is 1 combinational loop in the design.
  fanout1111/A
  fanout1111/X
  u_owire.u_ip.osc_i0/A
  u_owire.u_ip.osc_i0/Y
  u_owire.u_ip.osc_i1/A
  u_owire.u_ip.osc_i1/Y
  u_owire.u_ip.osc_i2/A
  u_owire.u_ip.osc_i2/Y
  fanout1116/A
  fanout1116/X
  fanout1115/A
  fanout1115/X
  | loop cut point
  fanout1111/A
  --------------------------------
