Clock: clk
Sources: gpio_in[38] 
Generated: no
Virtual: yes
Propagated: no
Period: 40.000000

===========================================================================
report_clock_properties
============================================================================
Clock                   Period          Waveform
----------------------------------------------------
clk                  40.000000    0.000000 20.000000

===========================================================================
report_clock_latency
============================================================================
Clock clk
rise -> rise
    min     max
0.000000 0.000000 source latency
2.755651         network latency _3849_/CLK
        4.333962 network latency _3639_/CLK
---------------
2.755651 4.333962 latency
        1.578311 skew

fall -> fall
    min     max
0.000000 0.000000 source latency
2.596032         network latency _3849_/CLK
        4.022626 network latency _3639_/CLK
---------------
2.596032 4.022626 latency
        1.426594 skew



===========================================================================
report_clock_min_period
============================================================================
clk period_min = 16.59 fmax = 60.29
