
===========================================================================
 report_power
============================================================================
======================= nom_ss_100C_1v60 Corner ===================================

Group                    Internal    Switching      Leakage        Total
                            Power        Power        Power        Power (Watts)
------------------------------------------------------------------------
Sequential           6.285521e-04 1.043683e-06 1.265264e-05 6.422484e-04  45.2%
Combinational        1.438128e-06 1.842835e-06 4.848806e-05 5.176902e-05   3.6%
Clock                2.214257e-04 5.036687e-04 1.620076e-06 7.267146e-04  51.2%
Macro                0.000000e+00 0.000000e+00 0.000000e+00 0.000000e+00   0.0%
Pad                  0.000000e+00 0.000000e+00 0.000000e+00 0.000000e+00   0.0%
------------------------------------------------------------------------
Total                8.514163e-04 5.065550e-04 6.276403e-05 1.420735e-03 100.0%
                            59.9%        35.7%         4.4%

