Clock: clk
Sources: gpio_in[38] 
Generated: no
Virtual: yes
Propagated: no
Period: 40.000000

===========================================================================
report_clock_properties
============================================================================
Clock                   Period          Waveform
----------------------------------------------------
clk                  40.000000    0.000000 20.000000

===========================================================================
report_clock_latency
============================================================================
Clock clk
rise -> rise
    min     max
0.000000 0.000000 source latency
2.888512         network latency _3916_/CLK
        4.656739 network latency _3639_/CLK
---------------
2.888512 4.656739 latency
        1.768227 skew

fall -> fall
    min     max
0.000000 0.000000 source latency
2.710738         network latency _3849_/CLK
        4.315123 network latency _3639_/CLK
---------------
2.710738 4.315123 latency
        1.604384 skew



===========================================================================
report_clock_min_period
============================================================================
clk period_min = 17.35 fmax = 57.64
